<html>
<body>
<pre>
<h1>礦ision Build Log</h1>
<h2>Tool Versions:</h2>
IDE-Version: μVision V5.22.0.0
Copyright (C) 2016 ARM Ltd and ARM Germany GmbH. All rights reserved.
License Information: snowman snowman, NCEPU, LIC=8VRAR-K9IZG-4SPY4-FSFTZ-SC4L2-9MJL5
 
Tool Versions:
Toolchain:       MDK-ARM Plus  Version: 5.22
Toolchain Path:  C:\Keil_v5\ARM\ARMCC\Bin
C Compiler:      Armcc.exe V5.06 update 4 (build 422)
Assembler:       Armasm.exe V5.06 update 4 (build 422)
Linker/Locator:  ArmLink.exe V5.06 update 4 (build 422)
Library Manager: ArmAr.exe V5.06 update 4 (build 422)
Hex Converter:   FromElf.exe V5.06 update 4 (build 422)
CPU DLL:         SARMCM3.DLL V5.22
Dialog DLL:      DCM.DLL V1.13.9.0
Target DLL:      CMSIS_AGDI.dll V1.27.0.0
Dialog DLL:      TCM.DLL V1.21.0.0
 
<h2>Project:</h2>
C:\Users\snowman\Desktop\观光车-野火开发板程序\Project\RVMDK(uv5)\WF-STM32F429.uvprojx
Project File Date:  07/26/2019

<h2>Output:</h2>
*** Using Compiler 'V5.06 update 4 (build 422)', folder: 'C:\Keil_v5\ARM\ARMCC\Bin'
Rebuild target 'STM32F429'
assembling startup_stm32f429_439xx.s...
compiling stm32f4xx_crc.c...
compiling system_stm32f4xx.c...
compiling stm32f4xx_cryp_tdes.c...
compiling misc.c...
compiling stm32f4xx_cryp.c...
compiling stm32f4xx_cec.c...
compiling stm32f4xx_cryp_des.c...
compiling stm32f4xx_adc.c...
compiling stm32f4xx_dac.c...
compiling stm32f4xx_can.c...
compiling stm32f4xx_cryp_aes.c...
compiling stm32f4xx_dbgmcu.c...
compiling stm32f4xx_fmpi2c.c...
compiling stm32f4xx_exti.c...
compiling stm32f4xx_dma.c...
compiling stm32f4xx_hash.c...
compiling stm32f4xx_gpio.c...
compiling stm32f4xx_dma2d.c...
compiling stm32f4xx_flash_ramfunc.c...
compiling stm32f4xx_fmc.c...
compiling stm32f4xx_dcmi.c...
compiling stm32f4xx_flash.c...
compiling stm32f4xx_qspi.c...
compiling stm32f4xx_sai.c...
compiling stm32f4xx_rng.c...
compiling stm32f4xx_ltdc.c...
compiling stm32f4xx_iwdg.c...
compiling stm32f4xx_hash_sha1.c...
compiling stm32f4xx_hash_md5.c...
compiling stm32f4xx_pwr.c...
compiling stm32f4xx_rcc.c...
compiling stm32f4xx_rtc.c...
compiling stm32f4xx_i2c.c...
compiling os_app_hooks.c...
compiling stm32f4xx_spdifrx.c...
compiling stm32f4xx_syscfg.c...
compiling stm32f4xx_wwdg.c...
compiling stm32f4xx_spi.c...
compiling stm32f4xx_usart.c...
compiling stm32f4xx_sdio.c...
compiling stm32f4xx_tim.c...
compiling bsp_led.c...
compiling cpu_core.c...
assembling cpu_a.asm...
compiling cpu_c.c...
compiling app.c...
compiling stm32f4xx_it.c...
compiling lib_math.c...
compiling lib_ascii.c...
assembling lib_mem_a.asm...
compiling lib_mem.c...
compiling bsp.c...
compiling lib_str.c...
compiling bsp_dac.c...
compiling bsp_PWM.c...
compiling os_cfg_app.c...
compiling AngularTransducer.c...
compiling bsp_adc.c...
compiling os_dbg.c...
compiling os_core.c...
compiling os_int.c...
compiling os_flag.c...
compiling os_msg.c...
compiling os_mem.c...
compiling os_pend_multi.c...
compiling os_prio.c...
compiling os_mutex.c...
compiling os_q.c...
compiling os_stat.c...
compiling os_sem.c...
compiling os_time.c...
compiling os_tick.c...
assembling os_cpu_a.asm...
compiling os_var.c...
compiling os_task.c...
compiling os_tmr.c...
compiling bsp_rs232_usart.c...
compiling os_cpu_c.c...
compiling bsp_speed.c...
compiling bsp_can.c...
linking...
Program Size: Code=24848 RO-data=972 RW-data=308 ZI-data=20244  
FromELF: creating hex file...
".\Output\WF-STM32F429.axf" - 0 Error(s), 0 Warning(s).

<h2>Software Packages used:</h2>

Package Vendor: ARM
                http://www.keil.com/pack/ARM.CMSIS.5.0.0.pack
                ARM::CMSIS:CORE:5.0.0
                CMSIS (Cortex Microcontroller Software Interface Standard)
   * Component: CORE Version: 5.0.0

<h2>Collection of Component include folders:</h2>
  C:\Users\snowman\Desktop\观光车-野火开发板程序\Project\RVMDK(uv5)\RTE\_STM32F429
  C:\Keil_v5\ARM\PACK\ARM\CMSIS\5.0.0\CMSIS\Include
  C:\Keil_v5\ARM\PACK\Keil\STM32F4xx_DFP\2.5.0\Drivers\CMSIS\Device\ST\STM32F4xx\Include

<h2>Collection of Component Files used:</h2>

   * Component: ARM::CMSIS:CORE:5.0.0
Build Time Elapsed:  00:00:11
</pre>
</body>
</html>
