<html>
<body>
<pre>
<h1>礦ision Build Log</h1>
<h2>Tool Versions:</h2>
IDE-Version: μVision V5.22.0.0
Copyright (C) 2016 ARM Ltd and ARM Germany GmbH. All rights reserved.
License Information: B A, C, LIC=UJWSB-2LFQI-UHS8H-WC5XG-GU9XA-MW4DF
 
Tool Versions:
Toolchain:       MDK-ARM Plus  Version: 5.22
Toolchain Path:  C:\Keil_v5\ARM\ARMCC\Bin
C Compiler:      Armcc.exe V5.06 update 4 (build 422)
Assembler:       Armasm.exe V5.06 update 4 (build 422)
Linker/Locator:  ArmLink.exe V5.06 update 4 (build 422)
Library Manager: ArmAr.exe V5.06 update 4 (build 422)
Hex Converter:   FromElf.exe V5.06 update 4 (build 422)
CPU DLL:         SARMCM3.DLL V5.22
Dialog DLL:      DCM.DLL V1.13.9.0
Target DLL:      CMSIS_AGDI.dll V1.27.0.0
Dialog DLL:      TCM.DLL V1.21.0.0
 
<h2>Project:</h2>
D:\MY DOCUMENT\项目资料\20190702重汽项目\郭栋写的开发板程序，can转串口\测试代码\Project\RVMDK(uv5)\WF-STM32F429.uvprojx
Project File Date:  07/02/2019

<h2>Output:</h2>
*** Using Compiler 'V5.06 update 4 (build 422)', folder: 'C:\Keil_v5\ARM\ARMCC\Bin'
Rebuild target 'STM32F429'
assembling startup_stm32f429_439xx.s...
compiling system_stm32f4xx.c...
compiling stm32f4xx_crc.c...
compiling stm32f4xx_cec.c...
compiling misc.c...
compiling stm32f4xx_adc.c...
compiling stm32f4xx_can.c...
compiling stm32f4xx_cryp.c...
compiling stm32f4xx_cryp_des.c...
compiling stm32f4xx_dbgmcu.c...
compiling stm32f4xx_dcmi.c...
compiling stm32f4xx_cryp_tdes.c...
compiling stm32f4xx_dac.c...
compiling stm32f4xx_dma.c...
compiling stm32f4xx_cryp_aes.c...
compiling stm32f4xx_flash_ramfunc.c...
compiling stm32f4xx_fmpi2c.c...
compiling stm32f4xx_dma2d.c...
compiling stm32f4xx_flash.c...
compiling stm32f4xx_gpio.c...
compiling stm32f4xx_exti.c...
compiling stm32f4xx_fmc.c...
compiling stm32f4xx_iwdg.c...
compiling stm32f4xx_hash_sha1.c...
compiling stm32f4xx_pwr.c...
compiling stm32f4xx_hash_md5.c...
compiling stm32f4xx_hash.c...
compiling stm32f4xx_ltdc.c...
compiling stm32f4xx_i2c.c...
compiling stm32f4xx_qspi.c...
compiling stm32f4xx_rng.c...
compiling stm32f4xx_spdifrx.c...
compiling stm32f4xx_sai.c...
compiling stm32f4xx_sdio.c...
compiling stm32f4xx_rcc.c...
compiling stm32f4xx_rtc.c...
compiling stm32f4xx_wwdg.c...
compiling stm32f4xx_syscfg.c...
compiling stm32f4xx_spi.c...
compiling stm32f4xx_it.c...
compiling stm32f4xx_usart.c...
compiling stm32f4xx_tim.c...
compiling os_app_hooks.c...
compiling app.c...
..\..\User\BSP\key\bsp_key.h(6): warning:  #1-D: last line of file ends without a newline
  #endif //__BSP_KEY_H__
..\..\User\APP\app.c(381): warning:  #177-D: variable "num"  was declared but never referenced
  		uint8_t num;
..\..\User\APP\app.c(497): warning:  #550-D: variable "a"  was set but never used
  			CPU_INT08U a[3];
..\..\User\APP\app.c(498): warning:  #177-D: variable "b"  was declared but never referenced
  			CPU_INT08S b[3];
..\..\User\APP\app.c(499): warning:  #177-D: variable "c"  was declared but never referenced
  			CPU_INT16U c[3];
..\..\User\APP\app.c(500): warning:  #177-D: variable "d"  was declared but never referenced
  			CPU_INT32U d[3];
..\..\User\APP\app.c(501): warning:  #177-D: variable "v"  was declared but never referenced
  			double v;
..\..\User\APP\app.c(481): warning:  #177-D: variable "MsgType"  was declared but never referenced
  		enum DownMsgType MsgType = ERR;
..\..\User\APP\app.c(585): warning:  #177-D: variable "DataRx"  was declared but never referenced
  	 CPU_INT08U *DataRx;
..\..\User\APP\app.c(589): warning:  #177-D: variable "msg_size"  was declared but never referenced
  		OS_MSG_SIZE    msg_size;
..\..\User\APP\app.c(90): warning:  #177-D: function "AppTaskCan1Tx"  was declared but never referenced
  static  void  AppTaskCan1Tx  ( void * p_arg );
..\..\User\APP\app.c: 11 warnings, 0 errors
compiling Protocol.c...
compiling bsp_led.c...
compiling bsp_key.c...
..\..\User\BSP\key\bsp_key.h(6): warning:  #1-D: last line of file ends without a newline
  #endif //__BSP_KEY_H__
..\..\User\BSP\key\bsp_key.c: 1 warning, 0 errors
compiling bsp_general_tim.c...
assembling cpu_a.asm...
compiling cpu_core.c...
compiling bsp.c...
..\..\User\BSP\key\bsp_key.h(6): warning:  #1-D: last line of file ends without a newline
  #endif //__BSP_KEY_H__
..\..\User\BSP\bsp.c: 1 warning, 0 errors
compiling cpu_c.c...
compiling lib_ascii.c...
compiling lib_math.c...
assembling lib_mem_a.asm...
compiling bsp_can.c...
..\..\User\BSP\key\bsp_key.h(6): warning:  #1-D: last line of file ends without a newline
  #endif //__BSP_KEY_H__
..\..\User\BSP\can\bsp_can.c: 1 warning, 0 errors
compiling bsp_rs232_usart.c...
..\..\User\BSP\key\bsp_key.h(6): warning:  #1-D: last line of file ends without a newline
  #endif //__BSP_KEY_H__
..\..\User\BSP\usart\bsp_rs232_usart.c: 1 warning, 0 errors
compiling lib_mem.c...
compiling os_cfg_app.c...
compiling lib_str.c...
compiling os_dbg.c...
compiling os_core.c...
compiling os_int.c...
compiling os_mem.c...
compiling os_flag.c...
compiling os_msg.c...
compiling os_pend_multi.c...
compiling os_prio.c...
compiling os_mutex.c...
compiling os_q.c...
compiling os_sem.c...
compiling os_stat.c...
compiling os_tick.c...
compiling os_time.c...
compiling os_tmr.c...
assembling os_cpu_a.asm...
compiling os_task.c...
compiling os_var.c...
compiling os_cpu_c.c...
linking...
Program Size: Code=22188 RO-data=972 RW-data=264 ZI-data=22936  
FromELF: creating hex file...
".\Output\WF-STM32F429.axf" - 0 Error(s), 15 Warning(s).

<h2>Software Packages used:</h2>

Package Vendor: ARM
                http://www.keil.com/pack/ARM.CMSIS.5.0.0.pack
                ARM::CMSIS:CORE:5.0.0
                CMSIS (Cortex Microcontroller Software Interface Standard)
   * Component: CORE Version: 5.0.0

<h2>Collection of Component include folders:</h2>
  D:\MY DOCUMENT\项目资料\20190702重汽项目\郭栋写的开发板程序，can转串口\测试代码\Project\RVMDK(uv5)\RTE\_STM32F429
  C:\Keil_v5\ARM\PACK\ARM\CMSIS\5.0.0\CMSIS\Include
  C:\Keil_v5\ARM\PACK\Keil\STM32F4xx_DFP\2.9.0\Drivers\CMSIS\Device\ST\STM32F4xx\Include

<h2>Collection of Component Files used:</h2>

   * Component: ARM::CMSIS:CORE:5.0.0
Build Time Elapsed:  00:00:09
</pre>
</body>
</html>
