Component: ARM Compiler 5.06 update 4 (build 422) Tool: armlink [4d35d2]

==============================================================================

Section Cross References

    startup_stm32f429_439xx.o(RESET) refers to startup_stm32f429_439xx.o(STACK) for __initial_sp
    startup_stm32f429_439xx.o(RESET) refers to startup_stm32f429_439xx.o(.text) for Reset_Handler
    startup_stm32f429_439xx.o(RESET) refers to stm32f4xx_it.o(i.NMI_Handler) for NMI_Handler
    startup_stm32f429_439xx.o(RESET) refers to stm32f4xx_it.o(i.HardFault_Handler) for HardFault_Handler
    startup_stm32f429_439xx.o(RESET) refers to stm32f4xx_it.o(i.MemManage_Handler) for MemManage_Handler
    startup_stm32f429_439xx.o(RESET) refers to stm32f4xx_it.o(i.BusFault_Handler) for BusFault_Handler
    startup_stm32f429_439xx.o(RESET) refers to stm32f4xx_it.o(i.UsageFault_Handler) for UsageFault_Handler
    startup_stm32f429_439xx.o(RESET) refers to stm32f4xx_it.o(i.SVC_Handler) for SVC_Handler
    startup_stm32f429_439xx.o(RESET) refers to stm32f4xx_it.o(i.DebugMon_Handler) for DebugMon_Handler
    startup_stm32f429_439xx.o(RESET) refers to os_cpu_a.o(CODE) for OS_CPU_PendSVHandler
    startup_stm32f429_439xx.o(RESET) refers to os_cpu_c.o(i.OS_CPU_SysTickHandler) for OS_CPU_SysTickHandler
    startup_stm32f429_439xx.o(RESET) refers to stm32f4xx_it.o(i.CAN1_RX0_IRQHandler) for CAN1_RX0_IRQHandler
    startup_stm32f429_439xx.o(RESET) refers to angulartransducer.o(i.TIM1_CC_IRQHandler) for TIM1_CC_IRQHandler
    startup_stm32f429_439xx.o(RESET) refers to angulartransducer.o(i.TIM3_IRQHandler) for TIM3_IRQHandler
    startup_stm32f429_439xx.o(RESET) refers to bsp_rs232_usart.o(i.USART2_IRQHandler) for USART2_IRQHandler
    startup_stm32f429_439xx.o(.text) refers to system_stm32f4xx.o(i.SystemInit) for SystemInit
    startup_stm32f429_439xx.o(.text) refers to entry.o(.ARM.Collect$$$$00000000) for __main
    system_stm32f4xx.o(i.SystemCoreClockUpdate) refers to system_stm32f4xx.o(.data) for SystemCoreClock
    system_stm32f4xx.o(i.SystemInit) refers to system_stm32f4xx.o(i.SetSysClock) for SetSysClock
    stm32f4xx_adc.o(i.ADC_DeInit) refers to stm32f4xx_rcc.o(i.RCC_APB2PeriphResetCmd) for RCC_APB2PeriphResetCmd
    stm32f4xx_can.o(i.CAN_DeInit) refers to stm32f4xx_rcc.o(i.RCC_APB1PeriphResetCmd) for RCC_APB1PeriphResetCmd
    stm32f4xx_can.o(i.CAN_GetITStatus) refers to stm32f4xx_can.o(i.CheckITStatus) for CheckITStatus
    stm32f4xx_cryp.o(i.CRYP_DeInit) refers to stm32f4xx_rcc.o(i.RCC_AHB2PeriphResetCmd) for RCC_AHB2PeriphResetCmd
    stm32f4xx_cryp_aes.o(i.CRYP_AES_CBC) refers to stm32f4xx_cryp.o(i.CRYP_KeyStructInit) for CRYP_KeyStructInit
    stm32f4xx_cryp_aes.o(i.CRYP_AES_CBC) refers to stm32f4xx_cryp.o(i.CRYP_FIFOFlush) for CRYP_FIFOFlush
    stm32f4xx_cryp_aes.o(i.CRYP_AES_CBC) refers to stm32f4xx_cryp.o(i.CRYP_Init) for CRYP_Init
    stm32f4xx_cryp_aes.o(i.CRYP_AES_CBC) refers to stm32f4xx_cryp.o(i.CRYP_KeyInit) for CRYP_KeyInit
    stm32f4xx_cryp_aes.o(i.CRYP_AES_CBC) refers to stm32f4xx_cryp.o(i.CRYP_Cmd) for CRYP_Cmd
    stm32f4xx_cryp_aes.o(i.CRYP_AES_CBC) refers to stm32f4xx_cryp.o(i.CRYP_GetFlagStatus) for CRYP_GetFlagStatus
    stm32f4xx_cryp_aes.o(i.CRYP_AES_CBC) refers to stm32f4xx_cryp.o(i.CRYP_IVInit) for CRYP_IVInit
    stm32f4xx_cryp_aes.o(i.CRYP_AES_CBC) refers to stm32f4xx_cryp.o(i.CRYP_GetCmdStatus) for CRYP_GetCmdStatus
    stm32f4xx_cryp_aes.o(i.CRYP_AES_CBC) refers to stm32f4xx_cryp.o(i.CRYP_DataIn) for CRYP_DataIn
    stm32f4xx_cryp_aes.o(i.CRYP_AES_CBC) refers to stm32f4xx_cryp.o(i.CRYP_DataOut) for CRYP_DataOut
    stm32f4xx_cryp_aes.o(i.CRYP_AES_CCM) refers to stm32f4xx_cryp.o(i.CRYP_KeyStructInit) for CRYP_KeyStructInit
    stm32f4xx_cryp_aes.o(i.CRYP_AES_CCM) refers to stm32f4xx_cryp.o(i.CRYP_FIFOFlush) for CRYP_FIFOFlush
    stm32f4xx_cryp_aes.o(i.CRYP_AES_CCM) refers to stm32f4xx_cryp.o(i.CRYP_KeyInit) for CRYP_KeyInit
    stm32f4xx_cryp_aes.o(i.CRYP_AES_CCM) refers to stm32f4xx_cryp.o(i.CRYP_IVInit) for CRYP_IVInit
    stm32f4xx_cryp_aes.o(i.CRYP_AES_CCM) refers to stm32f4xx_cryp.o(i.CRYP_Init) for CRYP_Init
    stm32f4xx_cryp_aes.o(i.CRYP_AES_CCM) refers to stm32f4xx_cryp.o(i.CRYP_PhaseConfig) for CRYP_PhaseConfig
    stm32f4xx_cryp_aes.o(i.CRYP_AES_CCM) refers to stm32f4xx_cryp.o(i.CRYP_DataIn) for CRYP_DataIn
    stm32f4xx_cryp_aes.o(i.CRYP_AES_CCM) refers to stm32f4xx_cryp.o(i.CRYP_Cmd) for CRYP_Cmd
    stm32f4xx_cryp_aes.o(i.CRYP_AES_CCM) refers to stm32f4xx_cryp.o(i.CRYP_GetCmdStatus) for CRYP_GetCmdStatus
    stm32f4xx_cryp_aes.o(i.CRYP_AES_CCM) refers to stm32f4xx_cryp.o(i.CRYP_GetFlagStatus) for CRYP_GetFlagStatus
    stm32f4xx_cryp_aes.o(i.CRYP_AES_CCM) refers to stm32f4xx_cryp.o(i.CRYP_DataOut) for CRYP_DataOut
    stm32f4xx_cryp_aes.o(i.CRYP_AES_CTR) refers to stm32f4xx_cryp.o(i.CRYP_KeyStructInit) for CRYP_KeyStructInit
    stm32f4xx_cryp_aes.o(i.CRYP_AES_CTR) refers to stm32f4xx_cryp.o(i.CRYP_KeyInit) for CRYP_KeyInit
[...]
    i.main                                   0x080061d0   Section        0  app.o(i.main)
    .constdata                               0x08006230   Section      148  os_cfg_app.o(.constdata)
    .constdata                               0x080062c4   Section      364  os_dbg.o(.constdata)
    .data                                    0x20000000   Section       16  stm32f4xx_rcc.o(.data)
    APBAHBPrescTable                         0x20000000   Data          16  stm32f4xx_rcc.o(.data)
    .data                                    0x20000010   Section        4  stm32f4xx_it.o(.data)
    .data                                    0x20000018   Section       16  app.o(.data)
    .data                                    0x20000028   Section        1  bsp_rs232_usart.o(.data)
    num                                      0x20000028   Data           1  bsp_rs232_usart.o(.data)
    .data                                    0x20000030   Section       32  angulartransducer.o(.data)
    Angle_Last                               0x20000040   Data           8  angulartransducer.o(.data)
    Angle_final                              0x20000048   Data           8  angulartransducer.o(.data)
    .data                                    0x20000050   Section        2  bsp_adc.o(.data)
    .data                                    0x20000054   Section        4  bsp_dac.o(.data)
    .data                                    0x20000058   Section        4  cpu_core.o(.data)
    .data                                    0x2000005c   Section        4  lib_mem.o(.data)
    .data                                    0x20000060   Section        8  os_prio.o(.data)
    .data                                    0x20000068   Section      196  os_var.o(.data)
    .data                                    0x2000012c   Section        4  os_cpu_c.o(.data)
    .data                                    0x20000130   Section        4  stdout.o(.data)
    .bss                                     0x20000134   Section     7960  app.o(.bss)
    AppTaskStartTCB                          0x20000134   Data         192  app.o(.bss)
    AppTaskLed1TCB                           0x200001f4   Data         192  app.o(.bss)
    AppTaskLed2TCB                           0x200002b4   Data         192  app.o(.bss)
    AppTaskAngularTransducerTCB              0x20000374   Data         192  app.o(.bss)
    AppTaskStartStk                          0x200005b4   Data         512  app.o(.bss)
    AppTaskLed1Stk                           0x200007b4   Data        2048  app.o(.bss)
    AppTaskLed2Stk                           0x20000fb4   Data        2048  app.o(.bss)
    AppTaskAngularTransducerStk              0x200017b4   Data        2048  app.o(.bss)
    .bss                                     0x2000204c   Section        9  bsp_rs232_usart.o(.bss)
    .bss                                     0x20002058   Section       16  bsp_dac.o(.bss)
    .bss                                     0x20002068   Section       16  cpu_core.o(.bss)
    .bss                                     0x20002078   Section     3092  lib_mem.o(.bss)
    .bss                                     0x20002c8c   Section     3456  os_cfg_app.o(.bss)
    .bss                                     0x20003a0c   Section     1596  os_var.o(.bss)
    STACK                                    0x20004048   Section     4096  startup_stm32f429_439xx.o(STACK)

    Global Symbols

    Symbol Name                              Value     Ov Type        Size  Object(Section)

    BuildAttributes$$THM_ISAv4$E$P$D$K$B$S$7EM$VFPi3$EXTD16$VFPS$VFMA$PE$A:L22UL41UL21$X:L11$S22US41US21$IEEE1$IW$USESV6$~STKCKD$USESV7$~SHL$OSPACE$ROPI$EBA8$MICROLIB$REQ8$PRES8$EABIv2 0x00000000   Number         0  anon$$obj.o ABSOLUTE
    __ARM_use_no_argv                        0x00000000   Number         0  app.o ABSOLUTE
    __cpp_initialize__aeabi_                  - Undefined Weak Reference
    __cxa_finalize                            - Undefined Weak Reference
    _clock_init                               - Undefined Weak Reference
    _microlib_exit                            - Undefined Weak Reference
    __Vectors_Size                           0x000001ac   Number         0  startup_stm32f429_439xx.o ABSOLUTE
    __Vectors                                0x08000000   Data           4  startup_stm32f429_439xx.o(RESET)
    __Vectors_End                            0x080001ac   Data           0  startup_stm32f429_439xx.o(RESET)
    __main                                   0x080001ad   Thumb Code     0  entry.o(.ARM.Collect$$$$00000000)
    _main_stk                                0x080001ad   Thumb Code     0  entry2.o(.ARM.Collect$$$$00000001)
    _main_scatterload                        0x080001b1   Thumb Code     0  entry5.o(.ARM.Collect$$$$00000004)
    __main_after_scatterload                 0x080001b5   Thumb Code     0  entry5.o(.ARM.Collect$$$$00000004)
    _main_clock                              0x080001b5   Thumb Code     0  entry7b.o(.ARM.Collect$$$$00000008)
    _main_cpp_init                           0x080001b5   Thumb Code     0  entry8b.o(.ARM.Collect$$$$0000000A)
    _main_init                               0x080001b5   Thumb Code     0  entry9a.o(.ARM.Collect$$$$0000000B)
    __rt_final_cpp                           0x080001bd   Thumb Code     0  entry10a.o(.ARM.Collect$$$$0000000D)
    __rt_final_exit                          0x080001bd   Thumb Code     0  entry11a.o(.ARM.Collect$$$$0000000F)
    Reset_Handler                            0x080001c1   Thumb Code    40  startup_stm32f429_439xx.o(.text)
    ADC_IRQHandler                           0x080001fb   Thumb Code     0  startup_stm32f429_439xx.o(.text)
    CAN1_RX1_IRQHandler                      0x080001fb   Thumb Code     0  startup_stm32f429_439xx.o(.text)
    CAN1_SCE_IRQHandler                      0x080001fb   Thumb Code     0  startup_stm32f429_439xx.o(.text)
    CAN1_TX_IRQHandler                       0x080001fb   Thumb Code     0  startup_stm32f429_439xx.o(.text)
    CAN2_RX0_IRQHandler                      0x080001fb   Thumb Code     0  startup_stm32f429_439xx.o(.text)
    CAN2_RX1_IRQHandler                      0x080001fb   Thumb Code     0  startup_stm32f429_439xx.o(.text)
    CAN2_SCE_IRQHandler                      0x080001fb   Thumb Code     0  startup_stm32f429_439xx.o(.text)
    CAN2_TX_IRQHandler                       0x080001fb   Thumb Code     0  startup_stm32f429_439xx.o(.text)
    CRYP_IRQHandler                          0x080001fb   Thumb Code     0  startup_stm32f429_439xx.o(.text)
    DCMI_IRQHandler                          0x080001fb   Thumb Code     0  startup_stm32f429_439xx.o(.text)
    DMA1_Stream0_IRQHandler                  0x080001fb   Thumb Code     0  startup_stm32f429_439xx.o(.text)
    DMA1_Stream1_IRQHandler                  0x080001fb   Thumb Code     0  startup_stm32f429_439xx.o(.text)
    DMA1_Stream2_IRQHandler                  0x080001fb   Thumb Code     0  startup_stm32f429_439xx.o(.text)
    DMA1_Stream3_IRQHandler                  0x080001fb   Thumb Code     0  startup_stm32f429_439xx.o(.text)
    DMA1_Stream4_IRQHandler                  0x080001fb   Thumb Code     0  startup_stm32f429_439xx.o(.text)
    DMA1_Stream5_IRQHandler                  0x080001fb   Thumb Code     0  startup_stm32f429_439xx.o(.text)
    DMA1_Stream6_IRQHandler                  0x080001fb   Thumb Code     0  startup_stm32f429_439xx.o(.text)
    DMA1_Stream7_IRQHandler                  0x080001fb   Thumb Code     0  startup_stm32f429_439xx.o(.text)
    DMA2D_IRQHandler                         0x080001fb   Thumb Code     0  startup_stm32f429_439xx.o(.text)
    DMA2_Stream0_IRQHandler                  0x080001fb   Thumb Code     0  startup_stm32f429_439xx.o(.text)
    DMA2_Stream1_IRQHandler                  0x080001fb   Thumb Code     0  startup_stm32f429_439xx.o(.text)
    DMA2_Stream2_IRQHandler                  0x080001fb   Thumb Code     0  startup_stm32f429_439xx.o(.text)
    DMA2_Stream3_IRQHandler                  0x080001fb   Thumb Code     0  startup_stm32f429_439xx.o(.text)
    DMA2_Stream4_IRQHandler                  0x080001fb   Thumb Code     0  startup_stm32f429_439xx.o(.text)
    DMA2_Stream5_IRQHandler                  0x080001fb   Thumb Code     0  startup_stm32f429_439xx.o(.text)
    DMA2_Stream6_IRQHandler                  0x080001fb   Thumb Code     0  startup_stm32f429_439xx.o(.text)
    DMA2_Stream7_IRQHandler                  0x080001fb   Thumb Code     0  startup_stm32f429_439xx.o(.text)
    ETH_IRQHandler                           0x080001fb   Thumb Code     0  startup_stm32f429_439xx.o(.text)
    ETH_WKUP_IRQHandler                      0x080001fb   Thumb Code     0  startup_stm32f429_439xx.o(.text)
    EXTI0_IRQHandler                         0x080001fb   Thumb Code     0  startup_stm32f429_439xx.o(.text)
    EXTI15_10_IRQHandler                     0x080001fb   Thumb Code     0  startup_stm32f429_439xx.o(.text)
    EXTI1_IRQHandler                         0x080001fb   Thumb Code     0  startup_stm32f429_439xx.o(.text)
    EXTI2_IRQHandler                         0x080001fb   Thumb Code     0  startup_stm32f429_439xx.o(.text)
    EXTI3_IRQHandler                         0x080001fb   Thumb Code     0  startup_stm32f429_439xx.o(.text)
    EXTI4_IRQHandler                         0x080001fb   Thumb Code     0  startup_stm32f429_439xx.o(.text)
    EXTI9_5_IRQHandler                       0x080001fb   Thumb Code     0  startup_stm32f429_439xx.o(.text)
    FLASH_IRQHandler                         0x080001fb   Thumb Code     0  startup_stm32f429_439xx.o(.text)
    FMC_IRQHandler                           0x080001fb   Thumb Code     0  startup_stm32f429_439xx.o(.text)
    FPU_IRQHandler                           0x080001fb   Thumb Code     0  startup_stm32f429_439xx.o(.text)
    HASH_RNG_IRQHandler                      0x080001fb   Thumb Code     0  startup_stm32f429_439xx.o(.text)
    I2C1_ER_IRQHandler                       0x080001fb   Thumb Code     0  startup_stm32f429_439xx.o(.text)
    I2C1_EV_IRQHandler                       0x080001fb   Thumb Code     0  startup_stm32f429_439xx.o(.text)
    I2C2_ER_IRQHandler                       0x080001fb   Thumb Code     0  startup_stm32f429_439xx.o(.text)
    I2C2_EV_IRQHandler                       0x080001fb   Thumb Code     0  startup_stm32f429_439xx.o(.text)
    I2C3_ER_IRQHandler                       0x080001fb   Thumb Code     0  startup_stm32f429_439xx.o(.text)
    I2C3_EV_IRQHandler                       0x080001fb   Thumb Code     0  startup_stm32f429_439xx.o(.text)
    LTDC_ER_IRQHandler                       0x080001fb   Thumb Code     0  startup_stm32f429_439xx.o(.text)
    LTDC_IRQHandler                          0x080001fb   Thumb Code     0  startup_stm32f429_439xx.o(.text)
    OTG_FS_IRQHandler                        0x080001fb   Thumb Code     0  startup_stm32f429_439xx.o(.text)
    OTG_FS_WKUP_IRQHandler                   0x080001fb   Thumb Code     0  startup_stm32f429_439xx.o(.text)
    OTG_HS_EP1_IN_IRQHandler                 0x080001fb   Thumb Code     0  startup_stm32f429_439xx.o(.text)
    OTG_HS_EP1_OUT_IRQHandler                0x080001fb   Thumb Code     0  startup_stm32f429_439xx.o(.text)
    OTG_HS_IRQHandler                        0x080001fb   Thumb Code     0  startup_stm32f429_439xx.o(.text)
    OTG_HS_WKUP_IRQHandler                   0x080001fb   Thumb Code     0  startup_stm32f429_439xx.o(.text)
    PVD_IRQHandler                           0x080001fb   Thumb Code     0  startup_stm32f429_439xx.o(.text)
    RCC_IRQHandler                           0x080001fb   Thumb Code     0  startup_stm32f429_439xx.o(.text)
    RTC_Alarm_IRQHandler                     0x080001fb   Thumb Code     0  startup_stm32f429_439xx.o(.text)
    RTC_WKUP_IRQHandler                      0x080001fb   Thumb Code     0  startup_stm32f429_439xx.o(.text)
    SAI1_IRQHandler                          0x080001fb   Thumb Code     0  startup_stm32f429_439xx.o(.text)
    SDIO_IRQHandler                          0x080001fb   Thumb Code     0  startup_stm32f429_439xx.o(.text)
    SPI1_IRQHandler                          0x080001fb   Thumb Code     0  startup_stm32f429_439xx.o(.text)
    SPI2_IRQHandler                          0x080001fb   Thumb Code     0  startup_stm32f429_439xx.o(.text)
    SPI3_IRQHandler                          0x080001fb   Thumb Code     0  startup_stm32f429_439xx.o(.text)
    SPI4_IRQHandler                          0x080001fb   Thumb Code     0  startup_stm32f429_439xx.o(.text)
    SPI5_IRQHandler                          0x080001fb   Thumb Code     0  startup_stm32f429_439xx.o(.text)
    SPI6_IRQHandler                          0x080001fb   Thumb Code     0  startup_stm32f429_439xx.o(.text)
    TAMP_STAMP_IRQHandler                    0x080001fb   Thumb Code     0  startup_stm32f429_439xx.o(.text)
    TIM1_BRK_TIM9_IRQHandler                 0x080001fb   Thumb Code     0  startup_stm32f429_439xx.o(.text)
    TIM1_TRG_COM_TIM11_IRQHandler            0x080001fb   Thumb Code     0  startup_stm32f429_439xx.o(.text)
    TIM1_UP_TIM10_IRQHandler                 0x080001fb   Thumb Code     0  startup_stm32f429_439xx.o(.text)
    TIM2_IRQHandler                          0x080001fb   Thumb Code     0  startup_stm32f429_439xx.o(.text)
    TIM4_IRQHandler                          0x080001fb   Thumb Code     0  startup_stm32f429_439xx.o(.text)
    TIM5_IRQHandler                          0x080001fb   Thumb Code     0  startup_stm32f429_439xx.o(.text)
    TIM6_DAC_IRQHandler                      0x080001fb   Thumb Code     0  startup_stm32f429_439xx.o(.text)
    TIM7_IRQHandler                          0x080001fb   Thumb Code     0  startup_stm32f429_439xx.o(.text)
    TIM8_BRK_TIM12_IRQHandler                0x080001fb   Thumb Code     0  startup_stm32f429_439xx.o(.text)
    TIM8_CC_IRQHandler                       0x080001fb   Thumb Code     0  startup_stm32f429_439xx.o(.text)
    TIM8_TRG_COM_TIM14_IRQHandler            0x080001fb   Thumb Code     0  startup_stm32f429_439xx.o(.text)
    TIM8_UP_TIM13_IRQHandler                 0x080001fb   Thumb Code     0  startup_stm32f429_439xx.o(.text)
    UART4_IRQHandler                         0x080001fb   Thumb Code     0  startup_stm32f429_439xx.o(.text)
    UART5_IRQHandler                         0x080001fb   Thumb Code     0  startup_stm32f429_439xx.o(.text)
    UART7_IRQHandler                         0x080001fb   Thumb Code     0  startup_stm32f429_439xx.o(.text)
    UART8_IRQHandler                         0x080001fb   Thumb Code     0  startup_stm32f429_439xx.o(.text)
    USART1_IRQHandler                        0x080001fb   Thumb Code     0  startup_stm32f429_439xx.o(.text)
    USART3_IRQHandler                        0x080001fb   Thumb Code     0  startup_stm32f429_439xx.o(.text)
    USART6_IRQHandler                        0x080001fb   Thumb Code     0  startup_stm32f429_439xx.o(.text)
    WWDG_IRQHandler                          0x080001fb   Thumb Code     0  startup_stm32f429_439xx.o(.text)
    CPU_IntDis                               0x0800020d   Thumb Code     0  cpu_a.o(.text)
    CPU_IntEn                                0x08000211   Thumb Code     0  cpu_a.o(.text)
    CPU_SR_Save                              0x08000215   Thumb Code     0  cpu_a.o(.text)
    CPU_SR_Restore                           0x0800021d   Thumb Code     0  cpu_a.o(.text)
    CPU_WaitForInt                           0x08000223   Thumb Code     0  cpu_a.o(.text)
    CPU_WaitForExcept                        0x08000227   Thumb Code     0  cpu_a.o(.text)
    CPU_CntLeadZeros                         0x0800022b   Thumb Code     0  cpu_a.o(.text)
    CPU_CntTrailZeros                        0x08000231   Thumb Code     0  cpu_a.o(.text)
    CPU_RevBits                              0x0800023b   Thumb Code     0  cpu_a.o(.text)
    __aeabi_dadd                             0x08000241   Thumb Code   322  dadd.o(.text)
    __aeabi_dsub                             0x08000383   Thumb Code     6  dadd.o(.text)
    __aeabi_drsub                            0x08000389   Thumb Code     6  dadd.o(.text)
    __aeabi_dmul                             0x0800038f   Thumb Code   228  dmul.o(.text)
    __aeabi_ddiv                             0x08000473   Thumb Code   222  ddiv.o(.text)
    __aeabi_i2d                              0x08000551   Thumb Code    34  dflti.o(.text)
    __aeabi_d2uiz                            0x08000573   Thumb Code    50  dfixui.o(.text)
    __aeabi_cdcmpeq                          0x080005a5   Thumb Code     0  cdcmple.o(.text)
    __aeabi_cdcmple                          0x080005a5   Thumb Code    48  cdcmple.o(.text)
    __aeabi_cdrcmple                         0x080005d5   Thumb Code    48  cdrcmple.o(.text)
    __aeabi_llsl                             0x08000605   Thumb Code    30  llshl.o(.text)
    _ll_shift_l                              0x08000605   Thumb Code     0  llshl.o(.text)
    __aeabi_llsr                             0x08000623   Thumb Code    32  llushr.o(.text)
    _ll_ushift_r                             0x08000623   Thumb Code     0  llushr.o(.text)
    __aeabi_lasr                             0x08000643   Thumb Code    36  llsshr.o(.text)
    _ll_sshift_r                             0x08000643   Thumb Code     0  llsshr.o(.text)
    __I$use$fp                               0x08000667   Thumb Code     0  iusefp.o(.text)
    _double_round                            0x08000667   Thumb Code    30  depilogue.o(.text)
    _double_epilogue                         0x08000685   Thumb Code   156  depilogue.o(.text)
    __scatterload                            0x08000721   Thumb Code    28  init.o(.text)
    __scatterload_rt2                        0x08000721   Thumb Code     0  init.o(.text)
    __decompress                             0x08000745   Thumb Code     0  __dczerorl2.o(.text)
    __decompress1                            0x08000745   Thumb Code    86  __dczerorl2.o(.text)
    OS_CPU_FP_Reg_Push                       0x0800079d   Thumb Code     0  os_cpu_a.o(CODE)
    OS_CPU_FP_Reg_Pop                        0x080007b7   Thumb Code     0  os_cpu_a.o(CODE)
    OSStartHighRdy                           0x080007c9   Thumb Code     0  os_cpu_a.o(CODE)
    OSCtxSw                                  0x08000839   Thumb Code     0  os_cpu_a.o(CODE)
    OSIntCtxSw                               0x08000843   Thumb Code     0  os_cpu_a.o(CODE)
    OS_CPU_PendSVHandler                     0x0800084d   Thumb Code     0  os_cpu_a.o(CODE)
    ADC_Cmd                                  0x080008a9   Thumb Code    22  stm32f4xx_adc.o(i.ADC_Cmd)
    ADC_CommonInit                           0x080008c1   Thumb Code    34  stm32f4xx_adc.o(i.ADC_CommonInit)
    ADC_DMACmd                               0x080008f1   Thumb Code    22  stm32f4xx_adc.o(i.ADC_DMACmd)
    ADC_DMARequestAfterLastTransferCmd       0x08000907   Thumb Code    22  stm32f4xx_adc.o(i.ADC_DMARequestAfterLastTransferCmd)
    ADC_Init                                 0x0800091d   Thumb Code    74  stm32f4xx_adc.o(i.ADC_Init)
    ADC_RegularChannelConfig                 0x08000971   Thumb Code   184  stm32f4xx_adc.o(i.ADC_RegularChannelConfig)
    ADC_SoftwareStartConv                    0x08000a29   Thumb Code    10  stm32f4xx_adc.o(i.ADC_SoftwareStartConv)
    AngleTransducer                          0x08000a35   Thumb Code   446  angulartransducer.o(i.AngleTransducer)
    AngularTransducer_Config                 0x08000c35   Thumb Code    16  angulartransducer.o(i.AngularTransducer_Config)
    BRK_MotorSpeedSet                        0x08000e55   Thumb Code    90  bsp_pwm.o(i.BRK_MotorSpeedSet)
    BRK_POS_Init                             0x08000fb5   Thumb Code    12  bsp_adc.o(i.BRK_POS_Init)
    BSP_CPU_ClkFreq                          0x08000fc1   Thumb Code    14  bsp.o(i.BSP_CPU_ClkFreq)
    BSP_Init                                 0x08000fcf   Thumb Code    36  bsp.o(i.BSP_Init)
    BusFault_Handler                         0x08000ff3   Thumb Code     4  stm32f4xx_it.o(i.BusFault_Handler)
    CAN1_RX0_IRQHandler                      0x08000ff9   Thumb Code   120  stm32f4xx_it.o(i.CAN1_RX0_IRQHandler)
    CAN_Config                               0x08001081   Thumb Code    36  bsp_can.o(i.CAN_Config)
    CAN_DeInit                               0x080010a5   Thumb Code    50  stm32f4xx_can.o(i.CAN_DeInit)
    CAN_FilterInit                           0x080010dd   Thumb Code   258  stm32f4xx_can.o(i.CAN_FilterInit)
    CAN_ITConfig                             0x0800128d   Thumb Code    18  stm32f4xx_can.o(i.CAN_ITConfig)
    CAN_Init                                 0x0800129f   Thumb Code   276  stm32f4xx_can.o(i.CAN_Init)
    CAN_Receive                              0x0800143d   Thumb Code   240  stm32f4xx_can.o(i.CAN_Receive)
    CAN_SendMes                              0x0800152d   Thumb Code    62  bsp_can.o(i.CAN_SendMes)
    CAN_StructInit                           0x08001571   Thumb Code    32  stm32f4xx_can.o(i.CAN_StructInit)
    CAN_Transmit                             0x08001591   Thumb Code   294  stm32f4xx_can.o(i.CAN_Transmit)
    CPU_Init                                 0x080016b7   Thumb Code    12  cpu_core.o(i.CPU_Init)
    CPU_NameClr                              0x080016c5   Thumb Code    42  cpu_core.o(i.CPU_NameClr)
    CPU_SW_Exception                         0x080016fd   Thumb Code     4  cpu_core.o(i.CPU_SW_Exception)
    CPU_TS_TmrFreqSet                        0x08001715   Thumb Code     6  cpu_core.o(i.CPU_TS_TmrFreqSet)
    CPU_TS_TmrInit                           0x08001721   Thumb Code    44  bsp.o(i.CPU_TS_TmrInit)
    CPU_TS_TmrRd                             0x08001755   Thumb Code     6  bsp.o(i.CPU_TS_TmrRd)
    CarSpeedSet                              0x08001761   Thumb Code    88  bsp_speed.o(i.CarSpeedSet)
    DAC_Cmd                                  0x080017cd   Thumb Code    34  stm32f4xx_dac.o(i.DAC_Cmd)
    DAC_DMACmd                               0x080017f5   Thumb Code    38  stm32f4xx_dac.o(i.DAC_DMACmd)
    DAC_Init                                 0x08001821   Thumb Code    46  stm32f4xx_dac.o(i.DAC_Init)
    DMA_Cmd                                  0x08001899   Thumb Code    22  stm32f4xx_dma.o(i.DMA_Cmd)
    DMA_Init                                 0x080018b1   Thumb Code    82  stm32f4xx_dma.o(i.DMA_Init)
    DebugMon_Handler                         0x08001909   Thumb Code     2  stm32f4xx_it.o(i.DebugMon_Handler)
    GPIO_Init                                0x0800190b   Thumb Code   144  stm32f4xx_gpio.o(i.GPIO_Init)
    GPIO_PinAFConfig                         0x0800199b   Thumb Code    70  stm32f4xx_gpio.o(i.GPIO_PinAFConfig)
    GPIO_ResetBits                           0x080019e1   Thumb Code     4  stm32f4xx_gpio.o(i.GPIO_ResetBits)
    GPIO_SetBits                             0x080019e5   Thumb Code     4  stm32f4xx_gpio.o(i.GPIO_SetBits)
    HardFault_Handler                        0x080019e9   Thumb Code     4  stm32f4xx_it.o(i.HardFault_Handler)
    LED_Init                                 0x08001a51   Thumb Code    38  bsp_led.o(i.LED_Init)
    MemManage_Handler                        0x08001a7d   Thumb Code     4  stm32f4xx_it.o(i.MemManage_Handler)
    Mem_Clr                                  0x08001a81   Thumb Code    18  lib_mem.o(i.Mem_Clr)
    Mem_Init                                 0x08001a95   Thumb Code    54  lib_mem.o(i.Mem_Init)
    Mem_SegCreate                            0x08001ae1   Thumb Code    74  lib_mem.o(i.Mem_SegCreate)
    Mem_Set                                  0x08001b4d   Thumb Code    84  lib_mem.o(i.Mem_Set)
    Motor_Configuration                      0x08001ba1   Thumb Code    16  bsp_pwm.o(i.Motor_Configuration)
    NMI_Handler                              0x08001bb1   Thumb Code     2  stm32f4xx_it.o(i.NMI_Handler)
    NVIC_Init                                0x08001bd9   Thumb Code   106  misc.o(i.NVIC_Init)
    NVIC_PriorityGroupConfig                 0x08001c51   Thumb Code    10  misc.o(i.NVIC_PriorityGroupConfig)
    OSCfg_Init                               0x08001c65   Thumb Code     2  os_cfg_app.o(i.OSCfg_Init)
    OSIdleTaskHook                           0x08001c69   Thumb Code    16  os_cpu_c.o(i.OSIdleTaskHook)
    OSInit                                   0x08001c7d   Thumb Code   270  os_core.o(i.OSInit)
    OSInitHook                               0x08001de1   Thumb Code    28  os_cpu_c.o(i.OSInitHook)
    OSIntEnter                               0x08001e09   Thumb Code    34  os_core.o(i.OSIntEnter)
    OSIntExit                                0x08001e35   Thumb Code   188  os_core.o(i.OSIntExit)
    OSMemCreate                              0x08001f11   Thumb Code   216  os_mem.o(i.OSMemCreate)
    OSMemGet                                 0x08001ff1   Thumb Code   100  os_mem.o(i.OSMemGet)
    OSMutexCreate                            0x08002055   Thumb Code   102  os_mutex.o(i.OSMutexCreate)
    OSMutexPend                              0x080020c5   Thumb Code   450  os_mutex.o(i.OSMutexPend)
    OSMutexPost                              0x08002295   Thumb Code   384  os_mutex.o(i.OSMutexPost)
    OSSched                                  0x08002421   Thumb Code   134  os_core.o(i.OSSched)
    OSSchedLock                              0x080024c5   Thumb Code    88  os_core.o(i.OSSchedLock)
    OSSchedUnlock                            0x08002525   Thumb Code   120  os_core.o(i.OSSchedUnlock)
    OSStart                                  0x080025a5   Thumb Code    78  os_core.o(i.OSStart)
    OSStatReset                              0x0800260d   Thumb Code   262  os_stat.o(i.OSStatReset)
    OSStatTaskCPUUsageInit                   0x08002735   Thumb Code   212  os_stat.o(i.OSStatTaskCPUUsageInit)
    OSStatTaskHook                           0x08002825   Thumb Code    16  os_cpu_c.o(i.OSStatTaskHook)
    OSTaskCreate                             0x08002839   Thumb Code   382  os_task.o(i.OSTaskCreate)
    OSTaskCreateHook                         0x080029c9   Thumb Code    20  os_cpu_c.o(i.OSTaskCreateHook)
    OSTaskDel                                0x080029e1   Thumb Code   380  os_task.o(i.OSTaskDel)
    OSTaskDelHook                            0x08002b69   Thumb Code    20  os_cpu_c.o(i.OSTaskDelHook)
    OSTaskQPost                              0x08002b81   Thumb Code    82  os_task.o(i.OSTaskQPost)
    OSTaskResume                             0x08002bd5   Thumb Code    80  os_task.o(i.OSTaskResume)
    OSTaskReturnHook                         0x08002c29   Thumb Code    20  os_cpu_c.o(i.OSTaskReturnHook)
    OSTaskSemPend                            0x08002c41   Thumb Code   446  os_task.o(i.OSTaskSemPend)
    OSTaskSemPost                            0x08002e09   Thumb Code    62  os_task.o(i.OSTaskSemPost)
    OSTaskStkChk                             0x08002e49   Thumb Code   188  os_task.o(i.OSTaskStkChk)
    OSTaskStkInit                            0x08002f09   Thumb Code   600  os_cpu_c.o(i.OSTaskStkInit)
    OSTaskSuspend                            0x080031cd   Thumb Code    32  os_task.o(i.OSTaskSuspend)
    OSTaskSwHook                             0x080031f1   Thumb Code   168  os_cpu_c.o(i.OSTaskSwHook)
    OSTimeDly                                0x080032a9   Thumb Code   156  os_time.o(i.OSTimeDly)
    OSTimeTick                               0x0800334d   Thumb Code    50  os_time.o(i.OSTimeTick)
    OSTimeTickHook                           0x08003391   Thumb Code    16  os_cpu_c.o(i.OSTimeTickHook)
    OS_CPU_SysTickHandler                    0x080033a5   Thumb Code    52  os_cpu_c.o(i.OS_CPU_SysTickHandler)
    OS_CPU_SysTickInit                       0x080033dd   Thumb Code    44  os_cpu_c.o(i.OS_CPU_SysTickInit)
    OS_Dbg_Init                              0x0800340d   Thumb Code   146  os_dbg.o(i.OS_Dbg_Init)
    OS_FlagInit                              0x080035b5   Thumb Code    14  os_flag.o(i.OS_FlagInit)
    OS_IdleTask                              0x080035cd   Thumb Code    58  os_core.o(i.OS_IdleTask)
    OS_IdleTaskInit                          0x08003611   Thumb Code    66  os_core.o(i.OS_IdleTaskInit)
    OS_MemDbgListAdd                         0x08003681   Thumb Code    34  os_mem.o(i.OS_MemDbgListAdd)
    OS_MemInit                               0x080036a9   Thumb Code    14  os_mem.o(i.OS_MemInit)
    OS_MsgPoolInit                           0x080036c1   Thumb Code   110  os_msg.o(i.OS_MsgPoolInit)
    OS_MsgQFreeAll                           0x0800373d   Thumb Code    62  os_msg.o(i.OS_MsgQFreeAll)
    OS_MsgQInit                              0x08003781   Thumb Code    14  os_msg.o(i.OS_MsgQInit)
    OS_MsgQPut                               0x08003791   Thumb Code   254  os_msg.o(i.OS_MsgQPut)
    OS_MutexDbgListAdd                       0x08003895   Thumb Code    38  os_mutex.o(i.OS_MutexDbgListAdd)
    OS_MutexGrpAdd                           0x080038c5   Thumb Code     8  os_mutex.o(i.OS_MutexGrpAdd)
    OS_MutexGrpPostAll                       0x080038cd   Thumb Code    96  os_mutex.o(i.OS_MutexGrpPostAll)
    OS_MutexGrpPrioFindHighest               0x0800392d   Thumb Code    44  os_mutex.o(i.OS_MutexGrpPrioFindHighest)
    OS_MutexGrpRemove                        0x08003959   Thumb Code    28  os_mutex.o(i.OS_MutexGrpRemove)
    OS_MutexInit                             0x08003975   Thumb Code    14  os_mutex.o(i.OS_MutexInit)
    OS_Pend                                  0x0800398d   Thumb Code   100  os_core.o(i.OS_Pend)
    OS_PendDataInit                          0x080039f5   Thumb Code    40  os_core.o(i.OS_PendDataInit)
    OS_PendDbgNameAdd                        0x08003a1d   Thumb Code    66  os_core.o(i.OS_PendDbgNameAdd)
    OS_PendDbgNameRemove                     0x08003a79   Thumb Code    30  os_core.o(i.OS_PendDbgNameRemove)
    OS_PendListChangePrio                    0x08003a9d   Thumb Code    58  os_core.o(i.OS_PendListChangePrio)
    OS_PendListInit                          0x08003ad7   Thumb Code    10  os_core.o(i.OS_PendListInit)
    OS_PendListInsertPrio                    0x08003ae1   Thumb Code   102  os_core.o(i.OS_PendListInsertPrio)
    OS_PendListRemove                        0x08003b47   Thumb Code    52  os_core.o(i.OS_PendListRemove)
    OS_PendListRemove1                       0x08003b7b   Thumb Code    66  os_core.o(i.OS_PendListRemove1)
    OS_Post                                  0x08003bbd   Thumb Code   214  os_core.o(i.OS_Post)
    OS_Post1                                 0x08003c93   Thumb Code    44  os_core.o(i.OS_Post1)
    OS_PrioGetHighest                        0x08003cc1   Thumb Code    36  os_prio.o(i.OS_PrioGetHighest)
    OS_PrioInit                              0x08003ce9   Thumb Code    20  os_prio.o(i.OS_PrioInit)
    OS_PrioInsert                            0x08003d01   Thumb Code    32  os_prio.o(i.OS_PrioInsert)
    OS_PrioRemove                            0x08003d25   Thumb Code    32  os_prio.o(i.OS_PrioRemove)
    OS_QInit                                 0x08003d49   Thumb Code    14  os_q.o(i.OS_QInit)
    OS_RdyListInit                           0x08003d61   Thumb Code    32  os_core.o(i.OS_RdyListInit)
    OS_RdyListInsert                         0x08003d85   Thumb Code    40  os_core.o(i.OS_RdyListInsert)
    OS_RdyListInsertHead                     0x08003db1   Thumb Code    58  os_core.o(i.OS_RdyListInsertHead)
    OS_RdyListInsertTail                     0x08003df1   Thumb Code    56  os_core.o(i.OS_RdyListInsertTail)
    OS_RdyListRemove                         0x08003e2d   Thumb Code    86  os_core.o(i.OS_RdyListRemove)
    OS_SchedLockTimeMeasStart                0x08003e89   Thumb Code    20  os_core.o(i.OS_SchedLockTimeMeasStart)
    OS_SchedLockTimeMeasStop                 0x08003ea5   Thumb Code    44  os_core.o(i.OS_SchedLockTimeMeasStop)
    OS_SemInit                               0x08003ee1   Thumb Code    14  os_sem.o(i.OS_SemInit)
    OS_StatTask                              0x08003ef9   Thumb Code   684  os_stat.o(i.OS_StatTask)
    OS_StatTaskInit                          0x080041e1   Thumb Code   136  os_stat.o(i.OS_StatTaskInit)
    OS_TaskBlock                             0x080042ad   Thumb Code    40  os_core.o(i.OS_TaskBlock)
    OS_TaskChangePrio                        0x080042d9   Thumb Code   232  os_task.o(i.OS_TaskChangePrio)
    OS_TaskDbgListAdd                        0x080043c5   Thumb Code    42  os_task.o(i.OS_TaskDbgListAdd)
    OS_TaskDbgListRemove                     0x080043f5   Thumb Code    64  os_task.o(i.OS_TaskDbgListRemove)
    OS_TaskInit                              0x08004439   Thumb Code    18  os_task.o(i.OS_TaskInit)
    OS_TaskInitTCB                           0x08004459   Thumb Code   176  os_task.o(i.OS_TaskInitTCB)
    OS_TaskQPost                             0x08004515   Thumb Code   220  os_task.o(i.OS_TaskQPost)
    OS_TaskResume                            0x080045f5   Thumb Code   256  os_task.o(i.OS_TaskResume)
    OS_TaskReturn                            0x080046f5   Thumb Code    20  os_task.o(i.OS_TaskReturn)
    OS_TaskSemPost                           0x0800470d   Thumb Code   448  os_task.o(i.OS_TaskSemPost)
    OS_TaskSuspend                           0x080048d1   Thumb Code   272  os_task.o(i.OS_TaskSuspend)
    OS_TickListInsert                        0x080049e9   Thumb Code   134  os_tick.o(i.OS_TickListInsert)
    OS_TickListInsertDly                     0x08004a71   Thumb Code   180  os_tick.o(i.OS_TickListInsertDly)
    OS_TickListRemove                        0x08004b2d   Thumb Code    88  os_tick.o(i.OS_TickListRemove)
    OS_TickListResetPeak                     0x08004b85   Thumb Code     2  os_tick.o(i.OS_TickListResetPeak)
    OS_TickTask                              0x08004d35   Thumb Code    90  os_tick.o(i.OS_TickTask)
    OS_TickTaskInit                          0x08004d99   Thumb Code   140  os_tick.o(i.OS_TickTaskInit)
    OS_TmrInit                               0x08004e61   Thumb Code   200  os_tmr.o(i.OS_TmrInit)
    OS_TmrResetPeak                          0x08004fad   Thumb Code     2  os_tmr.o(i.OS_TmrResetPeak)
    OS_TmrTask                               0x08004fb1   Thumb Code   134  os_tmr.o(i.OS_TmrTask)
    OS_TmrUnlink                             0x08005045   Thumb Code    58  os_tmr.o(i.OS_TmrUnlink)
    RCC_AHB1PeriphClockCmd                   0x0800515d   Thumb Code    26  stm32f4xx_rcc.o(i.RCC_AHB1PeriphClockCmd)
    RCC_APB1PeriphClockCmd                   0x0800517d   Thumb Code    26  stm32f4xx_rcc.o(i.RCC_APB1PeriphClockCmd)
    RCC_APB1PeriphResetCmd                   0x0800519d   Thumb Code    26  stm32f4xx_rcc.o(i.RCC_APB1PeriphResetCmd)
    RCC_APB2PeriphClockCmd                   0x080051bd   Thumb Code    26  stm32f4xx_rcc.o(i.RCC_APB2PeriphClockCmd)
    RCC_GetClocksFreq                        0x080051dd   Thumb Code   214  stm32f4xx_rcc.o(i.RCC_GetClocksFreq)
    Relay_Init                               0x08005395   Thumb Code    82  bsp_speed.o(i.Relay_Init)
    SPEED_DAC_Mode_Init                      0x080054ad   Thumb Code    16  bsp_dac.o(i.SPEED_DAC_Mode_Init)
    SVC_Handler                              0x080054f9   Thumb Code     2  stm32f4xx_it.o(i.SVC_Handler)
    SystemInit                               0x0800561d   Thumb Code    88  system_stm32f4xx.o(i.SystemInit)
    TIM1_CC_IRQHandler                       0x080058d5   Thumb Code   182  angulartransducer.o(i.TIM1_CC_IRQHandler)
    TIM3_IRQHandler                          0x080059bd   Thumb Code   182  angulartransducer.o(i.TIM3_IRQHandler)
    TIM_ClearITPendingBit                    0x08005aa5   Thumb Code     6  stm32f4xx_tim.o(i.TIM_ClearITPendingBit)
    TIM_Cmd                                  0x08005aab   Thumb Code    24  stm32f4xx_tim.o(i.TIM_Cmd)
    TIM_GetCapture1                          0x08005ac3   Thumb Code     6  stm32f4xx_tim.o(i.TIM_GetCapture1)
    TIM_GetCapture2                          0x08005ac9   Thumb Code     6  stm32f4xx_tim.o(i.TIM_GetCapture2)
    TIM_GetITStatus                          0x08005acf   Thumb Code    34  stm32f4xx_tim.o(i.TIM_GetITStatus)
    TIM_ITConfig                             0x08005af1   Thumb Code    18  stm32f4xx_tim.o(i.TIM_ITConfig)
    TIM_OC2Init                              0x08005b05   Thumb Code   154  stm32f4xx_tim.o(i.TIM_OC2Init)
    TIM_OC2PreloadConfig                     0x08005ba9   Thumb Code    26  stm32f4xx_tim.o(i.TIM_OC2PreloadConfig)
    TIM_OC3Init                              0x08005bc5   Thumb Code   150  stm32f4xx_tim.o(i.TIM_OC3Init)
    TIM_OC3PreloadConfig                     0x08005c65   Thumb Code    18  stm32f4xx_tim.o(i.TIM_OC3PreloadConfig)
    TIM_PWMIConfig                           0x08005c77   Thumb Code   124  stm32f4xx_tim.o(i.TIM_PWMIConfig)
    TIM_SelectInputTrigger                   0x08005cf3   Thumb Code    18  stm32f4xx_tim.o(i.TIM_SelectInputTrigger)
    TIM_SelectMasterSlaveMode                0x08005d05   Thumb Code    18  stm32f4xx_tim.o(i.TIM_SelectMasterSlaveMode)
    TIM_SelectOutputTrigger                  0x08005d17   Thumb Code    18  stm32f4xx_tim.o(i.TIM_SelectOutputTrigger)
    TIM_SelectSlaveMode                      0x08005d29   Thumb Code    18  stm32f4xx_tim.o(i.TIM_SelectSlaveMode)
    TIM_SetCompare2                          0x08005d3b   Thumb Code     4  stm32f4xx_tim.o(i.TIM_SetCompare2)
    TIM_SetCompare3                          0x08005d3f   Thumb Code     4  stm32f4xx_tim.o(i.TIM_SetCompare3)
    TIM_SetIC1Prescaler                      0x08005d43   Thumb Code    18  stm32f4xx_tim.o(i.TIM_SetIC1Prescaler)
    TIM_SetIC2Prescaler                      0x08005d55   Thumb Code    26  stm32f4xx_tim.o(i.TIM_SetIC2Prescaler)
    TIM_TimeBaseInit                         0x08005d71   Thumb Code   104  stm32f4xx_tim.o(i.TIM_TimeBaseInit)
    TurnMotorSpeedSet                        0x08005df5   Thumb Code    86  bsp_pwm.o(i.TurnMotorSpeedSet)
    USART2_IRQHandler                        0x08005e51   Thumb Code   120  bsp_rs232_usart.o(i.USART2_IRQHandler)
    USART_Cmd                                0x08005ed9   Thumb Code    24  stm32f4xx_usart.o(i.USART_Cmd)
    USART_Config                             0x08005ef1   Thumb Code   166  bsp_rs232_usart.o(i.USART_Config)
    USART_GetFlagStatus                      0x08005fb9   Thumb Code    26  stm32f4xx_usart.o(i.USART_GetFlagStatus)
    USART_GetITStatus                        0x08005fd3   Thumb Code    84  stm32f4xx_usart.o(i.USART_GetITStatus)
    USART_ITConfig                           0x08006027   Thumb Code    74  stm32f4xx_usart.o(i.USART_ITConfig)
    USART_Init                               0x08006071   Thumb Code   204  stm32f4xx_usart.o(i.USART_Init)
    USART_ReceiveData                        0x08006145   Thumb Code    10  stm32f4xx_usart.o(i.USART_ReceiveData)
    USART_SendData                           0x0800614f   Thumb Code     8  stm32f4xx_usart.o(i.USART_SendData)
    UsageFault_Handler                       0x08006157   Thumb Code     4  stm32f4xx_it.o(i.UsageFault_Handler)
    __0printf$bare                           0x0800615d   Thumb Code     8  printfb.o(i.__0printf$bare)
    __1printf$bare                           0x0800615d   Thumb Code     0  printfb.o(i.__0printf$bare)
    __2printf                                0x0800615d   Thumb Code     0  printfb.o(i.__0printf$bare)
    __scatterload_copy                       0x0800616d   Thumb Code    14  handlers.o(i.__scatterload_copy)
    __scatterload_null                       0x0800617b   Thumb Code     2  handlers.o(i.__scatterload_null)
    __scatterload_zeroinit                   0x0800617d   Thumb Code    14  handlers.o(i.__scatterload_zeroinit)
    fputc                                    0x080061ad   Thumb Code    32  bsp_rs232_usart.o(i.fputc)
    main                                     0x080061d1   Thumb Code    68  app.o(i.main)
    OSCfg_IdleTaskStkBasePtr                 0x08006230   Data           4  os_cfg_app.o(.constdata)
    OSCfg_IdleTaskStkLimit                   0x08006234   Data           4  os_cfg_app.o(.constdata)
    OSCfg_IdleTaskStkSize                    0x08006238   Data           4  os_cfg_app.o(.constdata)
    OSCfg_IdleTaskStkSizeRAM                 0x0800623c   Data           4  os_cfg_app.o(.constdata)
    OSCfg_IntQBasePtr                        0x08006240   Data           4  os_cfg_app.o(.constdata)
    OSCfg_IntQSize                           0x08006244   Data           2  os_cfg_app.o(.constdata)
    OSCfg_IntQSizeRAM                        0x08006248   Data           4  os_cfg_app.o(.constdata)
    OSCfg_IntQTaskStkBasePtr                 0x0800624c   Data           4  os_cfg_app.o(.constdata)
    OSCfg_IntQTaskStkLimit                   0x08006250   Data           4  os_cfg_app.o(.constdata)
    OSCfg_IntQTaskStkSize                    0x08006254   Data           4  os_cfg_app.o(.constdata)
    OSCfg_IntQTaskStkSizeRAM                 0x08006258   Data           4  os_cfg_app.o(.constdata)
    OSCfg_ISRStkBasePtr                      0x0800625c   Data           4  os_cfg_app.o(.constdata)
    OSCfg_ISRStkSize                         0x08006260   Data           4  os_cfg_app.o(.constdata)
    OSCfg_ISRStkSizeRAM                      0x08006264   Data           4  os_cfg_app.o(.constdata)
    OSCfg_MsgPoolSize                        0x08006268   Data           2  os_cfg_app.o(.constdata)
    OSCfg_MsgPoolSizeRAM                     0x0800626c   Data           4  os_cfg_app.o(.constdata)
    OSCfg_MsgPoolBasePtr                     0x08006270   Data           4  os_cfg_app.o(.constdata)
    OSCfg_StatTaskPrio                       0x08006274   Data           1  os_cfg_app.o(.constdata)
    OSCfg_StatTaskRate_Hz                    0x08006278   Data           4  os_cfg_app.o(.constdata)
    OSCfg_StatTaskStkBasePtr                 0x0800627c   Data           4  os_cfg_app.o(.constdata)
    OSCfg_StatTaskStkLimit                   0x08006280   Data           4  os_cfg_app.o(.constdata)
    OSCfg_StatTaskStkSize                    0x08006284   Data           4  os_cfg_app.o(.constdata)
    OSCfg_StatTaskStkSizeRAM                 0x08006288   Data           4  os_cfg_app.o(.constdata)
    OSCfg_StkSizeMin                         0x0800628c   Data           4  os_cfg_app.o(.constdata)
    OSCfg_TickRate_Hz                        0x08006290   Data           4  os_cfg_app.o(.constdata)
    OSCfg_TickTaskPrio                       0x08006294   Data           1  os_cfg_app.o(.constdata)
    OSCfg_TickTaskStkBasePtr                 0x08006298   Data           4  os_cfg_app.o(.constdata)
    OSCfg_TickTaskStkLimit                   0x0800629c   Data           4  os_cfg_app.o(.constdata)
    OSCfg_TickTaskStkSize                    0x080062a0   Data           4  os_cfg_app.o(.constdata)
    OSCfg_TickTaskStkSizeRAM                 0x080062a4   Data           4  os_cfg_app.o(.constdata)
    OSCfg_TmrTaskPrio                        0x080062a8   Data           1  os_cfg_app.o(.constdata)
    OSCfg_TmrTaskRate_Hz                     0x080062ac   Data           4  os_cfg_app.o(.constdata)
    OSCfg_TmrTaskStkBasePtr                  0x080062b0   Data           4  os_cfg_app.o(.constdata)
    OSCfg_TmrTaskStkLimit                    0x080062b4   Data           4  os_cfg_app.o(.constdata)
    OSCfg_TmrTaskStkSize                     0x080062b8   Data           4  os_cfg_app.o(.constdata)
    OSCfg_TmrTaskStkSizeRAM                  0x080062bc   Data           4  os_cfg_app.o(.constdata)
    OSCfg_DataSizeRAM                        0x080062c0   Data           4  os_cfg_app.o(.constdata)
    OSDbg_DbgEn                              0x080062c4   Data           1  os_dbg.o(.constdata)
    OSDbg_ArgChkEn                           0x080062c5   Data           1  os_dbg.o(.constdata)
    OSDbg_AppHooksEn                         0x080062c6   Data           1  os_dbg.o(.constdata)
    OSDbg_EndiannessTest                     0x080062c8   Data           4  os_dbg.o(.constdata)
    OSDbg_CalledFromISRChkEn                 0x080062cc   Data           1  os_dbg.o(.constdata)
    OSDbg_FlagEn                             0x080062cd   Data           1  os_dbg.o(.constdata)
    OSDbg_FlagGrp                            0x080062d0   Data          40  os_dbg.o(.constdata)
    OSDbg_FlagDelEn                          0x080062f8   Data           1  os_dbg.o(.constdata)
    OSDbg_FlagModeClrEn                      0x080062f9   Data           1  os_dbg.o(.constdata)
    OSDbg_FlagPendAbortEn                    0x080062fa   Data           1  os_dbg.o(.constdata)
    OSDbg_FlagGrpSize                        0x080062fc   Data           2  os_dbg.o(.constdata)
    OSDbg_FlagWidth                          0x080062fe   Data           2  os_dbg.o(.constdata)
    OSDbg_IntQ                               0x08006300   Data           2  os_dbg.o(.constdata)
    OSDbg_ISRPostDeferredEn                  0x08006302   Data           1  os_dbg.o(.constdata)
    OSDbg_Mem                                0x08006304   Data          32  os_dbg.o(.constdata)
    OSDbg_MemEn                              0x08006324   Data           1  os_dbg.o(.constdata)
    OSDbg_MemSize                            0x08006326   Data           2  os_dbg.o(.constdata)
    OSDbg_MsgEn                              0x08006328   Data           1  os_dbg.o(.constdata)
    OSDbg_MsgSize                            0x0800632a   Data           2  os_dbg.o(.constdata)
    OSDbg_MsgPoolSize                        0x0800632c   Data           2  os_dbg.o(.constdata)
    OSDbg_MsgQSize                           0x0800632e   Data           2  os_dbg.o(.constdata)
    OSDbg_Mutex                              0x08006330   Data          48  os_dbg.o(.constdata)
    OSDbg_MutexEn                            0x08006360   Data           1  os_dbg.o(.constdata)
    OSDbg_MutexDelEn                         0x08006361   Data           1  os_dbg.o(.constdata)
    OSDbg_MutexPendAbortEn                   0x08006362   Data           1  os_dbg.o(.constdata)
    OSDbg_MutexSize                          0x08006364   Data           2  os_dbg.o(.constdata)
    OSDbg_ObjTypeChkEn                       0x08006366   Data           1  os_dbg.o(.constdata)
    OSDbg_PendMultiEn                        0x08006367   Data           1  os_dbg.o(.constdata)
    OSDbg_PendDataSize                       0x08006368   Data           2  os_dbg.o(.constdata)
    OSDbg_PendListSize                       0x0800636a   Data           2  os_dbg.o(.constdata)
    OSDbg_PendObjSize                        0x0800636c   Data           2  os_dbg.o(.constdata)
    OSDbg_PrioMax                            0x0800636e   Data           2  os_dbg.o(.constdata)
    OSDbg_PrioTblSize                        0x08006370   Data           2  os_dbg.o(.constdata)
    OSDbg_PtrSize                            0x08006372   Data           2  os_dbg.o(.constdata)
    OSDbg_Q                                  0x08006374   Data          48  os_dbg.o(.constdata)
    OSDbg_QEn                                0x080063a4   Data           1  os_dbg.o(.constdata)
    OSDbg_QDelEn                             0x080063a5   Data           1  os_dbg.o(.constdata)
    OSDbg_QFlushEn                           0x080063a6   Data           1  os_dbg.o(.constdata)
    OSDbg_QPendAbortEn                       0x080063a7   Data           1  os_dbg.o(.constdata)
    OSDbg_QSize                              0x080063a8   Data           2  os_dbg.o(.constdata)
    OSDbg_SchedRoundRobinEn                  0x080063aa   Data           1  os_dbg.o(.constdata)
    OSDbg_Sem                                0x080063ac   Data          40  os_dbg.o(.constdata)
    OSDbg_SemEn                              0x080063d4   Data           1  os_dbg.o(.constdata)
    OSDbg_SemDelEn                           0x080063d5   Data           1  os_dbg.o(.constdata)
    OSDbg_SemPendAbortEn                     0x080063d6   Data           1  os_dbg.o(.constdata)
    OSDbg_SemSetEn                           0x080063d7   Data           1  os_dbg.o(.constdata)
    OSDbg_SemSize                            0x080063d8   Data           2  os_dbg.o(.constdata)
    OSDbg_RdyList                            0x080063da   Data           2  os_dbg.o(.constdata)
    OSDbg_RdyListSize                        0x080063dc   Data           4  os_dbg.o(.constdata)
    OSDbg_StkWidth                           0x080063e0   Data           1  os_dbg.o(.constdata)
    OSDbg_StatTaskEn                         0x080063e1   Data           1  os_dbg.o(.constdata)
    OSDbg_StatTaskStkChkEn                   0x080063e2   Data           1  os_dbg.o(.constdata)
    OSDbg_TaskChangePrioEn                   0x080063e3   Data           1  os_dbg.o(.constdata)
    OSDbg_TaskDelEn                          0x080063e4   Data           1  os_dbg.o(.constdata)
    OSDbg_TaskQEn                            0x080063e5   Data           1  os_dbg.o(.constdata)
    OSDbg_TaskQPendAbortEn                   0x080063e6   Data           1  os_dbg.o(.constdata)
    OSDbg_TaskProfileEn                      0x080063e7   Data           1  os_dbg.o(.constdata)
    OSDbg_TaskRegTblSize                     0x080063e8   Data           2  os_dbg.o(.constdata)
    OSDbg_TaskSemPendAbortEn                 0x080063ea   Data           1  os_dbg.o(.constdata)
    OSDbg_TaskSuspendEn                      0x080063eb   Data           1  os_dbg.o(.constdata)
    OSDbg_TCBSize                            0x080063ec   Data           2  os_dbg.o(.constdata)
    OSDbg_TickListSize                       0x080063ee   Data           2  os_dbg.o(.constdata)
    OSDbg_TimeDlyHMSMEn                      0x080063f0   Data           1  os_dbg.o(.constdata)
    OSDbg_TimeDlyResumeEn                    0x080063f1   Data           1  os_dbg.o(.constdata)
    OSDbg_TLS_TblSize                        0x080063f2   Data           2  os_dbg.o(.constdata)
    OSDbg_Tmr                                0x080063f4   Data          48  os_dbg.o(.constdata)
    OSDbg_TmrEn                              0x08006424   Data           1  os_dbg.o(.constdata)
    OSDbg_TmrDelEn                           0x08006425   Data           1  os_dbg.o(.constdata)
    OSDbg_TmrSize                            0x08006426   Data           2  os_dbg.o(.constdata)
    OSDbg_VersionNbr                         0x08006428   Data           2  os_dbg.o(.constdata)
    OSDbg_DataSize                           0x0800642c   Data           4  os_dbg.o(.constdata)
    Region$$Table$$Base                      0x08006430   Number         0  anon$$obj.o(Region$$Table)
    Region$$Table$$Limit                     0x08006450   Number         0  anon$$obj.o(Region$$Table)
    DataRx                                   0x20000010   Data           4  stm32f4xx_it.o(.data)
    TurnMotorSpeed                           0x20000018   Data           1  app.o(.data)
    BRK_MotorSpeed                           0x20000019   Data           1  app.o(.data)
    speed                                    0x2000001a   Data           1  app.o(.data)
    Angle                                    0x20000020   Data           8  app.o(.data)
    Angle_1                                  0x20000030   Data           8  angulartransducer.o(.data)
    Angle_2                                  0x20000038   Data           8  angulartransducer.o(.data)
    ADC_ConvertedValue                       0x20000050   Data           2  bsp_adc.o(.data)
    DualSine12bit                            0x20000054   Data           4  bsp_dac.o(.data)
    CPU_TS_TmrFreq_Hz                        0x20000058   Data           4  cpu_core.o(.data)
    Mem_SegHeadPtr                           0x2000005c   Data           4  lib_mem.o(.data)
    OSPrioTbl                                0x20000060   Data           8  os_prio.o(.data)
    OS_AppTaskCreateHookPtr                  0x20000068   Data           4  os_var.o(.data)
    OS_AppTaskDelHookPtr                     0x2000006c   Data           4  os_var.o(.data)
    OS_AppTaskReturnHookPtr                  0x20000070   Data           4  os_var.o(.data)
    OS_AppIdleTaskHookPtr                    0x20000074   Data           4  os_var.o(.data)
    OS_AppStatTaskHookPtr                    0x20000078   Data           4  os_var.o(.data)
    OS_AppTaskSwHookPtr                      0x2000007c   Data           4  os_var.o(.data)
    OS_AppTimeTickHookPtr                    0x20000080   Data           4  os_var.o(.data)
    OSIdleTaskCtr                            0x20000084   Data           4  os_var.o(.data)
    OSIntNestingCtr                          0x20000088   Data           1  os_var.o(.data)
    OSRunning                                0x20000089   Data           1  os_var.o(.data)
    OSFlagDbgListPtr                         0x2000008c   Data           4  os_var.o(.data)
    OSFlagQty                                0x20000090   Data           2  os_var.o(.data)
    OSMemDbgListPtr                          0x20000094   Data           4  os_var.o(.data)
    OSMemQty                                 0x20000098   Data           2  os_var.o(.data)
    OSMutexDbgListPtr                        0x2000009c   Data           4  os_var.o(.data)
    OSMutexQty                               0x200000a0   Data           2  os_var.o(.data)
    OSPrioCur                                0x200000a2   Data           1  os_var.o(.data)
    OSPrioHighRdy                            0x200000a3   Data           1  os_var.o(.data)
    OSPrioSaved                              0x200000a4   Data           1  os_var.o(.data)
    OSQDbgListPtr                            0x200000a8   Data           4  os_var.o(.data)
    OSQQty                                   0x200000ac   Data           2  os_var.o(.data)
    OSSchedLockTimeBegin                     0x200000b0   Data           4  os_var.o(.data)
    OSSchedLockTimeMax                       0x200000b4   Data           4  os_var.o(.data)
    OSSchedLockTimeMaxCur                    0x200000b8   Data           4  os_var.o(.data)
    OSSchedLockNestingCtr                    0x200000bc   Data           1  os_var.o(.data)
    OSSemDbgListPtr                          0x200000c0   Data           4  os_var.o(.data)
    OSSemQty                                 0x200000c4   Data           2  os_var.o(.data)
    OSStatResetFlag                          0x200000c6   Data           1  os_var.o(.data)
    OSStatTaskCPUUsage                       0x200000c8   Data           2  os_var.o(.data)
    OSStatTaskCPUUsageMax                    0x200000ca   Data           2  os_var.o(.data)
    OSStatTaskCtr                            0x200000cc   Data           4  os_var.o(.data)
    OSStatTaskCtrMax                         0x200000d0   Data           4  os_var.o(.data)
    OSStatTaskCtrRun                         0x200000d4   Data           4  os_var.o(.data)
    OSStatTaskRdy                            0x200000d8   Data           1  os_var.o(.data)
    OSStatTaskTimeMax                        0x200000dc   Data           4  os_var.o(.data)
    OSTaskCtxSwCtr                           0x200000e0   Data           4  os_var.o(.data)
    OSTaskDbgListPtr                         0x200000e4   Data           4  os_var.o(.data)
    OSTaskQty                                0x200000e8   Data           2  os_var.o(.data)
    OSTaskRegNextAvailID                     0x200000ea   Data           1  os_var.o(.data)
    OSTickCtr                                0x200000ec   Data           4  os_var.o(.data)
    OSTickTaskTimeMax                        0x200000f0   Data           4  os_var.o(.data)
    OSTickListDly                            0x200000f4   Data           8  os_var.o(.data)
    OSTickListTimeout                        0x200000fc   Data           8  os_var.o(.data)
    OSTmrDbgListPtr                          0x20000104   Data           4  os_var.o(.data)
    OSTmrListEntries                         0x20000108   Data           2  os_var.o(.data)
    OSTmrListPtr                             0x2000010c   Data           4  os_var.o(.data)
    OSTmrQty                                 0x20000110   Data           2  os_var.o(.data)
    OSTmrTaskTimeMax                         0x20000114   Data           4  os_var.o(.data)
    OSTmrTickCtr                             0x20000118   Data           4  os_var.o(.data)
    OSTmrUpdateCnt                           0x2000011c   Data           4  os_var.o(.data)
    OSTmrUpdateCtr                           0x20000120   Data           4  os_var.o(.data)
    OSTCBCurPtr                              0x20000124   Data           4  os_var.o(.data)
    OSTCBHighRdyPtr                          0x20000128   Data           4  os_var.o(.data)
    OS_CPU_ExceptStkBase                     0x2000012c   Data           4  os_cpu_c.o(.data)
    __stdout                                 0x20000130   Data           4  stdout.o(.data)
    AppTaskUsartTCB                          0x20000434   Data         192  app.o(.bss)
    AppTaskUsartTxTCB                        0x200004f4   Data         192  app.o(.bss)
    MyPartition                              0x20001fb4   Data          32  app.o(.bss)
    MyPartitionStorage                       0x20001fd4   Data         120  app.o(.bss)
    data                                     0x2000204c   Data           9  bsp_rs232_usart.o(.bss)
    SPEED_DAC_InitStructure                  0x20002058   Data          16  bsp_dac.o(.bss)
    CPU_Name                                 0x20002068   Data          16  cpu_core.o(.bss)
    Mem_Heap                                 0x20002078   Data        3072  lib_mem.o(.bss)
    Mem_SegHeap                              0x20002c78   Data          20  lib_mem.o(.bss)
    OSCfg_IdleTaskStk                        0x20002c8c   Data         256  os_cfg_app.o(.bss)
    OSCfg_ISRStk                             0x20002d8c   Data         400  os_cfg_app.o(.bss)
    OSCfg_MsgPool                            0x20002f1c   Data        1600  os_cfg_app.o(.bss)
    OSCfg_StatTaskStk                        0x2000355c   Data         400  os_cfg_app.o(.bss)
    OSCfg_TickTaskStk                        0x200036ec   Data         400  os_cfg_app.o(.bss)
    OSCfg_TmrTaskStk                         0x2000387c   Data         400  os_cfg_app.o(.bss)
    OSIdleTaskTCB                            0x20003a0c   Data         192  os_var.o(.bss)
    OSMsgPool                                0x20003acc   Data          12  os_var.o(.bss)
    OSRdyList                                0x20003ad8   Data         768  os_var.o(.bss)
    OSStatTaskTCB                            0x20003dd8   Data         192  os_var.o(.bss)
    OSTickTaskTCB                            0x20003e98   Data         192  os_var.o(.bss)
    OSTmrMutex                               0x20003f58   Data          48  os_var.o(.bss)
    OSTmrTaskTCB                             0x20003f88   Data         192  os_var.o(.bss)
    __initial_sp                             0x20005048   Data           0  startup_stm32f429_439xx.o(STACK)



==============================================================================

Memory Map of the image

  Image Entry point : 0x080001ad

  Load Region LR_IROM1 (Base: 0x08000000, Size: 0x00006584, Max: 0x00100000, ABSOLUTE, COMPRESSED[0x00006460])

    Execution Region ER_IROM1 (Base: 0x08000000, Size: 0x00006450, Max: 0x00100000, ABSOLUTE)

    Base Addr    Size         Type   Attr      Idx    E Section Name        Object

    0x08000000   0x000001ac   Data   RO            3    RESET               startup_stm32f429_439xx.o
    0x080001ac   0x00000000   Code   RO         7795  * .ARM.Collect$$$$00000000  mc_w.l(entry.o)
    0x080001ac   0x00000004   Code   RO         8074    .ARM.Collect$$$$00000001  mc_w.l(entry2.o)
    0x080001b0   0x00000004   Code   RO         8077    .ARM.Collect$$$$00000004  mc_w.l(entry5.o)
    0x080001b4   0x00000000   Code   RO         8079    .ARM.Collect$$$$00000008  mc_w.l(entry7b.o)
    0x080001b4   0x00000000   Code   RO         8081    .ARM.Collect$$$$0000000A  mc_w.l(entry8b.o)
    0x080001b4   0x00000008   Code   RO         8082    .ARM.Collect$$$$0000000B  mc_w.l(entry9a.o)
    0x080001bc   0x00000000   Code   RO         8084    .ARM.Collect$$$$0000000D  mc_w.l(entry10a.o)
    0x080001bc   0x00000000   Code   RO         8086    .ARM.Collect$$$$0000000F  mc_w.l(entry11a.o)
    0x080001bc   0x00000004   Code   RO         8075    .ARM.Collect$$$$00002712  mc_w.l(entry2.o)
    0x080001c0   0x0000004c   Code   RO            4    .text               startup_stm32f429_439xx.o
    0x0800020c   0x00000034   Code   RO         6083    .text               cpu_a.o
    0x08000240   0x0000014e   Code   RO         8060    .text               mf_w.l(dadd.o)
    0x0800038e   0x000000e4   Code   RO         8062    .text               mf_w.l(dmul.o)
    0x08000472   0x000000de   Code   RO         8064    .text               mf_w.l(ddiv.o)
    0x08000550   0x00000022   Code   RO         8066    .text               mf_w.l(dflti.o)
    0x08000572   0x00000032   Code   RO         8068    .text               mf_w.l(dfixui.o)
    0x080005a4   0x00000030   Code   RO         8070    .text               mf_w.l(cdcmple.o)
    0x080005d4   0x00000030   Code   RO         8072    .text               mf_w.l(cdrcmple.o)
    0x08000604   0x0000001e   Code   RO         8091    .text               mc_w.l(llshl.o)
    0x08000622   0x00000020   Code   RO         8093    .text               mc_w.l(llushr.o)
    0x08000642   0x00000024   Code   RO         8095    .text               mc_w.l(llsshr.o)
    0x08000666   0x00000000   Code   RO         8097    .text               mc_w.l(iusefp.o)
    0x08000666   0x000000ba   Code   RO         8098    .text               mf_w.l(depilogue.o)
    0x08000720   0x00000024   Code   RO         8102    .text               mc_w.l(init.o)
    0x08000744   0x00000056   Code   RO         8112    .text               mc_w.l(__dczerorl2.o)
    0x0800079a   0x00000002   PAD
    0x0800079c   0x0000010c   Code   RO         7707    CODE                os_cpu_a.o
    0x080008a8   0x00000016   Code   RO          219    i.ADC_Cmd           stm32f4xx_adc.o
    0x080008be   0x00000002   PAD
    0x080008c0   0x00000030   Code   RO          220    i.ADC_CommonInit    stm32f4xx_adc.o
    0x080008f0   0x00000016   Code   RO          223    i.ADC_DMACmd        stm32f4xx_adc.o
    0x08000906   0x00000016   Code   RO          224    i.ADC_DMARequestAfterLastTransferCmd  stm32f4xx_adc.o
    0x0800091c   0x00000054   Code   RO          239    i.ADC_Init          stm32f4xx_adc.o
    0x08000970   0x000000b8   Code   RO          244    i.ADC_RegularChannelConfig  stm32f4xx_adc.o
    0x08000a28   0x0000000a   Code   RO          246    i.ADC_SoftwareStartConv  stm32f4xx_adc.o
    0x08000a32   0x00000002   PAD
    0x08000a34   0x00000200   Code   RO         5727    i.AngleTransducer   angulartransducer.o
    0x08000c34   0x00000010   Code   RO         5728    i.AngularTransducer_Config  angulartransducer.o
    0x08000c44   0x00000064   Code   RO         5347    i.AppTaskAngularTransducer  app.o
    0x08000ca8   0x0000003c   Code   RO         5348    i.AppTaskLed1       app.o
    0x08000ce4   0x00000012   Code   RO         5349    i.AppTaskLed2       app.o
    0x08000cf6   0x00000002   PAD
    0x08000cf8   0x0000015c   Code   RO         5350    i.AppTaskStart      app.o
    0x08000e54   0x00000060   Code   RO         5829    i.BRK_MotorSpeedSet  bsp_pwm.o
    0x08000eb4   0x00000028   Code   RO         5880    i.BRK_POS_ADC_GPIO_Config  bsp_adc.o
    0x08000edc   0x000000d8   Code   RO         5881    i.BRK_POS_ADC_Mode_Config  bsp_adc.o
    0x08000fb4   0x0000000c   Code   RO         5882    i.BRK_POS_Init      bsp_adc.o
    0x08000fc0   0x0000000e   Code   RO         5491    i.BSP_CPU_ClkFreq   bsp.o
    0x08000fce   0x00000024   Code   RO         5492    i.BSP_Init          bsp.o
    0x08000ff2   0x00000004   Code   RO         5158    i.BusFault_Handler  stm32f4xx_it.o
    0x08000ff6   0x00000002   PAD
    0x08000ff8   0x00000088   Code   RO         5159    i.CAN1_RX0_IRQHandler  stm32f4xx_it.o
    0x08001080   0x00000024   Code   RO         5665    i.CAN_Config        bsp_can.o
    0x080010a4   0x00000038   Code   RO          463    i.CAN_DeInit        stm32f4xx_can.o
    0x080010dc   0x00000108   Code   RO          465    i.CAN_FilterInit    stm32f4xx_can.o
    0x080011e4   0x0000004c   Code   RO         5666    i.CAN_Filter_Config  bsp_can.o
    0x08001230   0x0000005c   Code   RO         5667    i.CAN_GPIO_Config   bsp_can.o
    0x0800128c   0x00000012   Code   RO          471    i.CAN_ITConfig      stm32f4xx_can.o
    0x0800129e   0x00000114   Code   RO          472    i.CAN_Init          stm32f4xx_can.o
    0x080013b2   0x00000002   PAD
    0x080013b4   0x00000060   Code   RO         5668    i.CAN_Mode_Config   bsp_can.o
    0x08001414   0x00000028   Code   RO         5669    i.CAN_NVIC_Config   bsp_can.o
    0x0800143c   0x000000f0   Code   RO          475    i.CAN_Receive       stm32f4xx_can.o
    0x0800152c   0x00000044   Code   RO         5670    i.CAN_SendMes       bsp_can.o
    0x08001570   0x00000020   Code   RO          478    i.CAN_StructInit    stm32f4xx_can.o
    0x08001590   0x00000126   Code   RO          480    i.CAN_Transmit      stm32f4xx_can.o
    0x080016b6   0x0000000c   Code   RO         5965    i.CPU_Init          cpu_core.o
    0x080016c2   0x00000002   PAD
    0x080016c4   0x00000030   Code   RO         5966    i.CPU_NameClr       cpu_core.o
    0x080016f4   0x00000008   Code   RO         5968    i.CPU_NameInit      cpu_core.o
    0x080016fc   0x00000004   Code   RO         5970    i.CPU_SW_Exception  cpu_core.o
    0x08001700   0x00000014   Code   RO         5972    i.CPU_TS_Init       cpu_core.o
    0x08001714   0x0000000c   Code   RO         5974    i.CPU_TS_TmrFreqSet  cpu_core.o
    0x08001720   0x00000034   Code   RO         5495    i.CPU_TS_TmrInit    bsp.o
    0x08001754   0x0000000c   Code   RO         5496    i.CPU_TS_TmrRd      bsp.o
    0x08001760   0x0000006c   Code   RO         5793    i.CarSpeedSet       bsp_speed.o
    0x080017cc   0x00000028   Code   RO          943    i.DAC_Cmd           stm32f4xx_dac.o
    0x080017f4   0x0000002c   Code   RO          944    i.DAC_DMACmd        stm32f4xx_dac.o
    0x08001820   0x00000034   Code   RO          951    i.DAC_Init          stm32f4xx_dac.o
    0x08001854   0x00000044   Code   RO         5830    i.DIR_GPIO_Config   bsp_pwm.o
    0x08001898   0x00000016   Code   RO         1219    i.DMA_Cmd           stm32f4xx_dma.o
    0x080018ae   0x00000002   PAD
    0x080018b0   0x00000058   Code   RO         1231    i.DMA_Init          stm32f4xx_dma.o
    0x08001908   0x00000002   Code   RO         5160    i.DebugMon_Handler  stm32f4xx_it.o
    0x0800190a   0x00000090   Code   RO         2043    i.GPIO_Init         stm32f4xx_gpio.o
    0x0800199a   0x00000046   Code   RO         2044    i.GPIO_PinAFConfig  stm32f4xx_gpio.o
    0x080019e0   0x00000004   Code   RO         2050    i.GPIO_ResetBits    stm32f4xx_gpio.o
    0x080019e4   0x00000004   Code   RO         2051    i.GPIO_SetBits      stm32f4xx_gpio.o
    0x080019e8   0x00000004   Code   RO         5161    i.HardFault_Handler  stm32f4xx_it.o
    0x080019ec   0x00000064   Code   RO         5567    i.LED_GPIO_Config   bsp_led.o
    0x08001a50   0x0000002c   Code   RO         5568    i.LED_Init          bsp_led.o
    0x08001a7c   0x00000004   Code   RO         5162    i.MemManage_Handler  stm32f4xx_it.o
    0x08001a80   0x00000012   Code   RO         6285    i.Mem_Clr           lib_mem.o
    0x08001a92   0x00000002   PAD
    0x08001a94   0x0000004c   Code   RO         6295    i.Mem_Init          lib_mem.o
    0x08001ae0   0x0000004a   Code   RO         6308    i.Mem_SegCreate     lib_mem.o
    0x08001b2a   0x00000002   PAD
    0x08001b2c   0x00000020   Code   RO         6309    i.Mem_SegCreateCritical  lib_mem.o
    0x08001b4c   0x00000054   Code   RO         6312    i.Mem_Set           lib_mem.o
    0x08001ba0   0x00000010   Code   RO         5831    i.Motor_Configuration  bsp_pwm.o
    0x08001bb0   0x00000002   Code   RO         5163    i.NMI_Handler       stm32f4xx_it.o
    0x08001bb2   0x00000026   Code   RO         5596    i.NVIC_Configuration  bsp_rs232_usart.o
    0x08001bd8   0x00000078   Code   RO          161    i.NVIC_Init         misc.o
    0x08001c50   0x00000014   Code   RO          162    i.NVIC_PriorityGroupConfig  misc.o
    0x08001c64   0x00000002   Code   RO         6620    i.OSCfg_Init        os_cfg_app.o
    0x08001c66   0x00000002   PAD
    0x08001c68   0x00000014   Code   RO         7710    i.OSIdleTaskHook    os_cpu_c.o
    0x08001c7c   0x00000164   Code   RO         6643    i.OSInit            os_core.o
    0x08001de0   0x00000028   Code   RO         7711    i.OSInitHook        os_cpu_c.o
    0x08001e08   0x0000002c   Code   RO         6644    i.OSIntEnter        os_core.o
    0x08001e34   0x000000dc   Code   RO         6645    i.OSIntExit         os_core.o
    0x08001f10   0x000000e0   Code   RO         6964    i.OSMemCreate       os_mem.o
    0x08001ff0   0x00000064   Code   RO         6965    i.OSMemGet          os_mem.o
    0x08002054   0x00000070   Code   RO         7036    i.OSMutexCreate     os_mutex.o
    0x080020c4   0x000001d0   Code   RO         7038    i.OSMutexPend       os_mutex.o
    0x08002294   0x0000018c   Code   RO         7040    i.OSMutexPost       os_mutex.o
    0x08002420   0x000000a4   Code   RO         6646    i.OSSched           os_core.o
    0x080024c4   0x00000060   Code   RO         6647    i.OSSchedLock       os_core.o
    0x08002524   0x00000080   Code   RO         6648    i.OSSchedUnlock     os_core.o
    0x080025a4   0x00000068   Code   RO         6649    i.OSStart           os_core.o
    0x0800260c   0x00000128   Code   RO         7307    i.OSStatReset       os_stat.o
    0x08002734   0x000000f0   Code   RO         7308    i.OSStatTaskCPUUsageInit  os_stat.o
    0x08002824   0x00000014   Code   RO         7712    i.OSStatTaskHook    os_cpu_c.o
    0x08002838   0x00000190   Code   RO         7338    i.OSTaskCreate      os_task.o
    0x080029c8   0x00000018   Code   RO         7713    i.OSTaskCreateHook  os_cpu_c.o
    0x080029e0   0x00000188   Code   RO         7339    i.OSTaskDel         os_task.o
    0x08002b68   0x00000018   Code   RO         7714    i.OSTaskDelHook     os_cpu_c.o
    0x08002b80   0x00000052   Code   RO         7343    i.OSTaskQPost       os_task.o
    0x08002bd2   0x00000002   PAD
    0x08002bd4   0x00000054   Code   RO         7347    i.OSTaskResume      os_task.o
    0x08002c28   0x00000018   Code   RO         7715    i.OSTaskReturnHook  os_cpu_c.o
    0x08002c40   0x000001c8   Code   RO         7348    i.OSTaskSemPend     os_task.o
    0x08002e08   0x0000003e   Code   RO         7350    i.OSTaskSemPost     os_task.o
    0x08002e46   0x00000002   PAD
    0x08002e48   0x000000c0   Code   RO         7352    i.OSTaskStkChk      os_task.o
    0x08002f08   0x000002c4   Code   RO         7716    i.OSTaskStkInit     os_cpu_c.o
    0x080031cc   0x00000024   Code   RO         7353    i.OSTaskSuspend     os_task.o
    0x080031f0   0x000000b8   Code   RO         7717    i.OSTaskSwHook      os_cpu_c.o
    0x080032a8   0x000000a4   Code   RO         7557    i.OSTimeDly         os_time.o
    0x0800334c   0x00000044   Code   RO         7562    i.OSTimeTick        os_time.o
    0x08003390   0x00000014   Code   RO         7718    i.OSTimeTickHook    os_cpu_c.o
    0x080033a4   0x00000038   Code   RO         7719    i.OS_CPU_SysTickHandler  os_cpu_c.o
    0x080033dc   0x00000030   Code   RO         7720    i.OS_CPU_SysTickInit  os_cpu_c.o
    0x0800340c   0x000001a8   Code   RO         6859    i.OS_Dbg_Init       os_dbg.o
    0x080035b4   0x00000018   Code   RO         6884    i.OS_FlagInit       os_flag.o
    0x080035cc   0x00000044   Code   RO         6651    i.OS_IdleTask       os_core.o
    0x08003610   0x00000070   Code   RO         6652    i.OS_IdleTaskInit   os_core.o
    0x08003680   0x00000028   Code   RO         6967    i.OS_MemDbgListAdd  os_mem.o
    0x080036a8   0x00000018   Code   RO         6968    i.OS_MemInit        os_mem.o
    0x080036c0   0x0000007c   Code   RO         7000    i.OS_MsgPoolInit    os_msg.o
    0x0800373c   0x00000044   Code   RO         7001    i.OS_MsgQFreeAll    os_msg.o
    0x08003780   0x0000000e   Code   RO         7003    i.OS_MsgQInit       os_msg.o
    0x0800378e   0x00000002   PAD
    0x08003790   0x00000104   Code   RO         7004    i.OS_MsgQPut        os_msg.o
    0x08003894   0x00000030   Code   RO         7042    i.OS_MutexDbgListAdd  os_mutex.o
    0x080038c4   0x00000008   Code   RO         7044    i.OS_MutexGrpAdd    os_mutex.o
    0x080038cc   0x00000060   Code   RO         7045    i.OS_MutexGrpPostAll  os_mutex.o
    0x0800392c   0x0000002c   Code   RO         7046    i.OS_MutexGrpPrioFindHighest  os_mutex.o
    0x08003958   0x0000001c   Code   RO         7047    i.OS_MutexGrpRemove  os_mutex.o
    0x08003974   0x00000018   Code   RO         7048    i.OS_MutexInit      os_mutex.o
    0x0800398c   0x00000068   Code   RO         6653    i.OS_Pend           os_core.o
    0x080039f4   0x00000028   Code   RO         6656    i.OS_PendDataInit   os_core.o
    0x08003a1c   0x0000005c   Code   RO         6657    i.OS_PendDbgNameAdd  os_core.o
    0x08003a78   0x00000024   Code   RO         6658    i.OS_PendDbgNameRemove  os_core.o
    0x08003a9c   0x0000003a   Code   RO         6659    i.OS_PendListChangePrio  os_core.o
    0x08003ad6   0x0000000a   Code   RO         6660    i.OS_PendListInit   os_core.o
    0x08003ae0   0x00000066   Code   RO         6662    i.OS_PendListInsertPrio  os_core.o
    0x08003b46   0x00000034   Code   RO         6663    i.OS_PendListRemove  os_core.o
    0x08003b7a   0x00000042   Code   RO         6664    i.OS_PendListRemove1  os_core.o
    0x08003bbc   0x000000d6   Code   RO         6667    i.OS_Post           os_core.o
    0x08003c92   0x0000002c   Code   RO         6668    i.OS_Post1          os_core.o
    0x08003cbe   0x00000002   PAD
    0x08003cc0   0x00000028   Code   RO         7126    i.OS_PrioGetHighest  os_prio.o
    0x08003ce8   0x00000018   Code   RO         7127    i.OS_PrioInit       os_prio.o
    0x08003d00   0x00000024   Code   RO         7128    i.OS_PrioInsert     os_prio.o
    0x08003d24   0x00000024   Code   RO         7129    i.OS_PrioRemove     os_prio.o
    0x08003d48   0x00000018   Code   RO         7172    i.OS_QInit          os_q.o
    0x08003d60   0x00000024   Code   RO         6669    i.OS_RdyListInit    os_core.o
    0x08003d84   0x0000002c   Code   RO         6670    i.OS_RdyListInsert  os_core.o
    0x08003db0   0x00000040   Code   RO         6671    i.OS_RdyListInsertHead  os_core.o
    0x08003df0   0x0000003c   Code   RO         6672    i.OS_RdyListInsertTail  os_core.o
    0x08003e2c   0x0000005c   Code   RO         6674    i.OS_RdyListRemove  os_core.o
    0x08003e88   0x0000001c   Code   RO         6675    i.OS_SchedLockTimeMeasStart  os_core.o
    0x08003ea4   0x0000003c   Code   RO         6676    i.OS_SchedLockTimeMeasStop  os_core.o
    0x08003ee0   0x00000018   Code   RO         7244    i.OS_SemInit        os_sem.o
    0x08003ef8   0x000002e8   Code   RO         7309    i.OS_StatTask       os_stat.o
    0x080041e0   0x000000cc   Code   RO         7310    i.OS_StatTaskInit   os_stat.o
    0x080042ac   0x0000002c   Code   RO         6677    i.OS_TaskBlock      os_core.o
    0x080042d8   0x000000ec   Code   RO         7354    i.OS_TaskChangePrio  os_task.o
    0x080043c4   0x00000030   Code   RO         7355    i.OS_TaskDbgListAdd  os_task.o
    0x080043f4   0x00000044   Code   RO         7356    i.OS_TaskDbgListRemove  os_task.o
    0x08004438   0x00000020   Code   RO         7357    i.OS_TaskInit       os_task.o
    0x08004458   0x000000bc   Code   RO         7358    i.OS_TaskInitTCB    os_task.o
    0x08004514   0x000000e0   Code   RO         7359    i.OS_TaskQPost      os_task.o
    0x080045f4   0x00000100   Code   RO         7360    i.OS_TaskResume     os_task.o
    0x080046f4   0x00000018   Code   RO         7361    i.OS_TaskReturn     os_task.o
    0x0800470c   0x000001c4   Code   RO         7362    i.OS_TaskSemPost    os_task.o
    0x080048d0   0x00000118   Code   RO         7363    i.OS_TaskSuspend    os_task.o
    0x080049e8   0x00000086   Code   RO         7505    i.OS_TickListInsert  os_tick.o
    0x08004a6e   0x00000002   PAD
    0x08004a70   0x000000bc   Code   RO         7506    i.OS_TickListInsertDly  os_tick.o
    0x08004b2c   0x00000058   Code   RO         7507    i.OS_TickListRemove  os_tick.o
    0x08004b84   0x00000002   Code   RO         7508    i.OS_TickListResetPeak  os_tick.o
    0x08004b86   0x00000002   PAD
    0x08004b88   0x00000098   Code   RO         7509    i.OS_TickListUpdateDly  os_tick.o
    0x08004c20   0x00000114   Code   RO         7510    i.OS_TickListUpdateTimeout  os_tick.o
    0x08004d34   0x00000064   Code   RO         7511    i.OS_TickTask       os_tick.o
    0x08004d98   0x000000c8   Code   RO         7512    i.OS_TickTaskInit   os_tick.o
    0x08004e60   0x00000134   Code   RO         7608    i.OS_TmrInit        os_tmr.o
    0x08004f94   0x00000018   Code   RO         7609    i.OS_TmrLock        os_tmr.o
    0x08004fac   0x00000002   Code   RO         7610    i.OS_TmrResetPeak   os_tmr.o
    0x08004fae   0x00000002   PAD
    0x08004fb0   0x00000094   Code   RO         7611    i.OS_TmrTask        os_tmr.o
    0x08005044   0x00000044   Code   RO         7612    i.OS_TmrUnlink      os_tmr.o
    0x08005088   0x00000014   Code   RO         7613    i.OS_TmrUnlock      os_tmr.o
    0x0800509c   0x00000070   Code   RO         5832    i.PWMOUTPUT_Config  bsp_pwm.o
    0x0800510c   0x00000050   Code   RO         5833    i.PWM_GPIO_Config   bsp_pwm.o
    0x0800515c   0x00000020   Code   RO         2957    i.RCC_AHB1PeriphClockCmd  stm32f4xx_rcc.o
    0x0800517c   0x00000020   Code   RO         2966    i.RCC_APB1PeriphClockCmd  stm32f4xx_rcc.o
    0x0800519c   0x00000020   Code   RO         2968    i.RCC_APB1PeriphResetCmd  stm32f4xx_rcc.o
    0x080051bc   0x00000020   Code   RO         2969    i.RCC_APB2PeriphClockCmd  stm32f4xx_rcc.o
    0x080051dc   0x000000e8   Code   RO         2978    i.RCC_GetClocksFreq  stm32f4xx_rcc.o
    0x080052c4   0x000000d0   Code   RO         5794    i.Relay_GPIO_Config  bsp_speed.o
    0x08005394   0x0000005c   Code   RO         5795    i.Relay_Init        bsp_speed.o
    0x080053f0   0x00000054   Code   RO         5917    i.SPEED_DAC_Config  bsp_dac.o
    0x08005444   0x00000068   Code   RO         5918    i.SPEED_DAC_DMA_Config  bsp_dac.o
    0x080054ac   0x00000010   Code   RO         5919    i.SPEED_DAC_Mode_Init  bsp_dac.o
    0x080054bc   0x0000003c   Code   RO         5920    i.SPEED_DAC_TIM_Config  bsp_dac.o
    0x080054f8   0x00000002   Code   RO         5165    i.SVC_Handler       stm32f4xx_it.o
    0x080054fa   0x00000002   PAD
    0x080054fc   0x00000120   Code   RO           13    i.SetSysClock       system_stm32f4xx.o
    0x0800561c   0x00000068   Code   RO           15    i.SystemInit        system_stm32f4xx.o
    0x08005684   0x0000003a   Code   RO         4334    i.TI1_Config        stm32f4xx_tim.o
    0x080056be   0x00000050   Code   RO         4335    i.TI2_Config        stm32f4xx_tim.o
    0x0800570e   0x00000002   PAD
    0x08005710   0x00000060   Code   RO         5729    i.TIM1_3_GPIO_Config  angulartransducer.o
    0x08005770   0x00000036   Code   RO         5730    i.TIM1_3_NVIC_Configuration  angulartransducer.o
    0x080057a6   0x00000002   PAD
    0x080057a8   0x0000012c   Code   RO         5731    i.TIM1_3_PWMINPUT_Config  angulartransducer.o
    0x080058d4   0x000000e8   Code   RO         5732    i.TIM1_CC_IRQHandler  angulartransducer.o
    0x080059bc   0x000000e8   Code   RO         5733    i.TIM3_IRQHandler   angulartransducer.o
    0x08005aa4   0x00000006   Code   RO         4345    i.TIM_ClearITPendingBit  stm32f4xx_tim.o
    0x08005aaa   0x00000018   Code   RO         4350    i.TIM_Cmd           stm32f4xx_tim.o
    0x08005ac2   0x00000006   Code   RO         4365    i.TIM_GetCapture1   stm32f4xx_tim.o
    0x08005ac8   0x00000006   Code   RO         4366    i.TIM_GetCapture2   stm32f4xx_tim.o
    0x08005ace   0x00000022   Code   RO         4371    i.TIM_GetITStatus   stm32f4xx_tim.o
    0x08005af0   0x00000012   Code   RO         4375    i.TIM_ITConfig      stm32f4xx_tim.o
    0x08005b02   0x00000002   PAD
    0x08005b04   0x000000a4   Code   RO         4384    i.TIM_OC2Init       stm32f4xx_tim.o
    0x08005ba8   0x0000001a   Code   RO         4387    i.TIM_OC2PreloadConfig  stm32f4xx_tim.o
    0x08005bc2   0x00000002   PAD
    0x08005bc4   0x000000a0   Code   RO         4389    i.TIM_OC3Init       stm32f4xx_tim.o
    0x08005c64   0x00000012   Code   RO         4392    i.TIM_OC3PreloadConfig  stm32f4xx_tim.o
    0x08005c76   0x0000007c   Code   RO         4398    i.TIM_PWMIConfig    stm32f4xx_tim.o
    0x08005cf2   0x00000012   Code   RO         4404    i.TIM_SelectInputTrigger  stm32f4xx_tim.o
    0x08005d04   0x00000012   Code   RO         4405    i.TIM_SelectMasterSlaveMode  stm32f4xx_tim.o
    0x08005d16   0x00000012   Code   RO         4408    i.TIM_SelectOutputTrigger  stm32f4xx_tim.o
    0x08005d28   0x00000012   Code   RO         4409    i.TIM_SelectSlaveMode  stm32f4xx_tim.o
    0x08005d3a   0x00000004   Code   RO         4413    i.TIM_SetCompare2   stm32f4xx_tim.o
    0x08005d3e   0x00000004   Code   RO         4414    i.TIM_SetCompare3   stm32f4xx_tim.o
    0x08005d42   0x00000012   Code   RO         4417    i.TIM_SetIC1Prescaler  stm32f4xx_tim.o
    0x08005d54   0x0000001a   Code   RO         4418    i.TIM_SetIC2Prescaler  stm32f4xx_tim.o
    0x08005d6e   0x00000002   PAD
    0x08005d70   0x00000084   Code   RO         4422    i.TIM_TimeBaseInit  stm32f4xx_tim.o
    0x08005df4   0x0000005c   Code   RO         5834    i.TurnMotorSpeedSet  bsp_pwm.o
    0x08005e50   0x00000088   Code   RO         5597    i.USART2_IRQHandler  bsp_rs232_usart.o
    0x08005ed8   0x00000018   Code   RO         4904    i.USART_Cmd         stm32f4xx_usart.o
    0x08005ef0   0x000000c8   Code   RO         5598    i.USART_Config      bsp_rs232_usart.o
    0x08005fb8   0x0000001a   Code   RO         4907    i.USART_GetFlagStatus  stm32f4xx_usart.o
    0x08005fd2   0x00000054   Code   RO         4908    i.USART_GetITStatus  stm32f4xx_usart.o
    0x08006026   0x0000004a   Code   RO         4910    i.USART_ITConfig    stm32f4xx_usart.o
    0x08006070   0x000000d4   Code   RO         4911    i.USART_Init        stm32f4xx_usart.o
    0x08006144   0x0000000a   Code   RO         4918    i.USART_ReceiveData  stm32f4xx_usart.o
    0x0800614e   0x00000008   Code   RO         4921    i.USART_SendData    stm32f4xx_usart.o
    0x08006156   0x00000004   Code   RO         5167    i.UsageFault_Handler  stm32f4xx_it.o
    0x0800615a   0x00000002   PAD
    0x0800615c   0x00000010   Code   RO         7801    i.__0printf$bare    mc_w.l(printfb.o)
    0x0800616c   0x0000000e   Code   RO         8106    i.__scatterload_copy  mc_w.l(handlers.o)
    0x0800617a   0x00000002   Code   RO         8107    i.__scatterload_null  mc_w.l(handlers.o)
    0x0800617c   0x0000000e   Code   RO         8108    i.__scatterload_zeroinit  mc_w.l(handlers.o)
    0x0800618a   0x00000022   Code   RO         7808    i._printf_core      mc_w.l(printfb.o)
    0x080061ac   0x00000024   Code   RO         5603    i.fputc             bsp_rs232_usart.o
    0x080061d0   0x00000060   Code   RO         5351    i.main              app.o
    0x08006230   0x00000094   Data   RO         6622    .constdata          os_cfg_app.o
    0x080062c4   0x0000016c   Data   RO         6860    .constdata          os_dbg.o
    0x08006430   0x00000020   Data   RO         8104    Region$$Table       anon$$obj.o


    Execution Region RW_IRAM1 (Base: 0x20000000, Size: 0x00005048, Max: 0x00030000, ABSOLUTE, COMPRESSED[0x00000010])

    Base Addr    Size         Type   Attr      Idx    E Section Name        Object

    0x20000000   0x00000010   Data   RW         3010    .data               stm32f4xx_rcc.o
    0x20000010   0x00000004   Data   RW         5168    .data               stm32f4xx_it.o
    0x20000014   0x00000004   PAD
    0x20000018   0x00000010   Data   RW         5353    .data               app.o
    0x20000028   0x00000001   Data   RW         5605    .data               bsp_rs232_usart.o
    0x20000029   0x00000007   PAD
    0x20000030   0x00000020   Data   RW         5734    .data               angulartransducer.o
    0x20000050   0x00000002   Data   RW         5883    .data               bsp_adc.o
    0x20000052   0x00000002   PAD
    0x20000054   0x00000004   Data   RW         5922    .data               bsp_dac.o
    0x20000058   0x00000004   Data   RW         5978    .data               cpu_core.o
    0x2000005c   0x00000004   Data   RW         6314    .data               lib_mem.o
    0x20000060   0x00000008   Data   RW         7130    .data               os_prio.o
    0x20000068   0x000000c4   Data   RW         7694    .data               os_var.o
    0x2000012c   0x00000004   Data   RW         7721    .data               os_cpu_c.o
    0x20000130   0x00000004   Data   RW         8088    .data               mc_w.l(stdout.o)
    0x20000134   0x00001f18   Zero   RW         5352    .bss                app.o
    0x2000204c   0x00000009   Zero   RW         5604    .bss                bsp_rs232_usart.o
    0x20002055   0x00000003   PAD
    0x20002058   0x00000010   Zero   RW         5921    .bss                bsp_dac.o
    0x20002068   0x00000010   Zero   RW         5976    .bss                cpu_core.o
    0x20002078   0x00000c14   Zero   RW         6313    .bss                lib_mem.o
    0x20002c8c   0x00000d80   Zero   RW         6621    .bss                os_cfg_app.o
    0x20003a0c   0x0000063c   Zero   RW         7693    .bss                os_var.o
    0x20004048   0x00001000   Zero   RW            1    STACK               startup_stm32f429_439xx.o


==============================================================================

Image component sizes


      Code (inc. data)   RO Data    RW Data    ZI Data      Debug   Object Name

      1442        182          0         32          0       5666   angulartransducer.o
       622        216          0         16       7960      31511   app.o
       114         14          0          0          0       2173   bsp.o
       268         16          0          2          0       2408   bsp_adc.o
       408         20          0          0          0       3851   bsp_can.o
       264         26          0          4         16       2598   bsp_dac.o
       144         12          0          0          0       1091   bsp_led.o
       464         26          0          0          0       3666   bsp_pwm.o
       410         54          0          1          9       3320   bsp_rs232_usart.o
       408         40          0          0          0       1855   bsp_speed.o
        52          0          0          0          0        348   cpu_a.o
         0          0          0          0          0       7800   cpu_c.o
       104         18          0          4         16       5184   cpu_core.o
       284         26          0          4       3092      15421   lib_mem.o
       140         24          0          0          0       1831   misc.o
         2          0        148          0       3456      19323   os_cfg_app.o
      2538        352          0          0          0      20066   os_core.o
       268         14          0          0          0        436   os_cpu_a.o
      1168        168          0          4          0      27171   os_cpu_c.o
       424        278        364          0          0       4817   os_dbg.o
        24         10          0          0          0        926   os_flag.o
       388         24          0          0          0       3605   os_mem.o
       466         26          0          0          0       3449   os_msg.o
      1220         56          0          0          0       7487   os_mutex.o
       136         16          0          8          0       3046   os_prio.o
        24         10          0          0          0        927   os_q.o
        24         10          0          0          0        921   os_sem.o
      1484        190          0          0          0       4095   os_stat.o
      3512        176          0          0          0      16178   os_task.o
      1140         88          0          0          0       6650   os_tick.o
       232         26          0          0          0       1749   os_time.o
       570        142          0          0          0       4255   os_tmr.o
         0          0          0        196       1596      17900   os_var.o
        76         16        428          0       4096       1016   startup_stm32f429_439xx.o
       392         24          0          0          0       6227   stm32f4xx_adc.o
      1180         12          0          0          0       6262   stm32f4xx_can.o
       136         18          0          0          0       2762   stm32f4xx_dac.o
       110          6          0          0          0       2649   stm32f4xx_dma.o
       222          0          0          0          0       3351   stm32f4xx_gpio.o
       158         16          0          4          0      44921   stm32f4xx_it.o
       360         42          0         16          0       5820   stm32f4xx_rcc.o
       980         48          0          0          0      16402   stm32f4xx_tim.o
       438          8          0          0          0       6201   stm32f4xx_usart.o
       392         32          0          0          0     336237   system_stm32f4xx.o

    ----------------------------------------------------------------------
     23236       2482        972        304      20244     663572   Object Totals
         0          0         32          0          0          0   (incl. Generated)
        48          0          0         13          3          0   (incl. Padding)

    ----------------------------------------------------------------------

      Code (inc. data)   RO Data    RW Data    ZI Data      Debug   Library Member Name

        86          0          0          0          0          0   __dczerorl2.o
         0          0          0          0          0          0   entry.o
         0          0          0          0          0          0   entry10a.o
         0          0          0          0          0          0   entry11a.o
         8          4          0          0          0          0   entry2.o
         4          0          0          0          0          0   entry5.o
         0          0          0          0          0          0   entry7b.o
         0          0          0          0          0          0   entry8b.o
         8          4          0          0          0          0   entry9a.o
        30          0          0          0          0          0   handlers.o
        36          8          0          0          0         68   init.o
         0          0          0          0          0          0   iusefp.o
        30          0          0          0          0         68   llshl.o
        36          0          0          0          0         68   llsshr.o
        32          0          0          0          0         68   llushr.o
        50          8          0          0          0        152   printfb.o
         0          0          0          4          0          0   stdout.o
        48          0          0          0          0         68   cdcmple.o
        48          0          0          0          0         68   cdrcmple.o
       334          0          0          0          0        148   dadd.o
       222          0          0          0          0        100   ddiv.o
       186          0          0          0          0        176   depilogue.o
        50          0          0          0          0         76   dfixui.o
        34          0          0          0          0         76   dflti.o
       228          0          0          0          0         96   dmul.o

    ----------------------------------------------------------------------
      1472         24          0          4          0       1232   Library Totals
         2          0          0          0          0          0   (incl. Padding)

    ----------------------------------------------------------------------

      Code (inc. data)   RO Data    RW Data    ZI Data      Debug   Library Name

       320         24          0          4          0        424   mc_w.l
      1150          0          0          0          0        808   mf_w.l

    ----------------------------------------------------------------------
      1472         24          0          4          0       1232   Library Totals

    ----------------------------------------------------------------------

==============================================================================


      Code (inc. data)   RO Data    RW Data    ZI Data      Debug   

     24708       2506        972        308      20244     642264   Grand Totals
     24708       2506        972         16      20244     642264   ELF Image Totals (compressed)
     24708       2506        972         16          0          0   ROM Totals

==============================================================================

    Total RO  Size (Code + RO Data)                25680 (  25.08kB)
    Total RW  Size (RW Data + ZI Data)             20552 (  20.07kB)
    Total ROM Size (Code + RO Data + RW Data)      25696 (  25.09kB)

==============================================================================

