Component: ARM Compiler 5.06 update 4 (build 422) Tool: armlink [4d35d2]

==============================================================================

Section Cross References

    startup_stm32f429_439xx.o(RESET) refers to startup_stm32f429_439xx.o(STACK) for __initial_sp
    startup_stm32f429_439xx.o(RESET) refers to startup_stm32f429_439xx.o(.text) for Reset_Handler
    startup_stm32f429_439xx.o(RESET) refers to stm32f4xx_it.o(i.NMI_Handler) for NMI_Handler
    startup_stm32f429_439xx.o(RESET) refers to stm32f4xx_it.o(i.HardFault_Handler) for HardFault_Handler
    startup_stm32f429_439xx.o(RESET) refers to stm32f4xx_it.o(i.MemManage_Handler) for MemManage_Handler
    startup_stm32f429_439xx.o(RESET) refers to stm32f4xx_it.o(i.BusFault_Handler) for BusFault_Handler
    startup_stm32f429_439xx.o(RESET) refers to stm32f4xx_it.o(i.UsageFault_Handler) for UsageFault_Handler
    startup_stm32f429_439xx.o(RESET) refers to stm32f4xx_it.o(i.SVC_Handler) for SVC_Handler
    startup_stm32f429_439xx.o(RESET) refers to stm32f4xx_it.o(i.DebugMon_Handler) for DebugMon_Handler
    startup_stm32f429_439xx.o(RESET) refers to os_cpu_a.o(CODE) for OS_CPU_PendSVHandler
    startup_stm32f429_439xx.o(RESET) refers to os_cpu_c.o(i.OS_CPU_SysTickHandler) for OS_CPU_SysTickHandler
    startup_stm32f429_439xx.o(RESET) refers to bsp_can.o(i.CAN1_RX0_IRQHandler) for CAN1_RX0_IRQHandler
    startup_stm32f429_439xx.o(RESET) refers to bsp_rs232_usart.o(i.USART1_IRQHandler) for USART1_IRQHandler
    startup_stm32f429_439xx.o(RESET) refers to bsp_rs232_usart.o(i.USART2_IRQHandler) for USART2_IRQHandler
    startup_stm32f429_439xx.o(.text) refers to system_stm32f4xx.o(i.SystemInit) for SystemInit
    startup_stm32f429_439xx.o(.text) refers to entry.o(.ARM.Collect$$$$00000000) for __main
    system_stm32f4xx.o(i.SystemCoreClockUpdate) refers to system_stm32f4xx.o(.data) for SystemCoreClock
    system_stm32f4xx.o(i.SystemInit) refers to system_stm32f4xx.o(i.SetSysClock) for SetSysClock
    stm32f4xx_adc.o(i.ADC_DeInit) refers to stm32f4xx_rcc.o(i.RCC_APB2PeriphResetCmd) for RCC_APB2PeriphResetCmd
    stm32f4xx_can.o(i.CAN_DeInit) refers to stm32f4xx_rcc.o(i.RCC_APB1PeriphResetCmd) for RCC_APB1PeriphResetCmd
    stm32f4xx_can.o(i.CAN_GetITStatus) refers to stm32f4xx_can.o(i.CheckITStatus) for CheckITStatus
    stm32f4xx_cryp.o(i.CRYP_DeInit) refers to stm32f4xx_rcc.o(i.RCC_AHB2PeriphResetCmd) for RCC_AHB2PeriphResetCmd
    stm32f4xx_cryp_aes.o(i.CRYP_AES_CBC) refers to stm32f4xx_cryp.o(i.CRYP_KeyStructInit) for CRYP_KeyStructInit
    stm32f4xx_cryp_aes.o(i.CRYP_AES_CBC) refers to stm32f4xx_cryp.o(i.CRYP_FIFOFlush) for CRYP_FIFOFlush
    stm32f4xx_cryp_aes.o(i.CRYP_AES_CBC) refers to stm32f4xx_cryp.o(i.CRYP_Init) for CRYP_Init
    stm32f4xx_cryp_aes.o(i.CRYP_AES_CBC) refers to stm32f4xx_cryp.o(i.CRYP_KeyInit) for CRYP_KeyInit
    stm32f4xx_cryp_aes.o(i.CRYP_AES_CBC) refers to stm32f4xx_cryp.o(i.CRYP_Cmd) for CRYP_Cmd
    stm32f4xx_cryp_aes.o(i.CRYP_AES_CBC) refers to stm32f4xx_cryp.o(i.CRYP_GetFlagStatus) for CRYP_GetFlagStatus
    stm32f4xx_cryp_aes.o(i.CRYP_AES_CBC) refers to stm32f4xx_cryp.o(i.CRYP_IVInit) for CRYP_IVInit
    stm32f4xx_cryp_aes.o(i.CRYP_AES_CBC) refers to stm32f4xx_cryp.o(i.CRYP_GetCmdStatus) for CRYP_GetCmdStatus
    stm32f4xx_cryp_aes.o(i.CRYP_AES_CBC) refers to stm32f4xx_cryp.o(i.CRYP_DataIn) for CRYP_DataIn
    stm32f4xx_cryp_aes.o(i.CRYP_AES_CBC) refers to stm32f4xx_cryp.o(i.CRYP_DataOut) for CRYP_DataOut
    stm32f4xx_cryp_aes.o(i.CRYP_AES_CCM) refers to stm32f4xx_cryp.o(i.CRYP_KeyStructInit) for CRYP_KeyStructInit
    stm32f4xx_cryp_aes.o(i.CRYP_AES_CCM) refers to stm32f4xx_cryp.o(i.CRYP_FIFOFlush) for CRYP_FIFOFlush
    stm32f4xx_cryp_aes.o(i.CRYP_AES_CCM) refers to stm32f4xx_cryp.o(i.CRYP_KeyInit) for CRYP_KeyInit
    stm32f4xx_cryp_aes.o(i.CRYP_AES_CCM) refers to stm32f4xx_cryp.o(i.CRYP_IVInit) for CRYP_IVInit
    stm32f4xx_cryp_aes.o(i.CRYP_AES_CCM) refers to stm32f4xx_cryp.o(i.CRYP_Init) for CRYP_Init
    stm32f4xx_cryp_aes.o(i.CRYP_AES_CCM) refers to stm32f4xx_cryp.o(i.CRYP_PhaseConfig) for CRYP_PhaseConfig
    stm32f4xx_cryp_aes.o(i.CRYP_AES_CCM) refers to stm32f4xx_cryp.o(i.CRYP_DataIn) for CRYP_DataIn
    stm32f4xx_cryp_aes.o(i.CRYP_AES_CCM) refers to stm32f4xx_cryp.o(i.CRYP_Cmd) for CRYP_Cmd
    stm32f4xx_cryp_aes.o(i.CRYP_AES_CCM) refers to stm32f4xx_cryp.o(i.CRYP_GetCmdStatus) for CRYP_GetCmdStatus
    stm32f4xx_cryp_aes.o(i.CRYP_AES_CCM) refers to stm32f4xx_cryp.o(i.CRYP_GetFlagStatus) for CRYP_GetFlagStatus
    stm32f4xx_cryp_aes.o(i.CRYP_AES_CCM) refers to stm32f4xx_cryp.o(i.CRYP_DataOut) for CRYP_DataOut
    stm32f4xx_cryp_aes.o(i.CRYP_AES_CTR) refers to stm32f4xx_cryp.o(i.CRYP_KeyStructInit) for CRYP_KeyStructInit
    stm32f4xx_cryp_aes.o(i.CRYP_AES_CTR) refers to stm32f4xx_cryp.o(i.CRYP_KeyInit) for CRYP_KeyInit
    stm32f4xx_cryp_aes.o(i.CRYP_AES_CTR) refers to stm32f4xx_cryp.o(i.CRYP_Init) for CRYP_Init
[...]
    i.OS_RdyListInit                         0x08003994   Section        0  os_core.o(i.OS_RdyListInit)
    i.OS_RdyListInsert                       0x080039b8   Section        0  os_core.o(i.OS_RdyListInsert)
    i.OS_RdyListInsertHead                   0x080039e4   Section        0  os_core.o(i.OS_RdyListInsertHead)
    i.OS_RdyListInsertTail                   0x08003a24   Section        0  os_core.o(i.OS_RdyListInsertTail)
    i.OS_RdyListRemove                       0x08003a60   Section        0  os_core.o(i.OS_RdyListRemove)
    i.OS_SchedLockTimeMeasStart              0x08003abc   Section        0  os_core.o(i.OS_SchedLockTimeMeasStart)
    i.OS_SchedLockTimeMeasStop               0x08003ad8   Section        0  os_core.o(i.OS_SchedLockTimeMeasStop)
    i.OS_SemInit                             0x08003b14   Section        0  os_sem.o(i.OS_SemInit)
    i.OS_StatTask                            0x08003b2c   Section        0  os_stat.o(i.OS_StatTask)
    i.OS_StatTaskInit                        0x08003e14   Section        0  os_stat.o(i.OS_StatTaskInit)
    i.OS_TaskBlock                           0x08003ee0   Section        0  os_core.o(i.OS_TaskBlock)
    i.OS_TaskChangePrio                      0x08003f0c   Section        0  os_task.o(i.OS_TaskChangePrio)
    i.OS_TaskDbgListAdd                      0x08003ff8   Section        0  os_task.o(i.OS_TaskDbgListAdd)
    i.OS_TaskDbgListRemove                   0x08004028   Section        0  os_task.o(i.OS_TaskDbgListRemove)
    i.OS_TaskInit                            0x0800406c   Section        0  os_task.o(i.OS_TaskInit)
    i.OS_TaskInitTCB                         0x0800408c   Section        0  os_task.o(i.OS_TaskInitTCB)
    i.OS_TaskQPost                           0x08004148   Section        0  os_task.o(i.OS_TaskQPost)
    i.OS_TaskResume                          0x08004228   Section        0  os_task.o(i.OS_TaskResume)
    i.OS_TaskReturn                          0x08004328   Section        0  os_task.o(i.OS_TaskReturn)
    i.OS_TaskSemPost                         0x08004340   Section        0  os_task.o(i.OS_TaskSemPost)
    i.OS_TaskSuspend                         0x08004504   Section        0  os_task.o(i.OS_TaskSuspend)
    i.OS_TickListInsert                      0x0800461c   Section        0  os_tick.o(i.OS_TickListInsert)
    i.OS_TickListInsertDly                   0x080046a4   Section        0  os_tick.o(i.OS_TickListInsertDly)
    i.OS_TickListRemove                      0x08004760   Section        0  os_tick.o(i.OS_TickListRemove)
    i.OS_TickListResetPeak                   0x080047b8   Section        0  os_tick.o(i.OS_TickListResetPeak)
    i.OS_TickListUpdateDly                   0x080047bc   Section        0  os_tick.o(i.OS_TickListUpdateDly)
    OS_TickListUpdateDly                     0x080047bd   Thumb Code   146  os_tick.o(i.OS_TickListUpdateDly)
    i.OS_TickListUpdateTimeout               0x08004854   Section        0  os_tick.o(i.OS_TickListUpdateTimeout)
    OS_TickListUpdateTimeout                 0x08004855   Thumb Code   272  os_tick.o(i.OS_TickListUpdateTimeout)
    i.OS_TickTask                            0x08004968   Section        0  os_tick.o(i.OS_TickTask)
    i.OS_TickTaskInit                        0x080049cc   Section        0  os_tick.o(i.OS_TickTaskInit)
    i.OS_TmrInit                             0x08004a94   Section        0  os_tmr.o(i.OS_TmrInit)
    i.OS_TmrLock                             0x08004bc8   Section        0  os_tmr.o(i.OS_TmrLock)
    OS_TmrLock                               0x08004bc9   Thumb Code    20  os_tmr.o(i.OS_TmrLock)
    i.OS_TmrResetPeak                        0x08004be0   Section        0  os_tmr.o(i.OS_TmrResetPeak)
    i.OS_TmrTask                             0x08004be4   Section        0  os_tmr.o(i.OS_TmrTask)
    i.OS_TmrUnlink                           0x08004c78   Section        0  os_tmr.o(i.OS_TmrUnlink)
    i.OS_TmrUnlock                           0x08004cbc   Section        0  os_tmr.o(i.OS_TmrUnlock)
    OS_TmrUnlock                             0x08004cbd   Thumb Code    14  os_tmr.o(i.OS_TmrUnlock)
    i.RCC_AHB1PeriphClockCmd                 0x08004cd0   Section        0  stm32f4xx_rcc.o(i.RCC_AHB1PeriphClockCmd)
    i.RCC_APB1PeriphClockCmd                 0x08004cf0   Section        0  stm32f4xx_rcc.o(i.RCC_APB1PeriphClockCmd)
    i.RCC_APB1PeriphResetCmd                 0x08004d10   Section        0  stm32f4xx_rcc.o(i.RCC_APB1PeriphResetCmd)
    i.RCC_APB2PeriphClockCmd                 0x08004d30   Section        0  stm32f4xx_rcc.o(i.RCC_APB2PeriphClockCmd)
    i.RCC_GetClocksFreq                      0x08004d50   Section        0  stm32f4xx_rcc.o(i.RCC_GetClocksFreq)
    i.SVC_Handler                            0x08004e38   Section        0  stm32f4xx_it.o(i.SVC_Handler)
    i.SetSysClock                            0x08004e3c   Section        0  system_stm32f4xx.o(i.SetSysClock)
    SetSysClock                              0x08004e3d   Thumb Code   272  system_stm32f4xx.o(i.SetSysClock)
    i.SystemInit                             0x08004f5c   Section        0  system_stm32f4xx.o(i.SystemInit)
    i.TIM_Cmd                                0x08004fc4   Section        0  stm32f4xx_tim.o(i.TIM_Cmd)
    i.TIM_OC1Init                            0x08004fdc   Section        0  stm32f4xx_tim.o(i.TIM_OC1Init)
    i.TIM_OC1PreloadConfig                   0x08005058   Section        0  stm32f4xx_tim.o(i.TIM_OC1PreloadConfig)
    i.TIM_OC2Init                            0x0800506c   Section        0  stm32f4xx_tim.o(i.TIM_OC2Init)
    i.TIM_OC2PreloadConfig                   0x08005110   Section        0  stm32f4xx_tim.o(i.TIM_OC2PreloadConfig)
    i.TIM_OC3Init                            0x0800512c   Section        0  stm32f4xx_tim.o(i.TIM_OC3Init)
    i.TIM_OC3PreloadConfig                   0x080051cc   Section        0  stm32f4xx_tim.o(i.TIM_OC3PreloadConfig)
    i.TIM_OC4Init                            0x080051e0   Section        0  stm32f4xx_tim.o(i.TIM_OC4Init)
    i.TIM_OC4PreloadConfig                   0x08005258   Section        0  stm32f4xx_tim.o(i.TIM_OC4PreloadConfig)
    i.TIM_PWMOUTPUT_Config                   0x08005272   Section        0  bsp_general_tim.o(i.TIM_PWMOUTPUT_Config)
    TIM_PWMOUTPUT_Config                     0x08005273   Thumb Code   152  bsp_general_tim.o(i.TIM_PWMOUTPUT_Config)
    i.TIM_SetCompare2                        0x0800530a   Section        0  stm32f4xx_tim.o(i.TIM_SetCompare2)
    i.TIM_TimeBaseInit                       0x08005310   Section        0  stm32f4xx_tim.o(i.TIM_TimeBaseInit)
    i.TIMx_Configuration                     0x08005394   Section        0  bsp_general_tim.o(i.TIMx_Configuration)
    i.TIMx_GPIO_Config                       0x080053a4   Section        0  bsp_general_tim.o(i.TIMx_GPIO_Config)
    TIMx_GPIO_Config                         0x080053a5   Thumb Code   128  bsp_general_tim.o(i.TIMx_GPIO_Config)
    i.USART1_IRQHandler                      0x0800542c   Section        0  bsp_rs232_usart.o(i.USART1_IRQHandler)
    i.USART2_IRQHandler                      0x080054b4   Section        0  bsp_rs232_usart.o(i.USART2_IRQHandler)
    i.USART_Cmd                              0x0800553c   Section        0  stm32f4xx_usart.o(i.USART_Cmd)
    i.USART_GetFlagStatus                    0x08005554   Section        0  stm32f4xx_usart.o(i.USART_GetFlagStatus)
    i.USART_GetITStatus                      0x0800556e   Section        0  stm32f4xx_usart.o(i.USART_GetITStatus)
    i.USART_ITConfig                         0x080055c2   Section        0  stm32f4xx_usart.o(i.USART_ITConfig)
    i.USART_Init                             0x0800560c   Section        0  stm32f4xx_usart.o(i.USART_Init)
    i.USART_ReceiveData                      0x080056e0   Section        0  stm32f4xx_usart.o(i.USART_ReceiveData)
    i.USART_SendData                         0x080056ea   Section        0  stm32f4xx_usart.o(i.USART_SendData)
    i.UsageFault_Handler                     0x080056f2   Section        0  stm32f4xx_it.o(i.UsageFault_Handler)
    i.Usart_SendByte                         0x080056f6   Section        0  bsp_rs232_usart.o(i.Usart_SendByte)
    Usart_SendByte                           0x080056f7   Thumb Code    30  bsp_rs232_usart.o(i.Usart_SendByte)
    i.Usart_SendStr_length                   0x08005714   Section        0  bsp_rs232_usart.o(i.Usart_SendStr_length)
    i.Usart_SendString                       0x08005734   Section        0  bsp_rs232_usart.o(i.Usart_SendString)
    i.__0printf$bare                         0x08005750   Section        0  printfb.o(i.__0printf$bare)
    i.__scatterload_copy                     0x08005760   Section       14  handlers.o(i.__scatterload_copy)
    i.__scatterload_null                     0x0800576e   Section        2  handlers.o(i.__scatterload_null)
    i.__scatterload_zeroinit                 0x08005770   Section       14  handlers.o(i.__scatterload_zeroinit)
    i._printf_core                           0x0800577e   Section        0  printfb.o(i._printf_core)
    _printf_core                             0x0800577f   Thumb Code    34  printfb.o(i._printf_core)
    i.fputc                                  0x080057a0   Section        0  bsp_rs232_usart.o(i.fputc)
    i.key_init                               0x080057c4   Section        0  bsp_key.o(i.key_init)
    i.main                                   0x080057f8   Section        0  app.o(i.main)
    .constdata                               0x08005858   Section      148  os_cfg_app.o(.constdata)
    .constdata                               0x080058ec   Section      364  os_dbg.o(.constdata)
    .data                                    0x20000000   Section       16  stm32f4xx_rcc.o(.data)
    APBAHBPrescTable                         0x20000000   Data          16  stm32f4xx_rcc.o(.data)
    .data                                    0x20000010   Section        8  app.o(.data)
    .data                                    0x20000018   Section       18  bsp_can.o(.data)
    .data                                    0x2000002a   Section        2  bsp_rs232_usart.o(.data)
    num                                      0x2000002a   Data           1  bsp_rs232_usart.o(.data)
    num                                      0x2000002b   Data           1  bsp_rs232_usart.o(.data)
    .data                                    0x2000002c   Section        4  cpu_core.o(.data)
    .data                                    0x20000030   Section        4  lib_mem.o(.data)
    .data                                    0x20000034   Section        8  os_prio.o(.data)
    .data                                    0x2000003c   Section      196  os_var.o(.data)
    .data                                    0x20000100   Section        4  os_cpu_c.o(.data)
    .data                                    0x20000104   Section        4  stdout.o(.data)
    .bss                                     0x20000108   Section    10640  app.o(.bss)
    AppTaskStartTCB                          0x20000108   Data         192  app.o(.bss)
    AppTaskLed1TCB                           0x200001c8   Data         192  app.o(.bss)
    AppTaskLed2TCB                           0x20000288   Data         192  app.o(.bss)
    AppTaskLed3TCB                           0x20000348   Data         192  app.o(.bss)
    AppTaskCanTxTCB                          0x20000408   Data         192  app.o(.bss)
    AppTaskStartStk                          0x200007c8   Data         512  app.o(.bss)
    AppTaskLed1Stk                           0x200009c8   Data        1024  app.o(.bss)
    AppTaskLed2Stk                           0x20000dc8   Data        1024  app.o(.bss)
    AppTaskLed3Stk                           0x200011c8   Data        1024  app.o(.bss)
    AppTaskCanTxStk                          0x200015c8   Data        1024  app.o(.bss)
    AppTaskUsartStk                          0x200019c8   Data        1024  app.o(.bss)
    AppTaskUsartTxStk                        0x20001dc8   Data        1024  app.o(.bss)
    AppTaskUsart1TxStk                       0x200021c8   Data        1024  app.o(.bss)
    AppTaskUsart1Stk                         0x200025c8   Data        1024  app.o(.bss)
    .bss                                     0x20002a98   Section       20  bsp_can.o(.bss)
    .bss                                     0x20002aac   Section       20  bsp_rs232_usart.o(.bss)
    .bss                                     0x20002ac0   Section       16  cpu_core.o(.bss)
    .bss                                     0x20002ad0   Section     3092  lib_mem.o(.bss)
    .bss                                     0x200036e4   Section     3456  os_cfg_app.o(.bss)
    .bss                                     0x20004464   Section     1596  os_var.o(.bss)
    STACK                                    0x20004aa0   Section     4096  startup_stm32f429_439xx.o(STACK)

    Global Symbols

    Symbol Name                              Value     Ov Type        Size  Object(Section)

    BuildAttributes$$THM_ISAv4$E$P$D$K$B$S$7EM$VFPi3$EXTD16$VFPS$VFMA$PE$A:L22UL41UL21$X:L11$S22US41US21$IEEE1$IW$USESV6$~STKCKD$USESV7$~SHL$OSPACE$ROPI$EBA8$MICROLIB$REQ8$PRES8$EABIv2 0x00000000   Number         0  anon$$obj.o ABSOLUTE
    __ARM_use_no_argv                        0x00000000   Number         0  app.o ABSOLUTE
    __cpp_initialize__aeabi_                  - Undefined Weak Reference
    __cxa_finalize                            - Undefined Weak Reference
    __decompress                              - Undefined Weak Reference
    _clock_init                               - Undefined Weak Reference
    _microlib_exit                            - Undefined Weak Reference
    __Vectors_Size                           0x000001ac   Number         0  startup_stm32f429_439xx.o ABSOLUTE
    __Vectors                                0x08000000   Data           4  startup_stm32f429_439xx.o(RESET)
    __Vectors_End                            0x080001ac   Data           0  startup_stm32f429_439xx.o(RESET)
    __main                                   0x080001ad   Thumb Code     0  entry.o(.ARM.Collect$$$$00000000)
    _main_stk                                0x080001ad   Thumb Code     0  entry2.o(.ARM.Collect$$$$00000001)
    _main_scatterload                        0x080001b1   Thumb Code     0  entry5.o(.ARM.Collect$$$$00000004)
    __main_after_scatterload                 0x080001b5   Thumb Code     0  entry5.o(.ARM.Collect$$$$00000004)
    _main_clock                              0x080001b5   Thumb Code     0  entry7b.o(.ARM.Collect$$$$00000008)
    _main_cpp_init                           0x080001b5   Thumb Code     0  entry8b.o(.ARM.Collect$$$$0000000A)
    _main_init                               0x080001b5   Thumb Code     0  entry9a.o(.ARM.Collect$$$$0000000B)
    __rt_final_cpp                           0x080001bd   Thumb Code     0  entry10a.o(.ARM.Collect$$$$0000000D)
    __rt_final_exit                          0x080001bd   Thumb Code     0  entry11a.o(.ARM.Collect$$$$0000000F)
    Reset_Handler                            0x080001c1   Thumb Code    40  startup_stm32f429_439xx.o(.text)
    ADC_IRQHandler                           0x080001fb   Thumb Code     0  startup_stm32f429_439xx.o(.text)
    CAN1_RX1_IRQHandler                      0x080001fb   Thumb Code     0  startup_stm32f429_439xx.o(.text)
    CAN1_SCE_IRQHandler                      0x080001fb   Thumb Code     0  startup_stm32f429_439xx.o(.text)
    CAN1_TX_IRQHandler                       0x080001fb   Thumb Code     0  startup_stm32f429_439xx.o(.text)
    CAN2_RX0_IRQHandler                      0x080001fb   Thumb Code     0  startup_stm32f429_439xx.o(.text)
    CAN2_RX1_IRQHandler                      0x080001fb   Thumb Code     0  startup_stm32f429_439xx.o(.text)
    CAN2_SCE_IRQHandler                      0x080001fb   Thumb Code     0  startup_stm32f429_439xx.o(.text)
    CAN2_TX_IRQHandler                       0x080001fb   Thumb Code     0  startup_stm32f429_439xx.o(.text)
    CRYP_IRQHandler                          0x080001fb   Thumb Code     0  startup_stm32f429_439xx.o(.text)
    DCMI_IRQHandler                          0x080001fb   Thumb Code     0  startup_stm32f429_439xx.o(.text)
    DMA1_Stream0_IRQHandler                  0x080001fb   Thumb Code     0  startup_stm32f429_439xx.o(.text)
    DMA1_Stream1_IRQHandler                  0x080001fb   Thumb Code     0  startup_stm32f429_439xx.o(.text)
    DMA1_Stream2_IRQHandler                  0x080001fb   Thumb Code     0  startup_stm32f429_439xx.o(.text)
    DMA1_Stream3_IRQHandler                  0x080001fb   Thumb Code     0  startup_stm32f429_439xx.o(.text)
    DMA1_Stream4_IRQHandler                  0x080001fb   Thumb Code     0  startup_stm32f429_439xx.o(.text)
    DMA1_Stream5_IRQHandler                  0x080001fb   Thumb Code     0  startup_stm32f429_439xx.o(.text)
    DMA1_Stream6_IRQHandler                  0x080001fb   Thumb Code     0  startup_stm32f429_439xx.o(.text)
    DMA1_Stream7_IRQHandler                  0x080001fb   Thumb Code     0  startup_stm32f429_439xx.o(.text)
    DMA2D_IRQHandler                         0x080001fb   Thumb Code     0  startup_stm32f429_439xx.o(.text)
    DMA2_Stream0_IRQHandler                  0x080001fb   Thumb Code     0  startup_stm32f429_439xx.o(.text)
    DMA2_Stream1_IRQHandler                  0x080001fb   Thumb Code     0  startup_stm32f429_439xx.o(.text)
    DMA2_Stream2_IRQHandler                  0x080001fb   Thumb Code     0  startup_stm32f429_439xx.o(.text)
    DMA2_Stream3_IRQHandler                  0x080001fb   Thumb Code     0  startup_stm32f429_439xx.o(.text)
    DMA2_Stream4_IRQHandler                  0x080001fb   Thumb Code     0  startup_stm32f429_439xx.o(.text)
    DMA2_Stream5_IRQHandler                  0x080001fb   Thumb Code     0  startup_stm32f429_439xx.o(.text)
    DMA2_Stream6_IRQHandler                  0x080001fb   Thumb Code     0  startup_stm32f429_439xx.o(.text)
    DMA2_Stream7_IRQHandler                  0x080001fb   Thumb Code     0  startup_stm32f429_439xx.o(.text)
    ETH_IRQHandler                           0x080001fb   Thumb Code     0  startup_stm32f429_439xx.o(.text)
    ETH_WKUP_IRQHandler                      0x080001fb   Thumb Code     0  startup_stm32f429_439xx.o(.text)
    EXTI0_IRQHandler                         0x080001fb   Thumb Code     0  startup_stm32f429_439xx.o(.text)
    EXTI15_10_IRQHandler                     0x080001fb   Thumb Code     0  startup_stm32f429_439xx.o(.text)
    EXTI1_IRQHandler                         0x080001fb   Thumb Code     0  startup_stm32f429_439xx.o(.text)
    EXTI2_IRQHandler                         0x080001fb   Thumb Code     0  startup_stm32f429_439xx.o(.text)
    EXTI3_IRQHandler                         0x080001fb   Thumb Code     0  startup_stm32f429_439xx.o(.text)
    EXTI4_IRQHandler                         0x080001fb   Thumb Code     0  startup_stm32f429_439xx.o(.text)
    EXTI9_5_IRQHandler                       0x080001fb   Thumb Code     0  startup_stm32f429_439xx.o(.text)
    FLASH_IRQHandler                         0x080001fb   Thumb Code     0  startup_stm32f429_439xx.o(.text)
    FMC_IRQHandler                           0x080001fb   Thumb Code     0  startup_stm32f429_439xx.o(.text)
    FPU_IRQHandler                           0x080001fb   Thumb Code     0  startup_stm32f429_439xx.o(.text)
    HASH_RNG_IRQHandler                      0x080001fb   Thumb Code     0  startup_stm32f429_439xx.o(.text)
    I2C1_ER_IRQHandler                       0x080001fb   Thumb Code     0  startup_stm32f429_439xx.o(.text)
    I2C1_EV_IRQHandler                       0x080001fb   Thumb Code     0  startup_stm32f429_439xx.o(.text)
    I2C2_ER_IRQHandler                       0x080001fb   Thumb Code     0  startup_stm32f429_439xx.o(.text)
    I2C2_EV_IRQHandler                       0x080001fb   Thumb Code     0  startup_stm32f429_439xx.o(.text)
    I2C3_ER_IRQHandler                       0x080001fb   Thumb Code     0  startup_stm32f429_439xx.o(.text)
    I2C3_EV_IRQHandler                       0x080001fb   Thumb Code     0  startup_stm32f429_439xx.o(.text)
    LTDC_ER_IRQHandler                       0x080001fb   Thumb Code     0  startup_stm32f429_439xx.o(.text)
    LTDC_IRQHandler                          0x080001fb   Thumb Code     0  startup_stm32f429_439xx.o(.text)
    OTG_FS_IRQHandler                        0x080001fb   Thumb Code     0  startup_stm32f429_439xx.o(.text)
    OTG_FS_WKUP_IRQHandler                   0x080001fb   Thumb Code     0  startup_stm32f429_439xx.o(.text)
    OTG_HS_EP1_IN_IRQHandler                 0x080001fb   Thumb Code     0  startup_stm32f429_439xx.o(.text)
    OTG_HS_EP1_OUT_IRQHandler                0x080001fb   Thumb Code     0  startup_stm32f429_439xx.o(.text)
    OTG_HS_IRQHandler                        0x080001fb   Thumb Code     0  startup_stm32f429_439xx.o(.text)
    OTG_HS_WKUP_IRQHandler                   0x080001fb   Thumb Code     0  startup_stm32f429_439xx.o(.text)
    PVD_IRQHandler                           0x080001fb   Thumb Code     0  startup_stm32f429_439xx.o(.text)
    RCC_IRQHandler                           0x080001fb   Thumb Code     0  startup_stm32f429_439xx.o(.text)
    RTC_Alarm_IRQHandler                     0x080001fb   Thumb Code     0  startup_stm32f429_439xx.o(.text)
    RTC_WKUP_IRQHandler                      0x080001fb   Thumb Code     0  startup_stm32f429_439xx.o(.text)
    SAI1_IRQHandler                          0x080001fb   Thumb Code     0  startup_stm32f429_439xx.o(.text)
    SDIO_IRQHandler                          0x080001fb   Thumb Code     0  startup_stm32f429_439xx.o(.text)
    SPI1_IRQHandler                          0x080001fb   Thumb Code     0  startup_stm32f429_439xx.o(.text)
    SPI2_IRQHandler                          0x080001fb   Thumb Code     0  startup_stm32f429_439xx.o(.text)
    SPI3_IRQHandler                          0x080001fb   Thumb Code     0  startup_stm32f429_439xx.o(.text)
    SPI4_IRQHandler                          0x080001fb   Thumb Code     0  startup_stm32f429_439xx.o(.text)
    SPI5_IRQHandler                          0x080001fb   Thumb Code     0  startup_stm32f429_439xx.o(.text)
    SPI6_IRQHandler                          0x080001fb   Thumb Code     0  startup_stm32f429_439xx.o(.text)
    TAMP_STAMP_IRQHandler                    0x080001fb   Thumb Code     0  startup_stm32f429_439xx.o(.text)
    TIM1_BRK_TIM9_IRQHandler                 0x080001fb   Thumb Code     0  startup_stm32f429_439xx.o(.text)
    TIM1_CC_IRQHandler                       0x080001fb   Thumb Code     0  startup_stm32f429_439xx.o(.text)
    TIM1_TRG_COM_TIM11_IRQHandler            0x080001fb   Thumb Code     0  startup_stm32f429_439xx.o(.text)
    TIM1_UP_TIM10_IRQHandler                 0x080001fb   Thumb Code     0  startup_stm32f429_439xx.o(.text)
    TIM2_IRQHandler                          0x080001fb   Thumb Code     0  startup_stm32f429_439xx.o(.text)
    TIM3_IRQHandler                          0x080001fb   Thumb Code     0  startup_stm32f429_439xx.o(.text)
    TIM4_IRQHandler                          0x080001fb   Thumb Code     0  startup_stm32f429_439xx.o(.text)
    TIM5_IRQHandler                          0x080001fb   Thumb Code     0  startup_stm32f429_439xx.o(.text)
    TIM6_DAC_IRQHandler                      0x080001fb   Thumb Code     0  startup_stm32f429_439xx.o(.text)
    TIM7_IRQHandler                          0x080001fb   Thumb Code     0  startup_stm32f429_439xx.o(.text)
    TIM8_BRK_TIM12_IRQHandler                0x080001fb   Thumb Code     0  startup_stm32f429_439xx.o(.text)
    TIM8_CC_IRQHandler                       0x080001fb   Thumb Code     0  startup_stm32f429_439xx.o(.text)
    TIM8_TRG_COM_TIM14_IRQHandler            0x080001fb   Thumb Code     0  startup_stm32f429_439xx.o(.text)
    TIM8_UP_TIM13_IRQHandler                 0x080001fb   Thumb Code     0  startup_stm32f429_439xx.o(.text)
    UART4_IRQHandler                         0x080001fb   Thumb Code     0  startup_stm32f429_439xx.o(.text)
    UART5_IRQHandler                         0x080001fb   Thumb Code     0  startup_stm32f429_439xx.o(.text)
    UART7_IRQHandler                         0x080001fb   Thumb Code     0  startup_stm32f429_439xx.o(.text)
    UART8_IRQHandler                         0x080001fb   Thumb Code     0  startup_stm32f429_439xx.o(.text)
    USART3_IRQHandler                        0x080001fb   Thumb Code     0  startup_stm32f429_439xx.o(.text)
    USART6_IRQHandler                        0x080001fb   Thumb Code     0  startup_stm32f429_439xx.o(.text)
    WWDG_IRQHandler                          0x080001fb   Thumb Code     0  startup_stm32f429_439xx.o(.text)
    CPU_IntDis                               0x0800020d   Thumb Code     0  cpu_a.o(.text)
    CPU_IntEn                                0x08000211   Thumb Code     0  cpu_a.o(.text)
    CPU_SR_Save                              0x08000215   Thumb Code     0  cpu_a.o(.text)
    CPU_SR_Restore                           0x0800021d   Thumb Code     0  cpu_a.o(.text)
    CPU_WaitForInt                           0x08000223   Thumb Code     0  cpu_a.o(.text)
    CPU_WaitForExcept                        0x08000227   Thumb Code     0  cpu_a.o(.text)
    CPU_CntLeadZeros                         0x0800022b   Thumb Code     0  cpu_a.o(.text)
    CPU_CntTrailZeros                        0x08000231   Thumb Code     0  cpu_a.o(.text)
    CPU_RevBits                              0x0800023b   Thumb Code     0  cpu_a.o(.text)
    __scatterload                            0x08000241   Thumb Code    28  init.o(.text)
    __scatterload_rt2                        0x08000241   Thumb Code     0  init.o(.text)
    OS_CPU_FP_Reg_Push                       0x08000265   Thumb Code     0  os_cpu_a.o(CODE)
    OS_CPU_FP_Reg_Pop                        0x0800027f   Thumb Code     0  os_cpu_a.o(CODE)
    OSStartHighRdy                           0x08000291   Thumb Code     0  os_cpu_a.o(CODE)
    OSCtxSw                                  0x08000301   Thumb Code     0  os_cpu_a.o(CODE)
    OSIntCtxSw                               0x0800030b   Thumb Code     0  os_cpu_a.o(CODE)
    OS_CPU_PendSVHandler                     0x08000315   Thumb Code     0  os_cpu_a.o(CODE)
    BSP_CPU_ClkFreq                          0x080008cd   Thumb Code    14  bsp.o(i.BSP_CPU_ClkFreq)
    BSP_Init                                 0x080008dd   Thumb Code    40  bsp.o(i.BSP_Init)
    BrakeSpeedSet                            0x08000935   Thumb Code    72  bsp_general_tim.o(i.BrakeSpeedSet)
    BusFault_Handler                         0x08000981   Thumb Code     4  stm32f4xx_it.o(i.BusFault_Handler)
    CAN1_RX0_IRQHandler                      0x08000985   Thumb Code   122  bsp_can.o(i.CAN1_RX0_IRQHandler)
    CAN_Config                               0x08000a19   Thumb Code    20  bsp_can.o(i.CAN_Config)
    CAN_DeInit                               0x08000a2d   Thumb Code    50  stm32f4xx_can.o(i.CAN_DeInit)
    CAN_FilterInit                           0x08000a65   Thumb Code   258  stm32f4xx_can.o(i.CAN_FilterInit)
    CAN_ITConfig                             0x08000c09   Thumb Code    18  stm32f4xx_can.o(i.CAN_ITConfig)
    CAN_Init                                 0x08000c1b   Thumb Code   276  stm32f4xx_can.o(i.CAN_Init)
    CAN_Receive                              0x08000db9   Thumb Code   240  stm32f4xx_can.o(i.CAN_Receive)
    CAN_SetMsg                               0x08000ea9   Thumb Code   102  bsp_can.o(i.CAN_SetMsg)
    CAN_StructInit                           0x08000f15   Thumb Code    32  stm32f4xx_can.o(i.CAN_StructInit)
    CAN_Transmit                             0x08000f35   Thumb Code   294  stm32f4xx_can.o(i.CAN_Transmit)
    CPU_Init                                 0x0800105b   Thumb Code    12  cpu_core.o(i.CPU_Init)
    CPU_NameClr                              0x08001069   Thumb Code    42  cpu_core.o(i.CPU_NameClr)
    CPU_SW_Exception                         0x080010a1   Thumb Code     4  cpu_core.o(i.CPU_SW_Exception)
    CPU_TS_TmrFreqSet                        0x080010b9   Thumb Code     6  cpu_core.o(i.CPU_TS_TmrFreqSet)
    CPU_TS_TmrInit                           0x080010c5   Thumb Code    44  bsp.o(i.CPU_TS_TmrInit)
    CPU_TS_TmrRd                             0x080010f9   Thumb Code     6  bsp.o(i.CPU_TS_TmrRd)
    DebugMon_Handler                         0x08001171   Thumb Code     2  stm32f4xx_it.o(i.DebugMon_Handler)
    Debug_USART_Config                       0x08001175   Thumb Code   252  bsp_rs232_usart.o(i.Debug_USART_Config)
    GPIO_Init                                0x08001281   Thumb Code   144  stm32f4xx_gpio.o(i.GPIO_Init)
    GPIO_PinAFConfig                         0x08001311   Thumb Code    70  stm32f4xx_gpio.o(i.GPIO_PinAFConfig)
    GPIO_ReadInputDataBit                    0x08001357   Thumb Code    18  stm32f4xx_gpio.o(i.GPIO_ReadInputDataBit)
    GPIO_ReadOutputDataBit                   0x08001369   Thumb Code    18  stm32f4xx_gpio.o(i.GPIO_ReadOutputDataBit)
    GPIO_ResetBits                           0x0800137b   Thumb Code     4  stm32f4xx_gpio.o(i.GPIO_ResetBits)
    GPIO_SetBits                             0x0800137f   Thumb Code     4  stm32f4xx_gpio.o(i.GPIO_SetBits)
    HardFault_Handler                        0x08001383   Thumb Code     2  stm32f4xx_it.o(i.HardFault_Handler)
    LED_Init                                 0x08001419   Thumb Code    38  bsp_led.o(i.LED_Init)
    MemManage_Handler                        0x08001445   Thumb Code     4  stm32f4xx_it.o(i.MemManage_Handler)
    Mem_Clr                                  0x08001449   Thumb Code    18  lib_mem.o(i.Mem_Clr)
    Mem_Init                                 0x0800145d   Thumb Code    54  lib_mem.o(i.Mem_Init)
    Mem_SegCreate                            0x080014a9   Thumb Code    74  lib_mem.o(i.Mem_SegCreate)
    Mem_Set                                  0x08001515   Thumb Code    84  lib_mem.o(i.Mem_Set)
    Msg_Process                              0x08001569   Thumb Code    70  protocol.o(i.Msg_Process)
    NMI_Handler                              0x080015af   Thumb Code     2  stm32f4xx_it.o(i.NMI_Handler)
    NVIC_Init                                0x080015e5   Thumb Code   106  misc.o(i.NVIC_Init)
    NVIC_PriorityGroupConfig                 0x0800165d   Thumb Code    10  misc.o(i.NVIC_PriorityGroupConfig)
    OSCfg_Init                               0x08001671   Thumb Code     2  os_cfg_app.o(i.OSCfg_Init)
    OSIdleTaskHook                           0x08001675   Thumb Code    16  os_cpu_c.o(i.OSIdleTaskHook)
    OSInit                                   0x08001689   Thumb Code   270  os_core.o(i.OSInit)
    OSInitHook                               0x080017ed   Thumb Code    28  os_cpu_c.o(i.OSInitHook)
    OSIntEnter                               0x08001815   Thumb Code    34  os_core.o(i.OSIntEnter)
    OSIntExit                                0x08001841   Thumb Code   188  os_core.o(i.OSIntExit)
    OSMemCreate                              0x0800191d   Thumb Code   216  os_mem.o(i.OSMemCreate)
    OSMemGet                                 0x080019fd   Thumb Code   100  os_mem.o(i.OSMemGet)
    OSMutexCreate                            0x08001a61   Thumb Code   102  os_mutex.o(i.OSMutexCreate)
    OSMutexPend                              0x08001ad1   Thumb Code   450  os_mutex.o(i.OSMutexPend)
    OSMutexPost                              0x08001ca1   Thumb Code   384  os_mutex.o(i.OSMutexPost)
    OSSched                                  0x08001e2d   Thumb Code   134  os_core.o(i.OSSched)
    OSSchedLock                              0x08001ed1   Thumb Code    88  os_core.o(i.OSSchedLock)
    OSSchedUnlock                            0x08001f31   Thumb Code   120  os_core.o(i.OSSchedUnlock)
    OSStart                                  0x08001fb1   Thumb Code    78  os_core.o(i.OSStart)
    OSStatReset                              0x08002019   Thumb Code   262  os_stat.o(i.OSStatReset)
    OSStatTaskCPUUsageInit                   0x08002141   Thumb Code   212  os_stat.o(i.OSStatTaskCPUUsageInit)
    OSStatTaskHook                           0x08002231   Thumb Code    16  os_cpu_c.o(i.OSStatTaskHook)
    OSTaskCreate                             0x08002245   Thumb Code   382  os_task.o(i.OSTaskCreate)
    OSTaskCreateHook                         0x080023d5   Thumb Code    20  os_cpu_c.o(i.OSTaskCreateHook)
    OSTaskDel                                0x080023ed   Thumb Code   380  os_task.o(i.OSTaskDel)
    OSTaskDelHook                            0x08002575   Thumb Code    20  os_cpu_c.o(i.OSTaskDelHook)
    OSTaskQPend                              0x0800258d   Thumb Code   440  os_task.o(i.OSTaskQPend)
    OSTaskQPost                              0x0800274d   Thumb Code    82  os_task.o(i.OSTaskQPost)
    OSTaskResume                             0x080027a1   Thumb Code    80  os_task.o(i.OSTaskResume)
    OSTaskReturnHook                         0x080027f5   Thumb Code    20  os_cpu_c.o(i.OSTaskReturnHook)
    OSTaskSemPend                            0x0800280d   Thumb Code   446  os_task.o(i.OSTaskSemPend)
    OSTaskSemPost                            0x080029d5   Thumb Code    62  os_task.o(i.OSTaskSemPost)
    OSTaskStkChk                             0x08002a15   Thumb Code   188  os_task.o(i.OSTaskStkChk)
    OSTaskStkInit                            0x08002ad5   Thumb Code   600  os_cpu_c.o(i.OSTaskStkInit)
    OSTaskSuspend                            0x08002d99   Thumb Code    32  os_task.o(i.OSTaskSuspend)
    OSTaskSwHook                             0x08002dbd   Thumb Code   168  os_cpu_c.o(i.OSTaskSwHook)
    OSTimeDly                                0x08002e75   Thumb Code   156  os_time.o(i.OSTimeDly)
    OSTimeTick                               0x08002f19   Thumb Code    50  os_time.o(i.OSTimeTick)
    OSTimeTickHook                           0x08002f5d   Thumb Code    16  os_cpu_c.o(i.OSTimeTickHook)
    OS_CPU_SysTickHandler                    0x08002f71   Thumb Code    52  os_cpu_c.o(i.OS_CPU_SysTickHandler)
    OS_CPU_SysTickInit                       0x08002fa9   Thumb Code    44  os_cpu_c.o(i.OS_CPU_SysTickInit)
    OS_Dbg_Init                              0x08002fd9   Thumb Code   146  os_dbg.o(i.OS_Dbg_Init)
    OS_FlagInit                              0x08003181   Thumb Code    14  os_flag.o(i.OS_FlagInit)
    OS_IdleTask                              0x08003199   Thumb Code    58  os_core.o(i.OS_IdleTask)
    OS_IdleTaskInit                          0x080031dd   Thumb Code    66  os_core.o(i.OS_IdleTaskInit)
    OS_MemDbgListAdd                         0x0800324d   Thumb Code    34  os_mem.o(i.OS_MemDbgListAdd)
    OS_MemInit                               0x08003275   Thumb Code    14  os_mem.o(i.OS_MemInit)
    OS_MsgPoolInit                           0x0800328d   Thumb Code   110  os_msg.o(i.OS_MsgPoolInit)
    OS_MsgQFreeAll                           0x08003309   Thumb Code    62  os_msg.o(i.OS_MsgQFreeAll)
    OS_MsgQGet                               0x0800334d   Thumb Code    98  os_msg.o(i.OS_MsgQGet)
    OS_MsgQInit                              0x080033b5   Thumb Code    14  os_msg.o(i.OS_MsgQInit)
    OS_MsgQPut                               0x080033c5   Thumb Code   254  os_msg.o(i.OS_MsgQPut)
    OS_MutexDbgListAdd                       0x080034c9   Thumb Code    38  os_mutex.o(i.OS_MutexDbgListAdd)
    OS_MutexGrpAdd                           0x080034f9   Thumb Code     8  os_mutex.o(i.OS_MutexGrpAdd)
    OS_MutexGrpPostAll                       0x08003501   Thumb Code    96  os_mutex.o(i.OS_MutexGrpPostAll)
    OS_MutexGrpPrioFindHighest               0x08003561   Thumb Code    44  os_mutex.o(i.OS_MutexGrpPrioFindHighest)
    OS_MutexGrpRemove                        0x0800358d   Thumb Code    28  os_mutex.o(i.OS_MutexGrpRemove)
    OS_MutexInit                             0x080035a9   Thumb Code    14  os_mutex.o(i.OS_MutexInit)
    OS_Pend                                  0x080035c1   Thumb Code   100  os_core.o(i.OS_Pend)
    OS_PendDataInit                          0x08003629   Thumb Code    40  os_core.o(i.OS_PendDataInit)
    OS_PendDbgNameAdd                        0x08003651   Thumb Code    66  os_core.o(i.OS_PendDbgNameAdd)
    OS_PendDbgNameRemove                     0x080036ad   Thumb Code    30  os_core.o(i.OS_PendDbgNameRemove)
    OS_PendListChangePrio                    0x080036d1   Thumb Code    58  os_core.o(i.OS_PendListChangePrio)
    OS_PendListInit                          0x0800370b   Thumb Code    10  os_core.o(i.OS_PendListInit)
    OS_PendListInsertPrio                    0x08003715   Thumb Code   102  os_core.o(i.OS_PendListInsertPrio)
    OS_PendListRemove                        0x0800377b   Thumb Code    52  os_core.o(i.OS_PendListRemove)
    OS_PendListRemove1                       0x080037af   Thumb Code    66  os_core.o(i.OS_PendListRemove1)
    OS_Post                                  0x080037f1   Thumb Code   214  os_core.o(i.OS_Post)
    OS_Post1                                 0x080038c7   Thumb Code    44  os_core.o(i.OS_Post1)
    OS_PrioGetHighest                        0x080038f5   Thumb Code    36  os_prio.o(i.OS_PrioGetHighest)
    OS_PrioInit                              0x0800391d   Thumb Code    20  os_prio.o(i.OS_PrioInit)
    OS_PrioInsert                            0x08003935   Thumb Code    32  os_prio.o(i.OS_PrioInsert)
    OS_PrioRemove                            0x08003959   Thumb Code    32  os_prio.o(i.OS_PrioRemove)
    OS_QInit                                 0x0800397d   Thumb Code    14  os_q.o(i.OS_QInit)
    OS_RdyListInit                           0x08003995   Thumb Code    32  os_core.o(i.OS_RdyListInit)
    OS_RdyListInsert                         0x080039b9   Thumb Code    40  os_core.o(i.OS_RdyListInsert)
    OS_RdyListInsertHead                     0x080039e5   Thumb Code    58  os_core.o(i.OS_RdyListInsertHead)
    OS_RdyListInsertTail                     0x08003a25   Thumb Code    56  os_core.o(i.OS_RdyListInsertTail)
    OS_RdyListRemove                         0x08003a61   Thumb Code    86  os_core.o(i.OS_RdyListRemove)
    OS_SchedLockTimeMeasStart                0x08003abd   Thumb Code    20  os_core.o(i.OS_SchedLockTimeMeasStart)
    OS_SchedLockTimeMeasStop                 0x08003ad9   Thumb Code    44  os_core.o(i.OS_SchedLockTimeMeasStop)
    OS_SemInit                               0x08003b15   Thumb Code    14  os_sem.o(i.OS_SemInit)
    OS_StatTask                              0x08003b2d   Thumb Code   684  os_stat.o(i.OS_StatTask)
    OS_StatTaskInit                          0x08003e15   Thumb Code   136  os_stat.o(i.OS_StatTaskInit)
    OS_TaskBlock                             0x08003ee1   Thumb Code    40  os_core.o(i.OS_TaskBlock)
    OS_TaskChangePrio                        0x08003f0d   Thumb Code   232  os_task.o(i.OS_TaskChangePrio)
    OS_TaskDbgListAdd                        0x08003ff9   Thumb Code    42  os_task.o(i.OS_TaskDbgListAdd)
    OS_TaskDbgListRemove                     0x08004029   Thumb Code    64  os_task.o(i.OS_TaskDbgListRemove)
    OS_TaskInit                              0x0800406d   Thumb Code    18  os_task.o(i.OS_TaskInit)
    OS_TaskInitTCB                           0x0800408d   Thumb Code   176  os_task.o(i.OS_TaskInitTCB)
    OS_TaskQPost                             0x08004149   Thumb Code   220  os_task.o(i.OS_TaskQPost)
    OS_TaskResume                            0x08004229   Thumb Code   256  os_task.o(i.OS_TaskResume)
    OS_TaskReturn                            0x08004329   Thumb Code    20  os_task.o(i.OS_TaskReturn)
    OS_TaskSemPost                           0x08004341   Thumb Code   448  os_task.o(i.OS_TaskSemPost)
    OS_TaskSuspend                           0x08004505   Thumb Code   272  os_task.o(i.OS_TaskSuspend)
    OS_TickListInsert                        0x0800461d   Thumb Code   134  os_tick.o(i.OS_TickListInsert)
    OS_TickListInsertDly                     0x080046a5   Thumb Code   180  os_tick.o(i.OS_TickListInsertDly)
    OS_TickListRemove                        0x08004761   Thumb Code    88  os_tick.o(i.OS_TickListRemove)
    OS_TickListResetPeak                     0x080047b9   Thumb Code     2  os_tick.o(i.OS_TickListResetPeak)
    OS_TickTask                              0x08004969   Thumb Code    90  os_tick.o(i.OS_TickTask)
    OS_TickTaskInit                          0x080049cd   Thumb Code   140  os_tick.o(i.OS_TickTaskInit)
    OS_TmrInit                               0x08004a95   Thumb Code   200  os_tmr.o(i.OS_TmrInit)
    OS_TmrResetPeak                          0x08004be1   Thumb Code     2  os_tmr.o(i.OS_TmrResetPeak)
    OS_TmrTask                               0x08004be5   Thumb Code   134  os_tmr.o(i.OS_TmrTask)
    OS_TmrUnlink                             0x08004c79   Thumb Code    58  os_tmr.o(i.OS_TmrUnlink)
    RCC_AHB1PeriphClockCmd                   0x08004cd1   Thumb Code    26  stm32f4xx_rcc.o(i.RCC_AHB1PeriphClockCmd)
    RCC_APB1PeriphClockCmd                   0x08004cf1   Thumb Code    26  stm32f4xx_rcc.o(i.RCC_APB1PeriphClockCmd)
    RCC_APB1PeriphResetCmd                   0x08004d11   Thumb Code    26  stm32f4xx_rcc.o(i.RCC_APB1PeriphResetCmd)
    RCC_APB2PeriphClockCmd                   0x08004d31   Thumb Code    26  stm32f4xx_rcc.o(i.RCC_APB2PeriphClockCmd)
    RCC_GetClocksFreq                        0x08004d51   Thumb Code   214  stm32f4xx_rcc.o(i.RCC_GetClocksFreq)
    SVC_Handler                              0x08004e39   Thumb Code     2  stm32f4xx_it.o(i.SVC_Handler)
    SystemInit                               0x08004f5d   Thumb Code    88  system_stm32f4xx.o(i.SystemInit)
    TIM_Cmd                                  0x08004fc5   Thumb Code    24  stm32f4xx_tim.o(i.TIM_Cmd)
    TIM_OC1Init                              0x08004fdd   Thumb Code   114  stm32f4xx_tim.o(i.TIM_OC1Init)
    TIM_OC1PreloadConfig                     0x08005059   Thumb Code    18  stm32f4xx_tim.o(i.TIM_OC1PreloadConfig)
    TIM_OC2Init                              0x0800506d   Thumb Code   154  stm32f4xx_tim.o(i.TIM_OC2Init)
    TIM_OC2PreloadConfig                     0x08005111   Thumb Code    26  stm32f4xx_tim.o(i.TIM_OC2PreloadConfig)
    TIM_OC3Init                              0x0800512d   Thumb Code   150  stm32f4xx_tim.o(i.TIM_OC3Init)
    TIM_OC3PreloadConfig                     0x080051cd   Thumb Code    18  stm32f4xx_tim.o(i.TIM_OC3PreloadConfig)
    TIM_OC4Init                              0x080051e1   Thumb Code   112  stm32f4xx_tim.o(i.TIM_OC4Init)
    TIM_OC4PreloadConfig                     0x08005259   Thumb Code    26  stm32f4xx_tim.o(i.TIM_OC4PreloadConfig)
    TIM_SetCompare2                          0x0800530b   Thumb Code     4  stm32f4xx_tim.o(i.TIM_SetCompare2)
    TIM_TimeBaseInit                         0x08005311   Thumb Code   104  stm32f4xx_tim.o(i.TIM_TimeBaseInit)
    TIMx_Configuration                       0x08005395   Thumb Code    16  bsp_general_tim.o(i.TIMx_Configuration)
    USART1_IRQHandler                        0x0800542d   Thumb Code   120  bsp_rs232_usart.o(i.USART1_IRQHandler)
    USART2_IRQHandler                        0x080054b5   Thumb Code   120  bsp_rs232_usart.o(i.USART2_IRQHandler)
    USART_Cmd                                0x0800553d   Thumb Code    24  stm32f4xx_usart.o(i.USART_Cmd)
    USART_GetFlagStatus                      0x08005555   Thumb Code    26  stm32f4xx_usart.o(i.USART_GetFlagStatus)
    USART_GetITStatus                        0x0800556f   Thumb Code    84  stm32f4xx_usart.o(i.USART_GetITStatus)
    USART_ITConfig                           0x080055c3   Thumb Code    74  stm32f4xx_usart.o(i.USART_ITConfig)
    USART_Init                               0x0800560d   Thumb Code   204  stm32f4xx_usart.o(i.USART_Init)
    USART_ReceiveData                        0x080056e1   Thumb Code    10  stm32f4xx_usart.o(i.USART_ReceiveData)
    USART_SendData                           0x080056eb   Thumb Code     8  stm32f4xx_usart.o(i.USART_SendData)
    UsageFault_Handler                       0x080056f3   Thumb Code     4  stm32f4xx_it.o(i.UsageFault_Handler)
    Usart_SendStr_length                     0x08005715   Thumb Code    32  bsp_rs232_usart.o(i.Usart_SendStr_length)
    Usart_SendString                         0x08005735   Thumb Code    28  bsp_rs232_usart.o(i.Usart_SendString)
    __0printf$bare                           0x08005751   Thumb Code     8  printfb.o(i.__0printf$bare)
    __1printf$bare                           0x08005751   Thumb Code     0  printfb.o(i.__0printf$bare)
    __2printf                                0x08005751   Thumb Code     0  printfb.o(i.__0printf$bare)
    __scatterload_copy                       0x08005761   Thumb Code    14  handlers.o(i.__scatterload_copy)
    __scatterload_null                       0x0800576f   Thumb Code     2  handlers.o(i.__scatterload_null)
    __scatterload_zeroinit                   0x08005771   Thumb Code    14  handlers.o(i.__scatterload_zeroinit)
    fputc                                    0x080057a1   Thumb Code    32  bsp_rs232_usart.o(i.fputc)
    key_init                                 0x080057c5   Thumb Code    48  bsp_key.o(i.key_init)
    main                                     0x080057f9   Thumb Code    68  app.o(i.main)
    OSCfg_IdleTaskStkBasePtr                 0x08005858   Data           4  os_cfg_app.o(.constdata)
    OSCfg_IdleTaskStkLimit                   0x0800585c   Data           4  os_cfg_app.o(.constdata)
    OSCfg_IdleTaskStkSize                    0x08005860   Data           4  os_cfg_app.o(.constdata)
    OSCfg_IdleTaskStkSizeRAM                 0x08005864   Data           4  os_cfg_app.o(.constdata)
    OSCfg_IntQBasePtr                        0x08005868   Data           4  os_cfg_app.o(.constdata)
    OSCfg_IntQSize                           0x0800586c   Data           2  os_cfg_app.o(.constdata)
    OSCfg_IntQSizeRAM                        0x08005870   Data           4  os_cfg_app.o(.constdata)
    OSCfg_IntQTaskStkBasePtr                 0x08005874   Data           4  os_cfg_app.o(.constdata)
    OSCfg_IntQTaskStkLimit                   0x08005878   Data           4  os_cfg_app.o(.constdata)
    OSCfg_IntQTaskStkSize                    0x0800587c   Data           4  os_cfg_app.o(.constdata)
    OSCfg_IntQTaskStkSizeRAM                 0x08005880   Data           4  os_cfg_app.o(.constdata)
    OSCfg_ISRStkBasePtr                      0x08005884   Data           4  os_cfg_app.o(.constdata)
    OSCfg_ISRStkSize                         0x08005888   Data           4  os_cfg_app.o(.constdata)
    OSCfg_ISRStkSizeRAM                      0x0800588c   Data           4  os_cfg_app.o(.constdata)
    OSCfg_MsgPoolSize                        0x08005890   Data           2  os_cfg_app.o(.constdata)
    OSCfg_MsgPoolSizeRAM                     0x08005894   Data           4  os_cfg_app.o(.constdata)
    OSCfg_MsgPoolBasePtr                     0x08005898   Data           4  os_cfg_app.o(.constdata)
    OSCfg_StatTaskPrio                       0x0800589c   Data           1  os_cfg_app.o(.constdata)
    OSCfg_StatTaskRate_Hz                    0x080058a0   Data           4  os_cfg_app.o(.constdata)
    OSCfg_StatTaskStkBasePtr                 0x080058a4   Data           4  os_cfg_app.o(.constdata)
    OSCfg_StatTaskStkLimit                   0x080058a8   Data           4  os_cfg_app.o(.constdata)
    OSCfg_StatTaskStkSize                    0x080058ac   Data           4  os_cfg_app.o(.constdata)
    OSCfg_StatTaskStkSizeRAM                 0x080058b0   Data           4  os_cfg_app.o(.constdata)
    OSCfg_StkSizeMin                         0x080058b4   Data           4  os_cfg_app.o(.constdata)
    OSCfg_TickRate_Hz                        0x080058b8   Data           4  os_cfg_app.o(.constdata)
    OSCfg_TickTaskPrio                       0x080058bc   Data           1  os_cfg_app.o(.constdata)
    OSCfg_TickTaskStkBasePtr                 0x080058c0   Data           4  os_cfg_app.o(.constdata)
    OSCfg_TickTaskStkLimit                   0x080058c4   Data           4  os_cfg_app.o(.constdata)
    OSCfg_TickTaskStkSize                    0x080058c8   Data           4  os_cfg_app.o(.constdata)
    OSCfg_TickTaskStkSizeRAM                 0x080058cc   Data           4  os_cfg_app.o(.constdata)
    OSCfg_TmrTaskPrio                        0x080058d0   Data           1  os_cfg_app.o(.constdata)
    OSCfg_TmrTaskRate_Hz                     0x080058d4   Data           4  os_cfg_app.o(.constdata)
    OSCfg_TmrTaskStkBasePtr                  0x080058d8   Data           4  os_cfg_app.o(.constdata)
    OSCfg_TmrTaskStkLimit                    0x080058dc   Data           4  os_cfg_app.o(.constdata)
    OSCfg_TmrTaskStkSize                     0x080058e0   Data           4  os_cfg_app.o(.constdata)
    OSCfg_TmrTaskStkSizeRAM                  0x080058e4   Data           4  os_cfg_app.o(.constdata)
    OSCfg_DataSizeRAM                        0x080058e8   Data           4  os_cfg_app.o(.constdata)
    OSDbg_DbgEn                              0x080058ec   Data           1  os_dbg.o(.constdata)
    OSDbg_ArgChkEn                           0x080058ed   Data           1  os_dbg.o(.constdata)
    OSDbg_AppHooksEn                         0x080058ee   Data           1  os_dbg.o(.constdata)
    OSDbg_EndiannessTest                     0x080058f0   Data           4  os_dbg.o(.constdata)
    OSDbg_CalledFromISRChkEn                 0x080058f4   Data           1  os_dbg.o(.constdata)
    OSDbg_FlagEn                             0x080058f5   Data           1  os_dbg.o(.constdata)
    OSDbg_FlagGrp                            0x080058f8   Data          40  os_dbg.o(.constdata)
    OSDbg_FlagDelEn                          0x08005920   Data           1  os_dbg.o(.constdata)
    OSDbg_FlagModeClrEn                      0x08005921   Data           1  os_dbg.o(.constdata)
    OSDbg_FlagPendAbortEn                    0x08005922   Data           1  os_dbg.o(.constdata)
    OSDbg_FlagGrpSize                        0x08005924   Data           2  os_dbg.o(.constdata)
    OSDbg_FlagWidth                          0x08005926   Data           2  os_dbg.o(.constdata)
    OSDbg_IntQ                               0x08005928   Data           2  os_dbg.o(.constdata)
    OSDbg_ISRPostDeferredEn                  0x0800592a   Data           1  os_dbg.o(.constdata)
    OSDbg_Mem                                0x0800592c   Data          32  os_dbg.o(.constdata)
    OSDbg_MemEn                              0x0800594c   Data           1  os_dbg.o(.constdata)
    OSDbg_MemSize                            0x0800594e   Data           2  os_dbg.o(.constdata)
    OSDbg_MsgEn                              0x08005950   Data           1  os_dbg.o(.constdata)
    OSDbg_MsgSize                            0x08005952   Data           2  os_dbg.o(.constdata)
    OSDbg_MsgPoolSize                        0x08005954   Data           2  os_dbg.o(.constdata)
    OSDbg_MsgQSize                           0x08005956   Data           2  os_dbg.o(.constdata)
    OSDbg_Mutex                              0x08005958   Data          48  os_dbg.o(.constdata)
    OSDbg_MutexEn                            0x08005988   Data           1  os_dbg.o(.constdata)
    OSDbg_MutexDelEn                         0x08005989   Data           1  os_dbg.o(.constdata)
    OSDbg_MutexPendAbortEn                   0x0800598a   Data           1  os_dbg.o(.constdata)
    OSDbg_MutexSize                          0x0800598c   Data           2  os_dbg.o(.constdata)
    OSDbg_ObjTypeChkEn                       0x0800598e   Data           1  os_dbg.o(.constdata)
    OSDbg_PendMultiEn                        0x0800598f   Data           1  os_dbg.o(.constdata)
    OSDbg_PendDataSize                       0x08005990   Data           2  os_dbg.o(.constdata)
    OSDbg_PendListSize                       0x08005992   Data           2  os_dbg.o(.constdata)
    OSDbg_PendObjSize                        0x08005994   Data           2  os_dbg.o(.constdata)
    OSDbg_PrioMax                            0x08005996   Data           2  os_dbg.o(.constdata)
    OSDbg_PrioTblSize                        0x08005998   Data           2  os_dbg.o(.constdata)
    OSDbg_PtrSize                            0x0800599a   Data           2  os_dbg.o(.constdata)
    OSDbg_Q                                  0x0800599c   Data          48  os_dbg.o(.constdata)
    OSDbg_QEn                                0x080059cc   Data           1  os_dbg.o(.constdata)
    OSDbg_QDelEn                             0x080059cd   Data           1  os_dbg.o(.constdata)
    OSDbg_QFlushEn                           0x080059ce   Data           1  os_dbg.o(.constdata)
    OSDbg_QPendAbortEn                       0x080059cf   Data           1  os_dbg.o(.constdata)
    OSDbg_QSize                              0x080059d0   Data           2  os_dbg.o(.constdata)
    OSDbg_SchedRoundRobinEn                  0x080059d2   Data           1  os_dbg.o(.constdata)
    OSDbg_Sem                                0x080059d4   Data          40  os_dbg.o(.constdata)
    OSDbg_SemEn                              0x080059fc   Data           1  os_dbg.o(.constdata)
    OSDbg_SemDelEn                           0x080059fd   Data           1  os_dbg.o(.constdata)
    OSDbg_SemPendAbortEn                     0x080059fe   Data           1  os_dbg.o(.constdata)
    OSDbg_SemSetEn                           0x080059ff   Data           1  os_dbg.o(.constdata)
    OSDbg_SemSize                            0x08005a00   Data           2  os_dbg.o(.constdata)
    OSDbg_RdyList                            0x08005a02   Data           2  os_dbg.o(.constdata)
    OSDbg_RdyListSize                        0x08005a04   Data           4  os_dbg.o(.constdata)
    OSDbg_StkWidth                           0x08005a08   Data           1  os_dbg.o(.constdata)
    OSDbg_StatTaskEn                         0x08005a09   Data           1  os_dbg.o(.constdata)
    OSDbg_StatTaskStkChkEn                   0x08005a0a   Data           1  os_dbg.o(.constdata)
    OSDbg_TaskChangePrioEn                   0x08005a0b   Data           1  os_dbg.o(.constdata)
    OSDbg_TaskDelEn                          0x08005a0c   Data           1  os_dbg.o(.constdata)
    OSDbg_TaskQEn                            0x08005a0d   Data           1  os_dbg.o(.constdata)
    OSDbg_TaskQPendAbortEn                   0x08005a0e   Data           1  os_dbg.o(.constdata)
    OSDbg_TaskProfileEn                      0x08005a0f   Data           1  os_dbg.o(.constdata)
    OSDbg_TaskRegTblSize                     0x08005a10   Data           2  os_dbg.o(.constdata)
    OSDbg_TaskSemPendAbortEn                 0x08005a12   Data           1  os_dbg.o(.constdata)
    OSDbg_TaskSuspendEn                      0x08005a13   Data           1  os_dbg.o(.constdata)
    OSDbg_TCBSize                            0x08005a14   Data           2  os_dbg.o(.constdata)
    OSDbg_TickListSize                       0x08005a16   Data           2  os_dbg.o(.constdata)
    OSDbg_TimeDlyHMSMEn                      0x08005a18   Data           1  os_dbg.o(.constdata)
    OSDbg_TimeDlyResumeEn                    0x08005a19   Data           1  os_dbg.o(.constdata)
    OSDbg_TLS_TblSize                        0x08005a1a   Data           2  os_dbg.o(.constdata)
    OSDbg_Tmr                                0x08005a1c   Data          48  os_dbg.o(.constdata)
    OSDbg_TmrEn                              0x08005a4c   Data           1  os_dbg.o(.constdata)
    OSDbg_TmrDelEn                           0x08005a4d   Data           1  os_dbg.o(.constdata)
    OSDbg_TmrSize                            0x08005a4e   Data           2  os_dbg.o(.constdata)
    OSDbg_VersionNbr                         0x08005a50   Data           2  os_dbg.o(.constdata)
    OSDbg_DataSize                           0x08005a54   Data           4  os_dbg.o(.constdata)
    Region$$Table$$Base                      0x08005a58   Number         0  anon$$obj.o(Region$$Table)
    Region$$Table$$Limit                     0x08005a78   Number         0  anon$$obj.o(Region$$Table)
    speed                                    0x20000010   Data           1  app.o(.data)
    Date_R                                   0x20000014   Data           4  app.o(.data)
    Date                                     0x20000018   Data           8  bsp_can.o(.data)
    angle                                    0x20000020   Data           2  bsp_can.o(.data)
    control_mode                             0x20000022   Data           1  bsp_can.o(.data)
    duizhong                                 0x20000023   Data           1  bsp_can.o(.data)
    DataRx                                   0x20000024   Data           4  bsp_can.o(.data)
    err                                      0x20000028   Data           2  bsp_can.o(.data)
    CPU_TS_TmrFreq_Hz                        0x2000002c   Data           4  cpu_core.o(.data)
    Mem_SegHeadPtr                           0x20000030   Data           4  lib_mem.o(.data)
    OSPrioTbl                                0x20000034   Data           8  os_prio.o(.data)
    OS_AppTaskCreateHookPtr                  0x2000003c   Data           4  os_var.o(.data)
    OS_AppTaskDelHookPtr                     0x20000040   Data           4  os_var.o(.data)
    OS_AppTaskReturnHookPtr                  0x20000044   Data           4  os_var.o(.data)
    OS_AppIdleTaskHookPtr                    0x20000048   Data           4  os_var.o(.data)
    OS_AppStatTaskHookPtr                    0x2000004c   Data           4  os_var.o(.data)
    OS_AppTaskSwHookPtr                      0x20000050   Data           4  os_var.o(.data)
    OS_AppTimeTickHookPtr                    0x20000054   Data           4  os_var.o(.data)
    OSIdleTaskCtr                            0x20000058   Data           4  os_var.o(.data)
    OSIntNestingCtr                          0x2000005c   Data           1  os_var.o(.data)
    OSRunning                                0x2000005d   Data           1  os_var.o(.data)
    OSFlagDbgListPtr                         0x20000060   Data           4  os_var.o(.data)
    OSFlagQty                                0x20000064   Data           2  os_var.o(.data)
    OSMemDbgListPtr                          0x20000068   Data           4  os_var.o(.data)
    OSMemQty                                 0x2000006c   Data           2  os_var.o(.data)
    OSMutexDbgListPtr                        0x20000070   Data           4  os_var.o(.data)
    OSMutexQty                               0x20000074   Data           2  os_var.o(.data)
    OSPrioCur                                0x20000076   Data           1  os_var.o(.data)
    OSPrioHighRdy                            0x20000077   Data           1  os_var.o(.data)
    OSPrioSaved                              0x20000078   Data           1  os_var.o(.data)
    OSQDbgListPtr                            0x2000007c   Data           4  os_var.o(.data)
    OSQQty                                   0x20000080   Data           2  os_var.o(.data)
    OSSchedLockTimeBegin                     0x20000084   Data           4  os_var.o(.data)
    OSSchedLockTimeMax                       0x20000088   Data           4  os_var.o(.data)
    OSSchedLockTimeMaxCur                    0x2000008c   Data           4  os_var.o(.data)
    OSSchedLockNestingCtr                    0x20000090   Data           1  os_var.o(.data)
    OSSemDbgListPtr                          0x20000094   Data           4  os_var.o(.data)
    OSSemQty                                 0x20000098   Data           2  os_var.o(.data)
    OSStatResetFlag                          0x2000009a   Data           1  os_var.o(.data)
    OSStatTaskCPUUsage                       0x2000009c   Data           2  os_var.o(.data)
    OSStatTaskCPUUsageMax                    0x2000009e   Data           2  os_var.o(.data)
    OSStatTaskCtr                            0x200000a0   Data           4  os_var.o(.data)
    OSStatTaskCtrMax                         0x200000a4   Data           4  os_var.o(.data)
    OSStatTaskCtrRun                         0x200000a8   Data           4  os_var.o(.data)
    OSStatTaskRdy                            0x200000ac   Data           1  os_var.o(.data)
    OSStatTaskTimeMax                        0x200000b0   Data           4  os_var.o(.data)
    OSTaskCtxSwCtr                           0x200000b4   Data           4  os_var.o(.data)
    OSTaskDbgListPtr                         0x200000b8   Data           4  os_var.o(.data)
    OSTaskQty                                0x200000bc   Data           2  os_var.o(.data)
    OSTaskRegNextAvailID                     0x200000be   Data           1  os_var.o(.data)
    OSTickCtr                                0x200000c0   Data           4  os_var.o(.data)
    OSTickTaskTimeMax                        0x200000c4   Data           4  os_var.o(.data)
    OSTickListDly                            0x200000c8   Data           8  os_var.o(.data)
    OSTickListTimeout                        0x200000d0   Data           8  os_var.o(.data)
    OSTmrDbgListPtr                          0x200000d8   Data           4  os_var.o(.data)
    OSTmrListEntries                         0x200000dc   Data           2  os_var.o(.data)
    OSTmrListPtr                             0x200000e0   Data           4  os_var.o(.data)
    OSTmrQty                                 0x200000e4   Data           2  os_var.o(.data)
    OSTmrTaskTimeMax                         0x200000e8   Data           4  os_var.o(.data)
    OSTmrTickCtr                             0x200000ec   Data           4  os_var.o(.data)
    OSTmrUpdateCnt                           0x200000f0   Data           4  os_var.o(.data)
    OSTmrUpdateCtr                           0x200000f4   Data           4  os_var.o(.data)
    OSTCBCurPtr                              0x200000f8   Data           4  os_var.o(.data)
    OSTCBHighRdyPtr                          0x200000fc   Data           4  os_var.o(.data)
    OS_CPU_ExceptStkBase                     0x20000100   Data           4  os_cpu_c.o(.data)
    __stdout                                 0x20000104   Data           4  stdout.o(.data)
    AppTaskUsartTCB                          0x200004c8   Data         192  app.o(.bss)
    AppTaskUsartTxTCB                        0x20000588   Data         192  app.o(.bss)
    AppTaskUsartTCB1                         0x20000648   Data         192  app.o(.bss)
    AppTaskUsartTxTCB1                       0x20000708   Data         192  app.o(.bss)
    MyPartition                              0x200029c8   Data          32  app.o(.bss)
    MyPartitionStorage                       0x200029e8   Data         144  app.o(.bss)
    TxMessage                                0x20002a78   Data          20  app.o(.bss)
    GloDataUToC                              0x20002a8c   Data          12  app.o(.bss)
    RxMessage                                0x20002a98   Data          20  bsp_can.o(.bss)
    data                                     0x20002aac   Data          20  bsp_rs232_usart.o(.bss)
    CPU_Name                                 0x20002ac0   Data          16  cpu_core.o(.bss)
    Mem_Heap                                 0x20002ad0   Data        3072  lib_mem.o(.bss)
    Mem_SegHeap                              0x200036d0   Data          20  lib_mem.o(.bss)
    OSCfg_IdleTaskStk                        0x200036e4   Data         256  os_cfg_app.o(.bss)
    OSCfg_ISRStk                             0x200037e4   Data         400  os_cfg_app.o(.bss)
    OSCfg_MsgPool                            0x20003974   Data        1600  os_cfg_app.o(.bss)
    OSCfg_StatTaskStk                        0x20003fb4   Data         400  os_cfg_app.o(.bss)
    OSCfg_TickTaskStk                        0x20004144   Data         400  os_cfg_app.o(.bss)
    OSCfg_TmrTaskStk                         0x200042d4   Data         400  os_cfg_app.o(.bss)
    OSIdleTaskTCB                            0x20004464   Data         192  os_var.o(.bss)
    OSMsgPool                                0x20004524   Data          12  os_var.o(.bss)
    OSRdyList                                0x20004530   Data         768  os_var.o(.bss)
    OSStatTaskTCB                            0x20004830   Data         192  os_var.o(.bss)
    OSTickTaskTCB                            0x200048f0   Data         192  os_var.o(.bss)
    OSTmrMutex                               0x200049b0   Data          48  os_var.o(.bss)
    OSTmrTaskTCB                             0x200049e0   Data         192  os_var.o(.bss)
    __initial_sp                             0x20005aa0   Data           0  startup_stm32f429_439xx.o(STACK)



==============================================================================

Memory Map of the image

  Image Entry point : 0x080001ad

  Load Region LR_IROM1 (Base: 0x08000000, Size: 0x00005b80, Max: 0x00100000, ABSOLUTE)

    Execution Region ER_IROM1 (Base: 0x08000000, Size: 0x00005a78, Max: 0x00100000, ABSOLUTE)

    Base Addr    Size         Type   Attr      Idx    E Section Name        Object

    0x08000000   0x000001ac   Data   RO            3    RESET               startup_stm32f429_439xx.o
    0x080001ac   0x00000000   Code   RO         7696  * .ARM.Collect$$$$00000000  mc_w.l(entry.o)
    0x080001ac   0x00000004   Code   RO         7961    .ARM.Collect$$$$00000001  mc_w.l(entry2.o)
    0x080001b0   0x00000004   Code   RO         7964    .ARM.Collect$$$$00000004  mc_w.l(entry5.o)
    0x080001b4   0x00000000   Code   RO         7966    .ARM.Collect$$$$00000008  mc_w.l(entry7b.o)
    0x080001b4   0x00000000   Code   RO         7968    .ARM.Collect$$$$0000000A  mc_w.l(entry8b.o)
    0x080001b4   0x00000008   Code   RO         7969    .ARM.Collect$$$$0000000B  mc_w.l(entry9a.o)
    0x080001bc   0x00000000   Code   RO         7971    .ARM.Collect$$$$0000000D  mc_w.l(entry10a.o)
    0x080001bc   0x00000000   Code   RO         7973    .ARM.Collect$$$$0000000F  mc_w.l(entry11a.o)
    0x080001bc   0x00000004   Code   RO         7962    .ARM.Collect$$$$00002712  mc_w.l(entry2.o)
    0x080001c0   0x0000004c   Code   RO            4    .text               startup_stm32f429_439xx.o
    0x0800020c   0x00000034   Code   RO         5984    .text               cpu_a.o
    0x08000240   0x00000024   Code   RO         7993    .text               mc_w.l(init.o)
    0x08000264   0x0000010c   Code   RO         7608    CODE                os_cpu_a.o
    0x08000370   0x0000003c   Code   RO         5233    i.AppTaskCanTx      app.o
    0x080003ac   0x00000012   Code   RO         5234    i.AppTaskLed1       app.o
    0x080003be   0x00000002   PAD
    0x080003c0   0x00000054   Code   RO         5235    i.AppTaskLed2       app.o
    0x08000414   0x00000030   Code   RO         5236    i.AppTaskLed3       app.o
    0x08000444   0x000002b0   Code   RO         5237    i.AppTaskStart      app.o
    0x080006f4   0x000000d0   Code   RO         5238    i.AppTaskUsart      app.o
    0x080007c4   0x0000002c   Code   RO         5239    i.AppTaskUsart11    app.o
    0x080007f0   0x00000094   Code   RO         5240    i.AppTaskUsartTx    app.o
    0x08000884   0x00000048   Code   RO         5241    i.AppTaskUsartTx1   app.o
    0x080008cc   0x0000000e   Code   RO         5536    i.BSP_CPU_ClkFreq   bsp.o
    0x080008da   0x00000002   PAD
    0x080008dc   0x00000058   Code   RO         5537    i.BSP_Init          bsp.o
    0x08000934   0x0000004c   Code   RO         5807    i.BrakeSpeedSet     bsp_general_tim.o
    0x08000980   0x00000004   Code   RO         5158    i.BusFault_Handler  stm32f4xx_it.o
    0x08000984   0x00000094   Code   RO         5632    i.CAN1_RX0_IRQHandler  bsp_can.o
    0x08000a18   0x00000014   Code   RO         5633    i.CAN_Config        bsp_can.o
    0x08000a2c   0x00000038   Code   RO          463    i.CAN_DeInit        stm32f4xx_can.o
    0x08000a64   0x00000108   Code   RO          465    i.CAN_FilterInit    stm32f4xx_can.o
    0x08000b6c   0x00000040   Code   RO         5634    i.CAN_Filter_Config  bsp_can.o
    0x08000bac   0x0000005c   Code   RO         5635    i.CAN_GPIO_Config   bsp_can.o
    0x08000c08   0x00000012   Code   RO          471    i.CAN_ITConfig      stm32f4xx_can.o
    0x08000c1a   0x00000114   Code   RO          472    i.CAN_Init          stm32f4xx_can.o
    0x08000d2e   0x00000002   PAD
    0x08000d30   0x00000060   Code   RO         5636    i.CAN_Mode_Config   bsp_can.o
    0x08000d90   0x00000028   Code   RO         5637    i.CAN_NVIC_Config   bsp_can.o
    0x08000db8   0x000000f0   Code   RO          475    i.CAN_Receive       stm32f4xx_can.o
    0x08000ea8   0x0000006c   Code   RO         5638    i.CAN_SetMsg        bsp_can.o
    0x08000f14   0x00000020   Code   RO          478    i.CAN_StructInit    stm32f4xx_can.o
    0x08000f34   0x00000126   Code   RO          480    i.CAN_Transmit      stm32f4xx_can.o
    0x0800105a   0x0000000c   Code   RO         5866    i.CPU_Init          cpu_core.o
    0x08001066   0x00000002   PAD
    0x08001068   0x00000030   Code   RO         5867    i.CPU_NameClr       cpu_core.o
    0x08001098   0x00000008   Code   RO         5869    i.CPU_NameInit      cpu_core.o
    0x080010a0   0x00000004   Code   RO         5871    i.CPU_SW_Exception  cpu_core.o
    0x080010a4   0x00000014   Code   RO         5873    i.CPU_TS_Init       cpu_core.o
    0x080010b8   0x0000000c   Code   RO         5875    i.CPU_TS_TmrFreqSet  cpu_core.o
    0x080010c4   0x00000034   Code   RO         5540    i.CPU_TS_TmrInit    bsp.o
    0x080010f8   0x0000000c   Code   RO         5541    i.CPU_TS_TmrRd      bsp.o
    0x08001104   0x00000018   Code   RO         5491    i.CheckSum          protocol.o
    0x0800111c   0x00000054   Code   RO         5808    i.DIR_GPIO_Config   bsp_general_tim.o
    0x08001170   0x00000002   Code   RO         5159    i.DebugMon_Handler  stm32f4xx_it.o
    0x08001172   0x00000002   PAD
    0x08001174   0x0000010c   Code   RO         5699    i.Debug_USART_Config  bsp_rs232_usart.o
    0x08001280   0x00000090   Code   RO         2043    i.GPIO_Init         stm32f4xx_gpio.o
    0x08001310   0x00000046   Code   RO         2044    i.GPIO_PinAFConfig  stm32f4xx_gpio.o
    0x08001356   0x00000012   Code   RO         2047    i.GPIO_ReadInputDataBit  stm32f4xx_gpio.o
    0x08001368   0x00000012   Code   RO         2049    i.GPIO_ReadOutputDataBit  stm32f4xx_gpio.o
    0x0800137a   0x00000004   Code   RO         2050    i.GPIO_ResetBits    stm32f4xx_gpio.o
    0x0800137e   0x00000004   Code   RO         2051    i.GPIO_SetBits      stm32f4xx_gpio.o
    0x08001382   0x00000002   Code   RO         5160    i.HardFault_Handler  stm32f4xx_it.o
    0x08001384   0x00000094   Code   RO         5603    i.LED_GPIO_Config   bsp_led.o
    0x08001418   0x0000002c   Code   RO         5604    i.LED_Init          bsp_led.o
    0x08001444   0x00000004   Code   RO         5161    i.MemManage_Handler  stm32f4xx_it.o
    0x08001448   0x00000012   Code   RO         6186    i.Mem_Clr           lib_mem.o
    0x0800145a   0x00000002   PAD
    0x0800145c   0x0000004c   Code   RO         6196    i.Mem_Init          lib_mem.o
    0x080014a8   0x0000004a   Code   RO         6209    i.Mem_SegCreate     lib_mem.o
    0x080014f2   0x00000002   PAD
    0x080014f4   0x00000020   Code   RO         6210    i.Mem_SegCreateCritical  lib_mem.o
    0x08001514   0x00000054   Code   RO         6213    i.Mem_Set           lib_mem.o
    0x08001568   0x00000046   Code   RO         5492    i.Msg_Process       protocol.o
    0x080015ae   0x00000002   Code   RO         5162    i.NMI_Handler       stm32f4xx_it.o
    0x080015b0   0x00000032   Code   RO         5700    i.NVIC_Configuration  bsp_rs232_usart.o
    0x080015e2   0x00000002   PAD
    0x080015e4   0x00000078   Code   RO          161    i.NVIC_Init         misc.o
    0x0800165c   0x00000014   Code   RO          162    i.NVIC_PriorityGroupConfig  misc.o
    0x08001670   0x00000002   Code   RO         6521    i.OSCfg_Init        os_cfg_app.o
    0x08001672   0x00000002   PAD
    0x08001674   0x00000014   Code   RO         7611    i.OSIdleTaskHook    os_cpu_c.o
    0x08001688   0x00000164   Code   RO         6544    i.OSInit            os_core.o
    0x080017ec   0x00000028   Code   RO         7612    i.OSInitHook        os_cpu_c.o
    0x08001814   0x0000002c   Code   RO         6545    i.OSIntEnter        os_core.o
    0x08001840   0x000000dc   Code   RO         6546    i.OSIntExit         os_core.o
    0x0800191c   0x000000e0   Code   RO         6865    i.OSMemCreate       os_mem.o
    0x080019fc   0x00000064   Code   RO         6866    i.OSMemGet          os_mem.o
    0x08001a60   0x00000070   Code   RO         6937    i.OSMutexCreate     os_mutex.o
    0x08001ad0   0x000001d0   Code   RO         6939    i.OSMutexPend       os_mutex.o
    0x08001ca0   0x0000018c   Code   RO         6941    i.OSMutexPost       os_mutex.o
    0x08001e2c   0x000000a4   Code   RO         6547    i.OSSched           os_core.o
    0x08001ed0   0x00000060   Code   RO         6548    i.OSSchedLock       os_core.o
    0x08001f30   0x00000080   Code   RO         6549    i.OSSchedUnlock     os_core.o
    0x08001fb0   0x00000068   Code   RO         6550    i.OSStart           os_core.o
    0x08002018   0x00000128   Code   RO         7208    i.OSStatReset       os_stat.o
    0x08002140   0x000000f0   Code   RO         7209    i.OSStatTaskCPUUsageInit  os_stat.o
    0x08002230   0x00000014   Code   RO         7613    i.OSStatTaskHook    os_cpu_c.o
    0x08002244   0x00000190   Code   RO         7239    i.OSTaskCreate      os_task.o
    0x080023d4   0x00000018   Code   RO         7614    i.OSTaskCreateHook  os_cpu_c.o
    0x080023ec   0x00000188   Code   RO         7240    i.OSTaskDel         os_task.o
    0x08002574   0x00000018   Code   RO         7615    i.OSTaskDelHook     os_cpu_c.o
    0x0800258c   0x000001c0   Code   RO         7242    i.OSTaskQPend       os_task.o
    0x0800274c   0x00000052   Code   RO         7244    i.OSTaskQPost       os_task.o
    0x0800279e   0x00000002   PAD
    0x080027a0   0x00000054   Code   RO         7248    i.OSTaskResume      os_task.o
    0x080027f4   0x00000018   Code   RO         7616    i.OSTaskReturnHook  os_cpu_c.o
    0x0800280c   0x000001c8   Code   RO         7249    i.OSTaskSemPend     os_task.o
    0x080029d4   0x0000003e   Code   RO         7251    i.OSTaskSemPost     os_task.o
    0x08002a12   0x00000002   PAD
    0x08002a14   0x000000c0   Code   RO         7253    i.OSTaskStkChk      os_task.o
    0x08002ad4   0x000002c4   Code   RO         7617    i.OSTaskStkInit     os_cpu_c.o
    0x08002d98   0x00000024   Code   RO         7254    i.OSTaskSuspend     os_task.o
    0x08002dbc   0x000000b8   Code   RO         7618    i.OSTaskSwHook      os_cpu_c.o
    0x08002e74   0x000000a4   Code   RO         7458    i.OSTimeDly         os_time.o
    0x08002f18   0x00000044   Code   RO         7463    i.OSTimeTick        os_time.o
    0x08002f5c   0x00000014   Code   RO         7619    i.OSTimeTickHook    os_cpu_c.o
    0x08002f70   0x00000038   Code   RO         7620    i.OS_CPU_SysTickHandler  os_cpu_c.o
    0x08002fa8   0x00000030   Code   RO         7621    i.OS_CPU_SysTickInit  os_cpu_c.o
    0x08002fd8   0x000001a8   Code   RO         6760    i.OS_Dbg_Init       os_dbg.o
    0x08003180   0x00000018   Code   RO         6785    i.OS_FlagInit       os_flag.o
    0x08003198   0x00000044   Code   RO         6552    i.OS_IdleTask       os_core.o
    0x080031dc   0x00000070   Code   RO         6553    i.OS_IdleTaskInit   os_core.o
    0x0800324c   0x00000028   Code   RO         6868    i.OS_MemDbgListAdd  os_mem.o
    0x08003274   0x00000018   Code   RO         6869    i.OS_MemInit        os_mem.o
    0x0800328c   0x0000007c   Code   RO         6901    i.OS_MsgPoolInit    os_msg.o
    0x08003308   0x00000044   Code   RO         6902    i.OS_MsgQFreeAll    os_msg.o
    0x0800334c   0x00000068   Code   RO         6903    i.OS_MsgQGet        os_msg.o
    0x080033b4   0x0000000e   Code   RO         6904    i.OS_MsgQInit       os_msg.o
    0x080033c2   0x00000002   PAD
    0x080033c4   0x00000104   Code   RO         6905    i.OS_MsgQPut        os_msg.o
    0x080034c8   0x00000030   Code   RO         6943    i.OS_MutexDbgListAdd  os_mutex.o
    0x080034f8   0x00000008   Code   RO         6945    i.OS_MutexGrpAdd    os_mutex.o
    0x08003500   0x00000060   Code   RO         6946    i.OS_MutexGrpPostAll  os_mutex.o
    0x08003560   0x0000002c   Code   RO         6947    i.OS_MutexGrpPrioFindHighest  os_mutex.o
    0x0800358c   0x0000001c   Code   RO         6948    i.OS_MutexGrpRemove  os_mutex.o
    0x080035a8   0x00000018   Code   RO         6949    i.OS_MutexInit      os_mutex.o
    0x080035c0   0x00000068   Code   RO         6554    i.OS_Pend           os_core.o
    0x08003628   0x00000028   Code   RO         6557    i.OS_PendDataInit   os_core.o
    0x08003650   0x0000005c   Code   RO         6558    i.OS_PendDbgNameAdd  os_core.o
    0x080036ac   0x00000024   Code   RO         6559    i.OS_PendDbgNameRemove  os_core.o
    0x080036d0   0x0000003a   Code   RO         6560    i.OS_PendListChangePrio  os_core.o
    0x0800370a   0x0000000a   Code   RO         6561    i.OS_PendListInit   os_core.o
    0x08003714   0x00000066   Code   RO         6563    i.OS_PendListInsertPrio  os_core.o
    0x0800377a   0x00000034   Code   RO         6564    i.OS_PendListRemove  os_core.o
    0x080037ae   0x00000042   Code   RO         6565    i.OS_PendListRemove1  os_core.o
    0x080037f0   0x000000d6   Code   RO         6568    i.OS_Post           os_core.o
    0x080038c6   0x0000002c   Code   RO         6569    i.OS_Post1          os_core.o
    0x080038f2   0x00000002   PAD
    0x080038f4   0x00000028   Code   RO         7027    i.OS_PrioGetHighest  os_prio.o
    0x0800391c   0x00000018   Code   RO         7028    i.OS_PrioInit       os_prio.o
    0x08003934   0x00000024   Code   RO         7029    i.OS_PrioInsert     os_prio.o
    0x08003958   0x00000024   Code   RO         7030    i.OS_PrioRemove     os_prio.o
    0x0800397c   0x00000018   Code   RO         7073    i.OS_QInit          os_q.o
    0x08003994   0x00000024   Code   RO         6570    i.OS_RdyListInit    os_core.o
    0x080039b8   0x0000002c   Code   RO         6571    i.OS_RdyListInsert  os_core.o
    0x080039e4   0x00000040   Code   RO         6572    i.OS_RdyListInsertHead  os_core.o
    0x08003a24   0x0000003c   Code   RO         6573    i.OS_RdyListInsertTail  os_core.o
    0x08003a60   0x0000005c   Code   RO         6575    i.OS_RdyListRemove  os_core.o
    0x08003abc   0x0000001c   Code   RO         6576    i.OS_SchedLockTimeMeasStart  os_core.o
    0x08003ad8   0x0000003c   Code   RO         6577    i.OS_SchedLockTimeMeasStop  os_core.o
    0x08003b14   0x00000018   Code   RO         7145    i.OS_SemInit        os_sem.o
    0x08003b2c   0x000002e8   Code   RO         7210    i.OS_StatTask       os_stat.o
    0x08003e14   0x000000cc   Code   RO         7211    i.OS_StatTaskInit   os_stat.o
    0x08003ee0   0x0000002c   Code   RO         6578    i.OS_TaskBlock      os_core.o
    0x08003f0c   0x000000ec   Code   RO         7255    i.OS_TaskChangePrio  os_task.o
    0x08003ff8   0x00000030   Code   RO         7256    i.OS_TaskDbgListAdd  os_task.o
    0x08004028   0x00000044   Code   RO         7257    i.OS_TaskDbgListRemove  os_task.o
    0x0800406c   0x00000020   Code   RO         7258    i.OS_TaskInit       os_task.o
    0x0800408c   0x000000bc   Code   RO         7259    i.OS_TaskInitTCB    os_task.o
    0x08004148   0x000000e0   Code   RO         7260    i.OS_TaskQPost      os_task.o
    0x08004228   0x00000100   Code   RO         7261    i.OS_TaskResume     os_task.o
    0x08004328   0x00000018   Code   RO         7262    i.OS_TaskReturn     os_task.o
    0x08004340   0x000001c4   Code   RO         7263    i.OS_TaskSemPost    os_task.o
    0x08004504   0x00000118   Code   RO         7264    i.OS_TaskSuspend    os_task.o
    0x0800461c   0x00000086   Code   RO         7406    i.OS_TickListInsert  os_tick.o
    0x080046a2   0x00000002   PAD
    0x080046a4   0x000000bc   Code   RO         7407    i.OS_TickListInsertDly  os_tick.o
    0x08004760   0x00000058   Code   RO         7408    i.OS_TickListRemove  os_tick.o
    0x080047b8   0x00000002   Code   RO         7409    i.OS_TickListResetPeak  os_tick.o
    0x080047ba   0x00000002   PAD
    0x080047bc   0x00000098   Code   RO         7410    i.OS_TickListUpdateDly  os_tick.o
    0x08004854   0x00000114   Code   RO         7411    i.OS_TickListUpdateTimeout  os_tick.o
    0x08004968   0x00000064   Code   RO         7412    i.OS_TickTask       os_tick.o
    0x080049cc   0x000000c8   Code   RO         7413    i.OS_TickTaskInit   os_tick.o
    0x08004a94   0x00000134   Code   RO         7509    i.OS_TmrInit        os_tmr.o
    0x08004bc8   0x00000018   Code   RO         7510    i.OS_TmrLock        os_tmr.o
    0x08004be0   0x00000002   Code   RO         7511    i.OS_TmrResetPeak   os_tmr.o
    0x08004be2   0x00000002   PAD
    0x08004be4   0x00000094   Code   RO         7512    i.OS_TmrTask        os_tmr.o
    0x08004c78   0x00000044   Code   RO         7513    i.OS_TmrUnlink      os_tmr.o
    0x08004cbc   0x00000014   Code   RO         7514    i.OS_TmrUnlock      os_tmr.o
    0x08004cd0   0x00000020   Code   RO         2957    i.RCC_AHB1PeriphClockCmd  stm32f4xx_rcc.o
    0x08004cf0   0x00000020   Code   RO         2966    i.RCC_APB1PeriphClockCmd  stm32f4xx_rcc.o
    0x08004d10   0x00000020   Code   RO         2968    i.RCC_APB1PeriphResetCmd  stm32f4xx_rcc.o
    0x08004d30   0x00000020   Code   RO         2969    i.RCC_APB2PeriphClockCmd  stm32f4xx_rcc.o
    0x08004d50   0x000000e8   Code   RO         2978    i.RCC_GetClocksFreq  stm32f4xx_rcc.o
    0x08004e38   0x00000002   Code   RO         5164    i.SVC_Handler       stm32f4xx_it.o
    0x08004e3a   0x00000002   PAD
    0x08004e3c   0x00000120   Code   RO           13    i.SetSysClock       system_stm32f4xx.o
    0x08004f5c   0x00000068   Code   RO           15    i.SystemInit        system_stm32f4xx.o
    0x08004fc4   0x00000018   Code   RO         4350    i.TIM_Cmd           stm32f4xx_tim.o
    0x08004fdc   0x0000007c   Code   RO         4379    i.TIM_OC1Init       stm32f4xx_tim.o
    0x08005058   0x00000012   Code   RO         4382    i.TIM_OC1PreloadConfig  stm32f4xx_tim.o
    0x0800506a   0x00000002   PAD
    0x0800506c   0x000000a4   Code   RO         4384    i.TIM_OC2Init       stm32f4xx_tim.o
    0x08005110   0x0000001a   Code   RO         4387    i.TIM_OC2PreloadConfig  stm32f4xx_tim.o
    0x0800512a   0x00000002   PAD
    0x0800512c   0x000000a0   Code   RO         4389    i.TIM_OC3Init       stm32f4xx_tim.o
    0x080051cc   0x00000012   Code   RO         4392    i.TIM_OC3PreloadConfig  stm32f4xx_tim.o
    0x080051de   0x00000002   PAD
    0x080051e0   0x00000078   Code   RO         4394    i.TIM_OC4Init       stm32f4xx_tim.o
    0x08005258   0x0000001a   Code   RO         4396    i.TIM_OC4PreloadConfig  stm32f4xx_tim.o
    0x08005272   0x00000098   Code   RO         5809    i.TIM_PWMOUTPUT_Config  bsp_general_tim.o
    0x0800530a   0x00000004   Code   RO         4413    i.TIM_SetCompare2   stm32f4xx_tim.o
    0x0800530e   0x00000002   PAD
    0x08005310   0x00000084   Code   RO         4422    i.TIM_TimeBaseInit  stm32f4xx_tim.o
    0x08005394   0x00000010   Code   RO         5810    i.TIMx_Configuration  bsp_general_tim.o
    0x080053a4   0x00000088   Code   RO         5811    i.TIMx_GPIO_Config  bsp_general_tim.o
    0x0800542c   0x00000088   Code   RO         5701    i.USART1_IRQHandler  bsp_rs232_usart.o
    0x080054b4   0x00000088   Code   RO         5702    i.USART2_IRQHandler  bsp_rs232_usart.o
    0x0800553c   0x00000018   Code   RO         4904    i.USART_Cmd         stm32f4xx_usart.o
    0x08005554   0x0000001a   Code   RO         4907    i.USART_GetFlagStatus  stm32f4xx_usart.o
    0x0800556e   0x00000054   Code   RO         4908    i.USART_GetITStatus  stm32f4xx_usart.o
    0x080055c2   0x0000004a   Code   RO         4910    i.USART_ITConfig    stm32f4xx_usart.o
    0x0800560c   0x000000d4   Code   RO         4911    i.USART_Init        stm32f4xx_usart.o
    0x080056e0   0x0000000a   Code   RO         4918    i.USART_ReceiveData  stm32f4xx_usart.o
    0x080056ea   0x00000008   Code   RO         4921    i.USART_SendData    stm32f4xx_usart.o
    0x080056f2   0x00000004   Code   RO         5166    i.UsageFault_Handler  stm32f4xx_it.o
    0x080056f6   0x0000001e   Code   RO         5703    i.Usart_SendByte    bsp_rs232_usart.o
    0x08005714   0x00000020   Code   RO         5704    i.Usart_SendStr_length  bsp_rs232_usart.o
    0x08005734   0x0000001c   Code   RO         5705    i.Usart_SendString  bsp_rs232_usart.o
    0x08005750   0x00000010   Code   RO         7702    i.__0printf$bare    mc_w.l(printfb.o)
    0x08005760   0x0000000e   Code   RO         8001    i.__scatterload_copy  mc_w.l(handlers.o)
    0x0800576e   0x00000002   Code   RO         8002    i.__scatterload_null  mc_w.l(handlers.o)
    0x08005770   0x0000000e   Code   RO         8003    i.__scatterload_zeroinit  mc_w.l(handlers.o)
    0x0800577e   0x00000022   Code   RO         7709    i._printf_core      mc_w.l(printfb.o)
    0x080057a0   0x00000024   Code   RO         5707    i.fputc             bsp_rs232_usart.o
    0x080057c4   0x00000034   Code   RO         5783    i.key_init          bsp_key.o
    0x080057f8   0x00000060   Code   RO         5242    i.main              app.o
    0x08005858   0x00000094   Data   RO         6523    .constdata          os_cfg_app.o
    0x080058ec   0x0000016c   Data   RO         6761    .constdata          os_dbg.o
    0x08005a58   0x00000020   Data   RO         7999    Region$$Table       anon$$obj.o


    Execution Region RW_IRAM1 (Base: 0x20000000, Size: 0x00005aa0, Max: 0x00030000, ABSOLUTE)

    Base Addr    Size         Type   Attr      Idx    E Section Name        Object

    0x20000000   0x00000010   Data   RW         3010    .data               stm32f4xx_rcc.o
    0x20000010   0x00000008   Data   RW         5244    .data               app.o
    0x20000018   0x00000012   Data   RW         5641    .data               bsp_can.o
    0x2000002a   0x00000002   Data   RW         5709    .data               bsp_rs232_usart.o
    0x2000002c   0x00000004   Data   RW         5879    .data               cpu_core.o
    0x20000030   0x00000004   Data   RW         6215    .data               lib_mem.o
    0x20000034   0x00000008   Data   RW         7031    .data               os_prio.o
    0x2000003c   0x000000c4   Data   RW         7595    .data               os_var.o
    0x20000100   0x00000004   Data   RW         7622    .data               os_cpu_c.o
    0x20000104   0x00000004   Data   RW         7975    .data               mc_w.l(stdout.o)
    0x20000108   0x00002990   Zero   RW         5243    .bss                app.o
    0x20002a98   0x00000014   Zero   RW         5640    .bss                bsp_can.o
    0x20002aac   0x00000014   Zero   RW         5708    .bss                bsp_rs232_usart.o
    0x20002ac0   0x00000010   Zero   RW         5877    .bss                cpu_core.o
    0x20002ad0   0x00000c14   Zero   RW         6214    .bss                lib_mem.o
    0x200036e4   0x00000d80   Zero   RW         6522    .bss                os_cfg_app.o
    0x20004464   0x0000063c   Zero   RW         7594    .bss                os_var.o
    0x20004aa0   0x00001000   Zero   RW            1    STACK               startup_stm32f429_439xx.o


==============================================================================

Image component sizes


      Code (inc. data)   RO Data    RW Data    ZI Data      Debug   Object Name

      1466        360          0          8      10640      38552   app.o
       166         62          0          0          0       2361   bsp.o
       568         46          0         18         20       5570   bsp_can.o
       464         16          0          0          0       3337   bsp_general_tim.o
        52          4          0          0          0        615   bsp_key.o
       192         16          0          0          0       1215   bsp_led.o
       716         52          0          2         20       6633   bsp_rs232_usart.o
        52          0          0          0          0        380   cpu_a.o
         0          0          0          0          0       7848   cpu_c.o
       104         18          0          4         16       5616   cpu_core.o
       284         26          0          4       3092      15805   lib_mem.o
       140         24          0          0          0       1975   misc.o
         0          0          0          0          0      38603   os_app_hooks.o
         2          0        148          0       3456      19515   os_cfg_app.o
      2538        352          0          0          0      21458   os_core.o
       268         14          0          0          0        468   os_cpu_a.o
      1168        168          0          4          0      27939   os_cpu_c.o
       424        278        364          0          0       4961   os_dbg.o
        24         10          0          0          0       1022   os_flag.o
       388         24          0          0          0       3845   os_mem.o
       570         32          0          0          0       4666   os_msg.o
      1220         56          0          0          0       7967   os_mutex.o
       136         16          0          8          0       3334   os_prio.o
        24         10          0          0          0       1023   os_q.o
        24         10          0          0          0       1017   os_sem.o
      1484        190          0          0          0       4335   os_stat.o
      3960        184          0          0          0      18368   os_task.o
      1140         88          0          0          0       7082   os_tick.o
       232         26          0          0          0       1893   os_time.o
       570        142          0          0          0       4591   os_tmr.o
         0          0          0        196       1596      17996   os_var.o
        94          0          0          0          0       1906   protocol.o
        76         16        428          0       4096       1048   startup_stm32f429_439xx.o
      1180         12          0          0          0       6646   stm32f4xx_can.o
       258          0          0          0          0       5148   stm32f4xx_gpio.o
        20          0          0          0          0       3799   stm32f4xx_it.o
       360         42          0         16          0       6156   stm32f4xx_rcc.o
       816         66          0          0          0       9371   stm32f4xx_tim.o
       438          8          0          0          0       6585   stm32f4xx_usart.o
       392         32          0          0          0     305185   system_stm32f4xx.o

    ----------------------------------------------------------------------
     22052       2400        972        260      22936     625834   Object Totals
         0          0         32          0          0          0   (incl. Generated)
        42          0          0          0          0          0   (incl. Padding)

    ----------------------------------------------------------------------

      Code (inc. data)   RO Data    RW Data    ZI Data      Debug   Library Member Name

         0          0          0          0          0          0   entry.o
         0          0          0          0          0          0   entry10a.o
         0          0          0          0          0          0   entry11a.o
         8          4          0          0          0          0   entry2.o
         4          0          0          0          0          0   entry5.o
         0          0          0          0          0          0   entry7b.o
         0          0          0          0          0          0   entry8b.o
         8          4          0          0          0          0   entry9a.o
        30          0          0          0          0          0   handlers.o
        36          8          0          0          0         68   init.o
        50          8          0          0          0        152   printfb.o
         0          0          0          4          0          0   stdout.o

    ----------------------------------------------------------------------
       136         24          0          4          0        220   Library Totals
         0          0          0          0          0          0   (incl. Padding)

    ----------------------------------------------------------------------

      Code (inc. data)   RO Data    RW Data    ZI Data      Debug   Library Name

       136         24          0          4          0        220   mc_w.l

    ----------------------------------------------------------------------
       136         24          0          4          0        220   Library Totals

    ----------------------------------------------------------------------

==============================================================================


      Code (inc. data)   RO Data    RW Data    ZI Data      Debug   

     22188       2424        972        264      22936     606506   Grand Totals
     22188       2424        972        264      22936     606506   ELF Image Totals
     22188       2424        972        264          0          0   ROM Totals

==============================================================================

    Total RO  Size (Code + RO Data)                23160 (  22.62kB)
    Total RW  Size (RW Data + ZI Data)             23200 (  22.66kB)
    Total ROM Size (Code + RO Data + RW Data)      23424 (  22.88kB)

==============================================================================

